#
# A fatal error has been detected by the Java Runtime Environment:
#
#  EXCEPTION_ACCESS_VIOLATION (0xc0000005) at pc=0x00007ffc400eb3b6, pid=246284, tid=247992
#
# JRE version: Java(TM) SE Runtime Environment (23.0.2+7) (build 23.0.2+7-58)
# Java VM: Java HotSpot(TM) 64-Bit Server VM (23.0.2+7-58, mixed mode, sharing, tiered, compressed oops, compressed class ptrs, g1 gc, windows-amd64)
# Problematic frame:
# C  [awt.dll+0xdb3b6]
#
# No core dump will be written. Minidumps are not enabled by default on client versions of Windows
#
# If you would like to submit a bug report, please visit:
#   https://bugreport.java.com/bugreport/crash.jsp
# The crash happened outside the Java Virtual Machine in native code.
# See problematic frame for where to report the bug.
#

---------------  S U M M A R Y ------------

Command Line: -Dfile.encoding=UTF-8 --enable-preview --module-path=D:\Documents\NetBeansProjects\MPHPayrollsystemApp\build\classes EmployeeSearchFrame

Host: Intel(R) Core(TM) i7-9700 CPU @ 3.00GHz, 8 cores, 31G,  Windows 11 , 64 bit Build 26100 (10.0.26100.3323)
Time: Tue May 20 19:03:40 2025 Arab Standard Time elapsed time: 13034.252791 seconds (0d 3h 37m 14s)

---------------  T H R E A D  ---------------

Current thread (0x0000021f437d7330):  JavaThread "AWT-EventQueue-0"        [_thread_in_native, id=247992, stack(0x000000c259e00000,0x000000c259f00000) (1024K)]

Stack: [0x000000c259e00000,0x000000c259f00000],  sp=0x000000c259efec10,  free space=1019k
Native frames: (J=compiled Java code, j=interpreted, Vv=VM code, C=native code)
C  [awt.dll+0xdb3b6]  (no source info available)
C  [awt.dll+0xdcbf2]  (no source info available)
C  0x0000021f6d5cd207  (no source info available)

The last pc belongs to native method entry point (kind = native) (printed below).
Java frames: (J=compiled Java code, j=interpreted, Vv=VM code)
j  sun.awt.Win32GraphicsDevice.initNativeScale(I)V+0 java.desktop@23.0.2
j  sun.awt.Win32GraphicsDevice.initScaleFactors()V+60 java.desktop@23.0.2
j  sun.awt.Win32GraphicsDevice.displayChanged()V+16 java.desktop@23.0.2
j  sun.java2d.d3d.D3DGraphicsDevice.displayChanged()V+1 java.desktop@23.0.2
j  sun.awt.Win32GraphicsEnvironment.displayChanged()V+271 java.desktop@23.0.2
j  sun.awt.windows.WToolkit.lambda$displayChanged$4()V+15 java.desktop@23.0.2
j  sun.awt.windows.WToolkit$$Lambda+0x0000021f03177ed0.run()V+0 java.desktop@23.0.2
j  java.awt.event.InvocationEvent.dispatch()V+47 java.desktop@23.0.2
j  java.awt.EventQueue.dispatchEventImpl(Ljava/awt/AWTEvent;Ljava/lang/Object;)V+21 java.desktop@23.0.2
j  java.awt.EventQueue$4.run()Ljava/lang/Void;+32 java.desktop@23.0.2
j  java.awt.EventQueue$4.run()Ljava/lang/Object;+1 java.desktop@23.0.2
j  java.security.AccessController.executePrivileged(Ljava/security/PrivilegedAction;Ljava/security/AccessControlContext;Ljava/lang/Class;)Ljava/lang/Object;+29 java.base@23.0.2
j  java.security.AccessController.doPrivileged(Ljava/security/PrivilegedAction;Ljava/security/AccessControlContext;)Ljava/lang/Object;+13 java.base@23.0.2
j  java.security.ProtectionDomain$JavaSecurityAccessImpl.doIntersectionPrivilege(Ljava/security/PrivilegedAction;Ljava/security/AccessControlContext;Ljava/security/AccessControlContext;)Ljava/lang/Object;+18 java.base@23.0.2
j  java.awt.EventQueue.dispatchEvent(Ljava/awt/AWTEvent;)V+46 java.desktop@23.0.2
j  java.awt.EventDispatchThread.pumpOneEventForFilters(I)V+81 java.desktop@23.0.2
j  java.awt.EventDispatchThread.pumpEventsForFilter(ILjava/awt/Conditional;Ljava/awt/EventFilter;)V+35 java.desktop@23.0.2
j  java.awt.EventDispatchThread.pumpEventsForHierarchy(ILjava/awt/Conditional;Ljava/awt/Component;)V+11 java.desktop@23.0.2
j  java.awt.EventDispatchThread.pumpEvents(ILjava/awt/Conditional;)V+4 java.desktop@23.0.2
j  java.awt.EventDispatchThread.pumpEvents(Ljava/awt/Conditional;)V+3 java.desktop@23.0.2
j  java.awt.EventDispatchThread.run()V+9 java.desktop@23.0.2
v  ~StubRoutines::call_stub 0x0000021f6d5c0fcd

siginfo: EXCEPTION_ACCESS_VIOLATION (0xc0000005), reading address 0x000000010000004e


Registers:
RAX=0x00000000fffffffe, RBX=0x0000021f4e97c640, RCX=0x00000000fffffffe, RDX=0x0000000000000000
RSP=0x000000c259efec10, RBP=0x000000c259efecf0, RSI=0x0000000000000000, RDI=0x0000000000000000
R8 =0x0000000000000001, R9 =0x000000c2584c3000, R10=0x0000021f6d5cd1d8, R11=0x0000000000000100
R12=0x0000000000000000, R13=0x0000021f44487480, R14=0x000000c259efed18, R15=0x0000021f437d7330
RIP=0x00007ffc400eb3b6, EFLAGS=0x0000000000010202


Register to memory mapping:

RAX=0x00000000fffffffe is an unknown value
RBX=0x0000021f4e97c640 points into unknown readable memory: 0x0000021f4eb2bcf0 | f0 bc b2 4e 1f 02 00 00
RCX=0x00000000fffffffe is an unknown value
RDX=0x0 is null
RSP=0x000000c259efec10 is pointing into the stack for thread: 0x0000021f437d7330
RBP=0x000000c259efecf0 is pointing into the stack for thread: 0x0000021f437d7330
RSI=0x0 is null
RDI=0x0 is null
R8 =0x0000000000000001 is an unknown value
R9 =0x000000c2584c3000 points into unknown readable memory: 0x0000000000000000 | 00 00 00 00 00 00 00 00
R10=0x0000021f6d5cd1d8 is at code_begin+1016 in an Interpreter codelet
native method entry point (kind = native)  [0x0000021f6d5ccde0, 0x0000021f6d5cd938]  2904 bytes
R11=0x0000000000000100 is an unknown value
R12=0x0 is null
R13={method} {0x0000021f44487488} 'initNativeScale' '(I)V' in 'sun/awt/Win32GraphicsDevice'
R14=0x000000c259efed18 is pointing into the stack for thread: 0x0000021f437d7330
R15=0x0000021f437d7330 is a thread

Top of Stack: (sp=0x000000c259efec10)
0x000000c259efec10:   0000021f4e97c640 0000000000000000
0x000000c259efec20:   0000021f43085090 0000021f4e97c640
0x000000c259efec30:   0000021f4e97c640 00007ffc400ecbf2
0x000000c259efec40:   00007ffc40149838 0000021f44487480
0x000000c259efec50:   000000c259efed00 0000021f7f3f80c0
0x000000c259efec60:   0000021f6d5c889a 0000021f6d5cd207
0x000000c259efec70:   0000021f44487480 0000000000000001
0x000000c259efec80:   0000021f437d7330 0000021f6d5c889a
0x000000c259efec90:   0000000000000000 00007ffbb52c3f09
0x000000c259efeca0:   000000c259efede0 fffffffffffffff7
0x000000c259efecb0:   0000000000000000 0000000000000005
0x000000c259efecc0:   0000021f4448ab78 0000000000000000
0x000000c259efecd0:   0000000622e77a20 0000021f44487480
0x000000c259efece0:   0000000000000000 000000c259efed10
0x000000c259efecf0:   000000c259efed68 0000021f6d5c8700
0x000000c259efed00:   0000000000000000 0000021f6d5ca5d7
0x000000c259efed10:   0000000000000000 0000000622e78390
0x000000c259efed20:   fffffffffffffff7 0000021f44487ad4
0x000000c259efed30:   0000000000000002 0000021f4448ab78
0x000000c259efed40:   0000000000000000 0000000622e77a20
0x000000c259efed50:   0000021f44487b20 fffffffffffffff5
0x000000c259efed60:   000000c259efed78 000000c259efedc8
0x000000c259efed70:   0000021f6d5c8700 0000000622e78390
0x000000c259efed80:   fffffffffffffff7 0000021f44489398
0x000000c259efed90:   0000000000000003 0000021f4448ab78
0x000000c259efeda0:   0000000000000000 0000000622e77a20
0x000000c259efedb0:   0000021f444893e0 fffffffffffffff6
0x000000c259efedc0:   000000c259efede0 000000c259efee30
0x000000c259efedd0:   0000021f6d5c8700 0000000000000000
0x000000c259efede0:   0000000622e78390 fffffffffffffff7
0x000000c259efedf0:   0000021f44485a99 0000000000000002
0x000000c259efee00:   0000021f4448b3e0 0000000000000000 

Instructions: (pc=0x00007ffc400eb3b6)
0x00007ffc400eb2b6:   11 45 d4 0f 11 45 e4 0f 11 45 f4 89 45 04 c7 45
0x00007ffc400eb2c6:   a0 68 00 00 00 0f 11 44 24 34 0f 11 44 24 44 0f
0x00007ffc400eb2d6:   11 44 24 54 0f 11 44 24 64 0f 11 44 24 74 0f 11
0x00007ffc400eb2e6:   45 84 89 45 94 c7 44 24 30 68 00 00 00 48 8d 55
0x00007ffc400eb2f6:   a0 49 8b ce ff 15 18 76 06 00 85 c0 74 41 48 8d
0x00007ffc400eb306:   54 24 30 48 8b ce ff 15 06 76 06 00 85 c0 74 2f
0x00007ffc400eb316:   48 8d 54 24 34 48 8d 4d a4 ff 15 1b 75 06 00 85
0x00007ffc400eb326:   c0 74 1c 48 8d 54 24 44 48 8d 4d b4 ff 15 08 75
0x00007ffc400eb336:   06 00 85 c0 74 09 8b 44 24 54 39 45 c4 74 11 ff
0x00007ffc400eb346:   c7 3b 7b 0c 0f 8c 40 ff ff ff 8b 3d 2a b0 06 00
0x00007ffc400eb356:   48 8b cb e8 02 cb f4 ff 90 8b c7 48 8b 4d 10 48
0x00007ffc400eb366:   33 cc e8 93 01 01 00 4c 8d 9c 24 20 01 00 00 49
0x00007ffc400eb376:   8b 5b 28 49 8b 73 30 49 8b e3 41 5e 5f 5d c3 cc
0x00007ffc400eb386:   cc cc cc cc cc cc cc cc cc cc 48 8b 41 08 48 8b
0x00007ffc400eb396:   80 18 0c 00 00 c3 cc cc cc cc 48 8b 41 08 48 05
0x00007ffc400eb3a6:   00 04 00 00 c3 cc cc cc cc cc 40 53 48 83 ec 20
0x00007ffc400eb3b6:   83 79 50 00 48 8b d9 75 56 48 8b 49 28 4c 8d 44
0x00007ffc400eb3c6:   24 38 48 8d 54 24 30 c7 44 24 30 00 00 80 bf c7
0x00007ffc400eb3d6:   44 24 38 00 00 80 bf e8 1e e1 00 00 f3 0f 10 54
0x00007ffc400eb3e6:   24 30 0f 57 c0 0f 2f d0 76 25 f3 0f 10 4c 24 38
0x00007ffc400eb3f6:   0f 2f c8 76 1a f3 0f 5e 15 09 a9 02 00 f3 0f 5e
0x00007ffc400eb406:   0d 01 a9 02 00 f3 0f 11 53 48 f3 0f 11 4b 4c 48
0x00007ffc400eb416:   83 c4 20 5b c3 cc cc cc cc cc 48 89 5c 24 10 48
0x00007ffc400eb426:   89 74 24 18 57 41 56 41 57 48 83 ec 40 48 8b d9
0x00007ffc400eb436:   48 83 79 18 00 75 14 b9 28 04 00 00 e8 19 97 00
0x00007ffc400eb446:   00 48 89 43 18 c7 00 28 00 00 00 48 8b 43 18 33
0x00007ffc400eb456:   ff 66 89 78 0e 48 8b 4b 28 e8 5c 03 00 00 48 8b
0x00007ffc400eb466:   f0 41 bf 01 00 00 00 45 8b c7 41 8b d7 48 8b c8
0x00007ffc400eb476:   ff 15 44 71 06 00 4c 8b f0 89 7c 24 30 48 8b 4b
0x00007ffc400eb486:   18 48 89 4c 24 28 48 89 7c 24 20 45 8b cf 45 33
0x00007ffc400eb496:   c0 48 8b d0 48 8b ce ff 15 3d 70 06 00 48 8b 53
0x00007ffc400eb4a6:   30 48 8b 0b 8b 05 d4 ae 06 00 83 79 04 08 0f 8e 


Stack slot to memory mapping:

stack at sp + 0 slots: 0x0000021f4e97c640 points into unknown readable memory: 0x0000021f4eb2bcf0 | f0 bc b2 4e 1f 02 00 00
stack at sp + 1 slots: 0x0 is null
stack at sp + 2 slots: 0x0000021f43085090 points into unknown readable memory: 0x00007ffbb560e480 | 80 e4 60 b5 fb 7f 00 00
stack at sp + 3 slots: 0x0000021f4e97c640 points into unknown readable memory: 0x0000021f4eb2bcf0 | f0 bc b2 4e 1f 02 00 00
stack at sp + 4 slots: 0x0000021f4e97c640 points into unknown readable memory: 0x0000021f4eb2bcf0 | f0 bc b2 4e 1f 02 00 00
stack at sp + 5 slots: 0x00007ffc400ecbf2 awt.dll
stack at sp + 6 slots: 0x00007ffc40149838 awt.dll
stack at sp + 7 slots: {method} {0x0000021f44487488} 'initNativeScale' '(I)V' in 'sun/awt/Win32GraphicsDevice'

Lock stack of current Java thread (top to bottom):

native method entry point (kind = native)  [0x0000021f6d5ccde0, 0x0000021f6d5cd938]  2904 bytes
[MachCode]
  0x0000021f6d5ccde0: 488b 4b08 | 0fb7 492e | 584c 8d74 | ccf8 6800 | 0000 0068 | 0000 0000 | 5055 488b | ec41 5568 
  0x0000021f6d5cce00: 0000 0000 | 4c8b 6b08 | 4d8d 6d38 | 5348 8b53 | 0848 8b52 | 0848 8b52 | 1848 8b52 | 7048 8b12 
  0x0000021f6d5cce20: 5248 8b53 | 1048 85d2 | 0f84 0700 | 0000 4881 | c210 0100 | 0052 488b | 5308 488b | 5208 488b 
  0x0000021f6d5cce40: 5210 5249 | 8bc6 482b | c548 c1e8 | 0350 6800 | 0000 0068 | f7ff ffff | 41c6 8771 | 0400 0001 
  0x0000021f6d5cce60: 488b 4310 | 4885 c074 | 208b 88cc | 0000 0083 | c102 8988 | cc00 0000 | 2388 e000 | 0000 0f84 
  0x0000021f6d5cce80: 000a 0000 | e9cf 0000 | 0048 8b43 | 1848 85c0 | 0f85 b000 | 0000 e805 | 0000 00e9 | 9900 0000 
  0x0000021f6d5ccea0: 488b d348 | 8d44 2408 | 4c89 6dc0 | 498b cfc5 | f877 4989 | afb0 0300 | 0049 8987 | a003 0000 
  0x0000021f6d5ccec0: 4883 ec20 | 40f6 c40f | 0f84 1900 | 0000 4883 | ec08 48b8 | 8028 00b5 | fb7f 0000 | ffd0 4883 
  0x0000021f6d5ccee0: c408 e90c | 0000 0048 | b880 2800 | b5fb 7f00 | 00ff d048 | 83c4 2049 | c787 a003 | 0000 0000 
  0x0000021f6d5ccf00: 0000 49c7 | 87b0 0300 | 0000 0000 | 0049 c787 | a803 0000 | 0000 0000 | c5f8 7749 | 837f 0800 
  0x0000021f6d5ccf20: 0f84 0500 | 0000 e995 | 3fff ff4c | 8b6d c04c | 8b75 c84e | 8d74 f500 | c348 8b43 | 1848 85c0 
  0x0000021f6d5ccf40: 0f84 1200 | 0000 8b48 | 0883 c102 | 8948 0823 | 481c 0f84 | 2c09 0000 | 493b a7e8 | 0400 000f 
  0x0000021f6d5ccf60: 8748 0000 | 0089 8424 | 00f0 ffff | 8984 2400 | e0ff ff89 | 8424 00d0 | ffff 8984 | 2400 c0ff 
  0x0000021f6d5ccf80: ff89 8424 | 00b0 ffff | 8984 2400 | a0ff ff89 | 8424 0090 | ffff 8984 | 2400 80ff | ff49 3ba7 
  0x0000021f6d5ccfa0: e004 0000 | 7607 4989 | a7e8 0400 | 0041 c687 | 7104 0000 | 0049 ba41 | bd87 b5fb | 7f00 0041 
  0x0000021f6d5ccfc0: 803a 000f | 843e 0000 | 0048 8b55 | e849 8bcf | 4883 ec20 | 40f6 c40f | 0f84 1900 | 0000 4883 
  0x0000021f6d5ccfe0: ec08 48b8 | f0f0 37b5 | fb7f 0000 | ffd0 4883 | c408 e90c | 0000 0048 | b8f0 f037 | b5fb 7f00 
  0x0000021f6d5cd000: 00ff d048 | 83c4 2048 | 8b5d e84c | 8b5b 0845 | 0fb7 5b2e | 41c1 e303 | 492b e348 | 83ec 2048 
  0x0000021f6d5cd020: 83e4 f04c | 8b5b 604d | 85db 0f85 | ab00 0000 | e805 0000 | 00e9 9900 | 0000 488b | d348 8d44 
  0x0000021f6d5cd040: 2408 4c89 | 6dc0 498b | cfc5 f877 | 4989 afb0 | 0300 0049 | 8987 a003 | 0000 4883 | ec20 40f6 
  0x0000021f6d5cd060: c40f 0f84 | 1900 0000 | 4883 ec08 | 48b8 e04f | 00b5 fb7f | 0000 ffd0 | 4883 c408 | e90c 0000 
  0x0000021f6d5cd080: 0048 b8e0 | 4f00 b5fb | 7f00 00ff | d048 83c4 | 2049 c787 | a003 0000 | 0000 0000 | 49c7 87b0 
  0x0000021f6d5cd0a0: 0300 0000 | 0000 0049 | c787 a803 | 0000 0000 | 0000 c5f8 | 7749 837f | 0800 0f84 | 0500 0000 
  0x0000021f6d5cd0c0: e9fb 3dff | ff4c 8b6d | c04c 8b75 | c84e 8d74 | f500 c348 | 8b5d e84c | 8b5b 6041 | ffd3 488b 
  0x0000021f6d5cd0e0: 5de8 4889 | 4518 448b | 5b28 41f6 | c308 0f84 | 1b00 0000 | 4c8b 5b08 | 4d8b 5b08 | 4d8b 5b18 
  0x0000021f6d5cd100: 4d8b 5b70 | 4d8b 1b4c | 895d 1048 | 8d55 1048 | 8b43 5849 | ba40 3f38 | b5fb 7f00 | 0049 3bc2 
  0x0000021f6d5cd120: 0f85 ab00 | 0000 e805 | 0000 00e9 | 9900 0000 | 488b d348 | 8d44 2408 | 4c89 6dc0 | 498b cfc5 
  0x0000021f6d5cd140: f877 4989 | afb0 0300 | 0049 8987 | a003 0000 | 4883 ec20 | 40f6 c40f | 0f84 1900 | 0000 4883 
  0x0000021f6d5cd160: ec08 48b8 | e04f 00b5 | fb7f 0000 | ffd0 4883 | c408 e90c | 0000 0048 | b8e0 4f00 | b5fb 7f00 
  0x0000021f6d5cd180: 00ff d048 | 83c4 2049 | c787 a003 | 0000 0000 | 0000 49c7 | 87b0 0300 | 0000 0000 | 0049 c787 
  0x0000021f6d5cd1a0: a803 0000 | 0000 0000 | c5f8 7749 | 837f 0800 | 0f84 0500 | 0000 e905 | 3dff ff4c | 8b6d c04c 
  0x0000021f6d5cd1c0: 8b75 c84e | 8d74 f500 | c348 8b5d | e848 8b43 | 5849 8d8f | c003 0000 | c5f8 7749 | 89af b003 
  0x0000021f6d5cd1e0: 0000 49ba | d8d1 5c6d | 1f02 0000 | 4d89 97a8 | 0300 0049 | 89a7 a003 | 0000 41c7 | 8744 0400 
  0x0000021f6d5cd200: 0004 0000 | 00ff d0c5 | f877 4883 | ec10 c5fb | 1104 2448 | 83ec 1048 | 8904 2448 | c744 2408 
  0x0000021f6d5cd220: 0000 0000 | 41c7 8744 | 0400 0005 | 0000 00f0 | 8344 24c0 | 0049 3baf | 4804 0000 | 0f87 0e00 
  0x0000021f6d5cd240: 0000 4183 | bf40 0400 | 0000 0f84 | 2000 0000 | 498b cf4c | 8be4 4883 | ec20 4883 | e4f0 48b8 
  0x0000021f6d5cd260: 80ab 01b5 | fb7f 0000 | ffd0 498b | e44d 33e4 | 41c7 8744 | 0400 0008 | 0000 0049 | c787 a003 
  0x0000021f6d5cd280: 0000 0000 | 0000 49c7 | 87b0 0300 | 0000 0000 | 0049 c787 | a803 0000 | 0000 0000 | c5f8 774d 
  0x0000021f6d5cd2a0: 8b9f 3004 | 0000 41c7 | 8300 0100 | 0000 0000 | 0049 bbda | a55c 6d1f | 0200 004c | 3b5d 180f 
  0x0000021f6d5cd2c0: 8524 0200 | 0048 8b04 | 2448 83c4 | 1048 85c0 | 0f84 fe01 | 0000 a803 | 0f85 0800 | 0000 488b 
  0x0000021f6d5cd2e0: 00e9 ee01 | 0000 a801 | 0f85 0900 | 0000 488b | 40fe e9dd | 0100 0048 | 8b40 ff41 | 807f 3800 
  0x0000021f6d5cd300: 0f84 ce01 | 0000 4883 | f800 0f84 | c401 0000 | 4d8b 5f28 | 4983 fb00 | 0f84 1400 | 0000 4983 
  0x0000021f6d5cd320: eb08 4d89 | 5f28 4d03 | 5f30 4989 | 03e9 a201 | 0000 4881 | ecd0 0000 | 0048 8904 | 2448 894c 
  0x0000021f6d5cd340: 2408 4889 | 5424 1048 | 8974 2418 | 4889 7c24 | 204c 8944 | 2428 4c89 | 4c24 304c | 8954 2438 
  0x0000021f6d5cd360: 4c89 5c24 | 40c5 fb11 | 4424 50c5 | fb11 4c24 | 58c5 fb11 | 5424 60c5 | fb11 5c24 | 68c5 fb11 
  0x0000021f6d5cd380: 6424 70c5 | fb11 6c24 | 78c5 fb11 | b424 8000 | 0000 c5fb | 11bc 2488 | 0000 00c5 | 7b11 8424 
  0x0000021f6d5cd3a0: 9000 0000 | c57b 118c | 2498 0000 | 00c5 7b11 | 9424 a000 | 0000 c57b | 119c 24a8 | 0000 00c5 
  0x0000021f6d5cd3c0: 7b11 a424 | b000 0000 | c57b 11ac | 24b8 0000 | 00c5 7b11 | b424 c000 | 0000 c57b | 11bc 24c8 
  0x0000021f6d5cd3e0: 0000 0049 | 8bd7 488b | c848 83ec | 2040 f6c4 | 0f0f 8419 | 0000 0048 | 83ec 0848 | b800 09f5 
  0x0000021f6d5cd400: b4fb 7f00 | 00ff d048 | 83c4 08e9 | 0c00 0000 | 48b8 0009 | f5b4 fb7f | 0000 ffd0 | 4883 c420 
  0x0000021f6d5cd420: c57b 10bc | 24c8 0000 | 00c5 7b10 | b424 c000 | 0000 c57b | 10ac 24b8 | 0000 00c5 | 7b10 a424 
  0x0000021f6d5cd440: b000 0000 | c57b 109c | 24a8 0000 | 00c5 7b10 | 9424 a000 | 0000 c57b | 108c 2498 | 0000 00c5 
  0x0000021f6d5cd460: 7b10 8424 | 9000 0000 | c5fb 10bc | 2488 0000 | 00c5 fb10 | b424 8000 | 0000 c5fb | 106c 2478 
  0x0000021f6d5cd480: c5fb 1064 | 2470 c5fb | 105c 2468 | c5fb 1054 | 2460 c5fb | 104c 2458 | c5fb 1044 | 2450 4c8b 
  0x0000021f6d5cd4a0: 5c24 404c | 8b54 2438 | 4c8b 4c24 | 304c 8b44 | 2428 488b | 7c24 2048 | 8b74 2418 | 488b 5424 
  0x0000021f6d5cd4c0: 1048 8b4c | 2408 488b | 0424 4881 | c4d0 0000 | 00c5 f877 | 4889 4510 | 4883 ec10 | 4889 0424 
  0x0000021f6d5cd4e0: 48c7 4424 | 0800 0000 | 0041 83bf | c804 0000 | 020f 85bf | 0000 0048 | 81ec 8000 | 0000 4889 
  0x0000021f6d5cd500: 4424 7848 | 894c 2470 | 4889 5424 | 6848 895c | 2460 4889 | 6c24 5048 | 8974 2448 | 4889 7c24 
  0x0000021f6d5cd520: 404c 8944 | 2438 4c89 | 4c24 304c | 8954 2428 | 4c89 5c24 | 204c 8964 | 2418 4c89 | 6c24 104c 
  0x0000021f6d5cd540: 8974 2408 | 4c89 3c24 | 4c8b e448 | 83ec 2048 | 83e4 f048 | b8a0 2538 | b5fb 7f00 | 00ff d049 
  0x0000021f6d5cd560: 8be4 4c8b | 3c24 4c8b | 7424 084c | 8b6c 2410 | 4c8b 6424 | 184c 8b5c | 2420 4c8b | 5424 284c 
  0x0000021f6d5cd580: 8b4c 2430 | 4c8b 4424 | 3848 8b7c | 2440 488b | 7424 4848 | 8b6c 2450 | 488b 5c24 | 6048 8b54 
  0x0000021f6d5cd5a0: 2468 488b | 4c24 7048 | 8b44 2478 | 4881 c480 | 0000 004d | 33e4 488b | 5de8 4c8b | 6b08 4d8d 
  0x0000021f6d5cd5c0: 6d38 4983 | 7f08 000f | 84bb 0000 | 00e8 0500 | 0000 e996 | 0000 0048 | 8d44 2408 | 4c89 6dc0 
  0x0000021f6d5cd5e0: 498b cfc5 | f877 4989 | afb0 0300 | 0049 8987 | a003 0000 | 4883 ec20 | 40f6 c40f | 0f84 1900 
  0x0000021f6d5cd600: 0000 4883 | ec08 48b8 | f06d 00b5 | fb7f 0000 | ffd0 4883 | c408 e90c | 0000 0048 | b8f0 6d00 
  0x0000021f6d5cd620: b5fb 7f00 | 00ff d048 | 83c4 2049 | c787 a003 | 0000 0000 | 0000 49c7 | 87b0 0300 | 0000 0000 
  0x0000021f6d5cd640: 0049 c787 | a803 0000 | 0000 0000 | c5f8 7749 | 837f 0800 | 0f84 0500 | 0000 e961 | 38ff ff4c 
  0x0000021f6d5cd660: 8b6d c04c | 8b75 c84e | 8d74 f500 | c348 b940 | e55f b5fb | 7f00 0048 | 83e4 f048 | b850 4d26 
  0x0000021f6d5cd680: b5fb 7f00 | 00ff d0f4 | 448b 5b28 | 41f6 c320 | 0f84 7901 | 0000 488d | 55a8 4c8b | 5a08 4d85 
  0x0000021f6d5cd6a0: db0f 85bb | 0000 00e8 | 0500 0000 | e996 0000 | 0048 8d44 | 2408 4c89 | 6dc0 498b | cfc5 f877 
  0x0000021f6d5cd6c0: 4989 afb0 | 0300 0049 | 8987 a003 | 0000 4883 | ec20 40f6 | c40f 0f84 | 1900 0000 | 4883 ec08 
  0x0000021f6d5cd6e0: 48b8 206d | 00b5 fb7f | 0000 ffd0 | 4883 c408 | e90c 0000 | 0048 b820 | 6d00 b5fb | 7f00 00ff 
  0x0000021f6d5cd700: d048 83c4 | 2049 c787 | a003 0000 | 0000 0000 | 49c7 87b0 | 0300 0000 | 0000 0049 | c787 a803 
  0x0000021f6d5cd720: 0000 0000 | 0000 c5f8 | 7749 837f | 0800 0f84 | 0500 0000 | e987 37ff | ff4c 8b6d | c04c 8b75 
  0x0000021f6d5cd740: c84e 8d74 | f500 c348 | b940 e55f | b5fb 7f00 | 0048 83e4 | f048 b850 | 4d26 b5fb | 7f00 00ff 
  0x0000021f6d5cd760: d0f4 4c89 | 6dc0 4c8b | 4a08 48c7 | 4208 0000 | 0000 458b | 8718 0600 | 004f 3b4c | 07f8 0f85 
  0x0000021f6d5cd780: 4900 0000 | 4183 af18 | 0600 0008 | 4f3b 4c07 | f00f 842a | 0000 0049 | 8b01 a802 | 0f85 1200 
  0x0000021f6d5cd7a0: 0000 4c8b | c049 83c8 | 01f0 4d0f | b101 0f84 | 0d00 0000 | 4183 8718 | 0600 0008 | e90c 0000 
  0x0000021f6d5cd7c0: 0049 ff8f | 5005 0000 | e93e 0000 | 004c 894a | 0848 8bca | 4883 ec20 | 40f6 c40f | 0f84 1900 
  0x0000021f6d5cd7e0: 0000 4883 | ec08 48b8 | e03f 00b5 | fb7f 0000 | ffd0 4883 | c408 e90c | 0000 0048 | b8e0 3f00 
  0x0000021f6d5cd800: b5fb 7f00 | 00ff d048 | 83c4 204c | 8b6d c049 | ba41 bd87 | b5fb 7f00 | 0041 803a | 000f 843e 
  0x0000021f6d5cd820: 0000 0048 | 8b55 e849 | 8bcf 4883 | ec20 40f6 | c40f 0f84 | 1900 0000 | 4883 ec08 | 48b8 f0f0 
  0x0000021f6d5cd840: 37b5 fb7f | 0000 ffd0 | 4883 c408 | e90c 0000 | 0048 b8f0 | f037 b5fb | 7f00 00ff | d048 83c4 
  0x0000021f6d5cd860: 2048 8b04 | 2448 83c4 | 10c5 fb10 | 0424 4883 | c410 4c8b | 5d18 41ff | d34c 8b5d | f8c9 5f49 
  0x0000021f6d5cd880: 8be3 ffe7 | ba00 0000 | 00e8 0500 | 0000 e996 | 0000 0048 | 8d44 2408 | 4c89 6dc0 | 498b cfc5 
  0x0000021f6d5cd8a0: f877 4989 | afb0 0300 | 0049 8987 | a003 0000 | 4883 ec20 | 40f6 c40f | 0f84 1900 | 0000 4883 
  0x0000021f6d5cd8c0: ec08 48b8 | 9033 00b5 | fb7f 0000 | ffd0 4883 | c408 e90c | 0000 0048 | b890 3300 | b5fb 7f00 
  0x0000021f6d5cd8e0: 00ff d048 | 83c4 2049 | c787 a003 | 0000 0000 | 0000 49c7 | 87b0 0300 | 0000 0000 | 0049 c787 
  0x0000021f6d5cd900: a803 0000 | 0000 0000 | c5f8 7749 | 837f 0800 | 0f84 0500 | 0000 e9a5 | 35ff ff4c | 8b6d c04c 
  0x0000021f6d5cd920: 8b75 c84e | 8d74 f500 | c348 8b5d | e8e9 26f6 | ffff 660f | 1f44 0000 
[/MachCode]

---------------  P R O C E S S  ---------------

Threads class SMR info:
_java_thread_list=0x0000021f436450f0, length=15, elements={
0x0000021f4309d9b0, 0x0000021f4309edb0, 0x0000021f430a0540, 0x0000021f430a1750,
0x0000021f430a4960, 0x0000021f430a5c90, 0x0000021f430d4dd0, 0x0000021f430d8030,
0x0000021f431bfcc0, 0x0000021f43309d80, 0x0000021f435e92d0, 0x0000021f435f09a0,
0x0000021f435f3790, 0x0000021f437d7330, 0x0000021f5d9a9820
}

Java Threads: ( => current thread )
  0x0000021f4309d9b0 JavaThread "Reference Handler"          daemon [_thread_blocked, id=244932, stack(0x000000c259100000,0x000000c259200000) (1024K)]
  0x0000021f4309edb0 JavaThread "Finalizer"                  daemon [_thread_blocked, id=173108, stack(0x000000c259200000,0x000000c259300000) (1024K)]
  0x0000021f430a0540 JavaThread "Signal Dispatcher"          daemon [_thread_blocked, id=244364, stack(0x000000c259300000,0x000000c259400000) (1024K)]
  0x0000021f430a1750 JavaThread "Attach Listener"            daemon [_thread_blocked, id=248264, stack(0x000000c259400000,0x000000c259500000) (1024K)]
  0x0000021f430a4960 JavaThread "Service Thread"             daemon [_thread_blocked, id=247480, stack(0x000000c259500000,0x000000c259600000) (1024K)]
  0x0000021f430a5c90 JavaThread "Monitor Deflation Thread"   daemon [_thread_blocked, id=222988, stack(0x000000c259600000,0x000000c259700000) (1024K)]
  0x0000021f430d4dd0 JavaThread "C2 CompilerThread0"         daemon [_thread_blocked, id=133248, stack(0x000000c259700000,0x000000c259800000) (1024K)]
  0x0000021f430d8030 JavaThread "C1 CompilerThread0"         daemon [_thread_blocked, id=247792, stack(0x000000c259800000,0x000000c259900000) (1024K)]
  0x0000021f431bfcc0 JavaThread "Common-Cleaner"             daemon [_thread_blocked, id=218900, stack(0x000000c259900000,0x000000c259a00000) (1024K)]
  0x0000021f43309d80 JavaThread "Notification Thread"        daemon [_thread_blocked, id=40328, stack(0x000000c259a00000,0x000000c259b00000) (1024K)]
  0x0000021f435e92d0 JavaThread "Java2D Disposer"            daemon [_thread_blocked, id=247716, stack(0x000000c259b00000,0x000000c259c00000) (1024K)]
  0x0000021f435f09a0 JavaThread "AWT-Shutdown"                      [_thread_blocked, id=242436, stack(0x000000c259c00000,0x000000c259d00000) (1024K)]
  0x0000021f435f3790 JavaThread "AWT-Windows"                daemon [_thread_in_native, id=248184, stack(0x000000c259d00000,0x000000c259e00000) (1024K)]
=>0x0000021f437d7330 JavaThread "AWT-EventQueue-0"                  [_thread_in_native, id=247992, stack(0x000000c259e00000,0x000000c259f00000) (1024K)]
  0x0000021f5d9a9820 JavaThread "DestroyJavaVM"                     [_thread_blocked, id=184420, stack(0x000000c258900000,0x000000c258a00000) (1024K)]
Total: 15

Other Threads:
  0x0000021f43085570 VMThread "VM Thread"                           [id=175644, stack(0x000000c259000000,0x000000c259100000) (1024K)]
  0x0000021f7f4c2f90 WatcherThread "VM Periodic Task Thread"        [id=232132, stack(0x000000c258f00000,0x000000c259000000) (1024K)]
  0x0000021f7f30fa10 WorkerThread "GC Thread#0"                     [id=10756, stack(0x000000c258a00000,0x000000c258b00000) (1024K)]
  0x0000021f7f324840 ConcurrentGCThread "G1 Main Marker"            [id=246848, stack(0x000000c258b00000,0x000000c258c00000) (1024K)]
  0x0000021f7f325ad0 WorkerThread "G1 Conc#0"                       [id=180376, stack(0x000000c258c00000,0x000000c258d00000) (1024K)]
  0x0000021f7f3f8df0 ConcurrentGCThread "G1 Refine#0"               [id=248316, stack(0x000000c258d00000,0x000000c258e00000) (1024K)]
  0x0000021f7f3f9810 ConcurrentGCThread "G1 Service"                [id=2380, stack(0x000000c258e00000,0x000000c258f00000) (1024K)]
Total: 7

Threads with active compile tasks:
Total: 0

VM state: not at safepoint (normal execution)

VM Mutex/Monitor currently owned by a thread: None

Heap address: 0x0000000603400000, size: 8140 MB, Compressed Oops mode: Zero based, Oop shift amount: 3

CDS archive(s) mapped at: [0x0000021f02000000-0x0000021f02d70000-0x0000021f02d70000), size 14090240, SharedBaseAddress: 0x0000021f02000000, ArchiveRelocationMode: 1.
Compressed class space mapped at: 0x0000021f03000000-0x0000021f43000000, reserved size: 1073741824
Narrow klass base: 0x0000021f02000000, Narrow klass shift: 0, Narrow klass range: 0x41000000

GC Precious Log:
 CardTable entry size: 512
 Card Set container configuration: InlinePtr #cards 4 size 8 Array Of Cards #cards 32 size 80 Howl #buckets 8 coarsen threshold 7372 Howl Bitmap #cards 1024 size 144 coarsen threshold 921 Card regions per heap region 1 cards per card region 8192
 CPUs: 8 total, 8 available
 Memory: 32549M
 Large Page Support: Disabled
 NUMA Support: Disabled
 Compressed Oops: Enabled (Zero based)
 Heap Region Size: 4M
 Heap Min Capacity: 8M
 Heap Initial Capacity: 512M
 Heap Max Capacity: 8140M
 Pre-touch: Disabled
 Parallel Workers: 8
 Concurrent Workers: 2
 Concurrent Refinement Workers: 8
 Periodic GC: Disabled

Heap:
 garbage-first heap   total reserved 8335360K, committed 524288K, used 8192K [0x0000000603400000, 0x0000000800000000)
  region size 4096K, 3 young (12288K), 0 survivors (0K)
 Metaspace       used 9833K, committed 10048K, reserved 1114112K
  class space    used 1227K, committed 1344K, reserved 1048576K

Heap Regions: E=young(eden), S=young(survivor), O=old, HS=humongous(starts), HC=humongous(continues), CS=collection set, F=free, TAMS=top-at-mark-start, PB=parsable bottom
|   0|0x0000000603400000, 0x0000000603400000, 0x0000000603800000|  0%| F|  |TAMS 0x0000000603400000| PB 0x0000000603400000| Untracked |  0
|   1|0x0000000603800000, 0x0000000603800000, 0x0000000603c00000|  0%| F|  |TAMS 0x0000000603800000| PB 0x0000000603800000| Untracked |  0
|   2|0x0000000603c00000, 0x0000000603c00000, 0x0000000604000000|  0%| F|  |TAMS 0x0000000603c00000| PB 0x0000000603c00000| Untracked |  0
|   3|0x0000000604000000, 0x0000000604000000, 0x0000000604400000|  0%| F|  |TAMS 0x0000000604000000| PB 0x0000000604000000| Untracked |  0
|   4|0x0000000604400000, 0x0000000604400000, 0x0000000604800000|  0%| F|  |TAMS 0x0000000604400000| PB 0x0000000604400000| Untracked |  0
|   5|0x0000000604800000, 0x0000000604800000, 0x0000000604c00000|  0%| F|  |TAMS 0x0000000604800000| PB 0x0000000604800000| Untracked |  0
|   6|0x0000000604c00000, 0x0000000604c00000, 0x0000000605000000|  0%| F|  |TAMS 0x0000000604c00000| PB 0x0000000604c00000| Untracked |  0
|   7|0x0000000605000000, 0x0000000605000000, 0x0000000605400000|  0%| F|  |TAMS 0x0000000605000000| PB 0x0000000605000000| Untracked |  0
|   8|0x0000000605400000, 0x0000000605400000, 0x0000000605800000|  0%| F|  |TAMS 0x0000000605400000| PB 0x0000000605400000| Untracked |  0
|   9|0x0000000605800000, 0x0000000605800000, 0x0000000605c00000|  0%| F|  |TAMS 0x0000000605800000| PB 0x0000000605800000| Untracked |  0
|  10|0x0000000605c00000, 0x0000000605c00000, 0x0000000606000000|  0%| F|  |TAMS 0x0000000605c00000| PB 0x0000000605c00000| Untracked |  0
|  11|0x0000000606000000, 0x0000000606000000, 0x0000000606400000|  0%| F|  |TAMS 0x0000000606000000| PB 0x0000000606000000| Untracked |  0
|  12|0x0000000606400000, 0x0000000606400000, 0x0000000606800000|  0%| F|  |TAMS 0x0000000606400000| PB 0x0000000606400000| Untracked |  0
|  13|0x0000000606800000, 0x0000000606800000, 0x0000000606c00000|  0%| F|  |TAMS 0x0000000606800000| PB 0x0000000606800000| Untracked |  0
|  14|0x0000000606c00000, 0x0000000606c00000, 0x0000000607000000|  0%| F|  |TAMS 0x0000000606c00000| PB 0x0000000606c00000| Untracked |  0
|  15|0x0000000607000000, 0x0000000607000000, 0x0000000607400000|  0%| F|  |TAMS 0x0000000607000000| PB 0x0000000607000000| Untracked |  0
|  16|0x0000000607400000, 0x0000000607400000, 0x0000000607800000|  0%| F|  |TAMS 0x0000000607400000| PB 0x0000000607400000| Untracked |  0
|  17|0x0000000607800000, 0x0000000607800000, 0x0000000607c00000|  0%| F|  |TAMS 0x0000000607800000| PB 0x0000000607800000| Untracked |  0
|  18|0x0000000607c00000, 0x0000000607c00000, 0x0000000608000000|  0%| F|  |TAMS 0x0000000607c00000| PB 0x0000000607c00000| Untracked |  0
|  19|0x0000000608000000, 0x0000000608000000, 0x0000000608400000|  0%| F|  |TAMS 0x0000000608000000| PB 0x0000000608000000| Untracked |  0
|  20|0x0000000608400000, 0x0000000608400000, 0x0000000608800000|  0%| F|  |TAMS 0x0000000608400000| PB 0x0000000608400000| Untracked |  0
|  21|0x0000000608800000, 0x0000000608800000, 0x0000000608c00000|  0%| F|  |TAMS 0x0000000608800000| PB 0x0000000608800000| Untracked |  0
|  22|0x0000000608c00000, 0x0000000608c00000, 0x0000000609000000|  0%| F|  |TAMS 0x0000000608c00000| PB 0x0000000608c00000| Untracked |  0
|  23|0x0000000609000000, 0x0000000609000000, 0x0000000609400000|  0%| F|  |TAMS 0x0000000609000000| PB 0x0000000609000000| Untracked |  0
|  24|0x0000000609400000, 0x0000000609400000, 0x0000000609800000|  0%| F|  |TAMS 0x0000000609400000| PB 0x0000000609400000| Untracked |  0
|  25|0x0000000609800000, 0x0000000609800000, 0x0000000609c00000|  0%| F|  |TAMS 0x0000000609800000| PB 0x0000000609800000| Untracked |  0
|  26|0x0000000609c00000, 0x0000000609c00000, 0x000000060a000000|  0%| F|  |TAMS 0x0000000609c00000| PB 0x0000000609c00000| Untracked |  0
|  27|0x000000060a000000, 0x000000060a000000, 0x000000060a400000|  0%| F|  |TAMS 0x000000060a000000| PB 0x000000060a000000| Untracked |  0
|  28|0x000000060a400000, 0x000000060a400000, 0x000000060a800000|  0%| F|  |TAMS 0x000000060a400000| PB 0x000000060a400000| Untracked |  0
|  29|0x000000060a800000, 0x000000060a800000, 0x000000060ac00000|  0%| F|  |TAMS 0x000000060a800000| PB 0x000000060a800000| Untracked |  0
|  30|0x000000060ac00000, 0x000000060ac00000, 0x000000060b000000|  0%| F|  |TAMS 0x000000060ac00000| PB 0x000000060ac00000| Untracked |  0
|  31|0x000000060b000000, 0x000000060b000000, 0x000000060b400000|  0%| F|  |TAMS 0x000000060b000000| PB 0x000000060b000000| Untracked |  0
|  32|0x000000060b400000, 0x000000060b400000, 0x000000060b800000|  0%| F|  |TAMS 0x000000060b400000| PB 0x000000060b400000| Untracked |  0
|  33|0x000000060b800000, 0x000000060b800000, 0x000000060bc00000|  0%| F|  |TAMS 0x000000060b800000| PB 0x000000060b800000| Untracked |  0
|  34|0x000000060bc00000, 0x000000060bc00000, 0x000000060c000000|  0%| F|  |TAMS 0x000000060bc00000| PB 0x000000060bc00000| Untracked |  0
|  35|0x000000060c000000, 0x000000060c000000, 0x000000060c400000|  0%| F|  |TAMS 0x000000060c000000| PB 0x000000060c000000| Untracked |  0
|  36|0x000000060c400000, 0x000000060c400000, 0x000000060c800000|  0%| F|  |TAMS 0x000000060c400000| PB 0x000000060c400000| Untracked |  0
|  37|0x000000060c800000, 0x000000060c800000, 0x000000060cc00000|  0%| F|  |TAMS 0x000000060c800000| PB 0x000000060c800000| Untracked |  0
|  38|0x000000060cc00000, 0x000000060cc00000, 0x000000060d000000|  0%| F|  |TAMS 0x000000060cc00000| PB 0x000000060cc00000| Untracked |  0
|  39|0x000000060d000000, 0x000000060d000000, 0x000000060d400000|  0%| F|  |TAMS 0x000000060d000000| PB 0x000000060d000000| Untracked |  0
|  40|0x000000060d400000, 0x000000060d400000, 0x000000060d800000|  0%| F|  |TAMS 0x000000060d400000| PB 0x000000060d400000| Untracked |  0
|  41|0x000000060d800000, 0x000000060d800000, 0x000000060dc00000|  0%| F|  |TAMS 0x000000060d800000| PB 0x000000060d800000| Untracked |  0
|  42|0x000000060dc00000, 0x000000060dc00000, 0x000000060e000000|  0%| F|  |TAMS 0x000000060dc00000| PB 0x000000060dc00000| Untracked |  0
|  43|0x000000060e000000, 0x000000060e000000, 0x000000060e400000|  0%| F|  |TAMS 0x000000060e000000| PB 0x000000060e000000| Untracked |  0
|  44|0x000000060e400000, 0x000000060e400000, 0x000000060e800000|  0%| F|  |TAMS 0x000000060e400000| PB 0x000000060e400000| Untracked |  0
|  45|0x000000060e800000, 0x000000060e800000, 0x000000060ec00000|  0%| F|  |TAMS 0x000000060e800000| PB 0x000000060e800000| Untracked |  0
|  46|0x000000060ec00000, 0x000000060ec00000, 0x000000060f000000|  0%| F|  |TAMS 0x000000060ec00000| PB 0x000000060ec00000| Untracked |  0
|  47|0x000000060f000000, 0x000000060f000000, 0x000000060f400000|  0%| F|  |TAMS 0x000000060f000000| PB 0x000000060f000000| Untracked |  0
|  48|0x000000060f400000, 0x000000060f400000, 0x000000060f800000|  0%| F|  |TAMS 0x000000060f400000| PB 0x000000060f400000| Untracked |  0
|  49|0x000000060f800000, 0x000000060f800000, 0x000000060fc00000|  0%| F|  |TAMS 0x000000060f800000| PB 0x000000060f800000| Untracked |  0
|  50|0x000000060fc00000, 0x000000060fc00000, 0x0000000610000000|  0%| F|  |TAMS 0x000000060fc00000| PB 0x000000060fc00000| Untracked |  0
|  51|0x0000000610000000, 0x0000000610000000, 0x0000000610400000|  0%| F|  |TAMS 0x0000000610000000| PB 0x0000000610000000| Untracked |  0
|  52|0x0000000610400000, 0x0000000610400000, 0x0000000610800000|  0%| F|  |TAMS 0x0000000610400000| PB 0x0000000610400000| Untracked |  0
|  53|0x0000000610800000, 0x0000000610800000, 0x0000000610c00000|  0%| F|  |TAMS 0x0000000610800000| PB 0x0000000610800000| Untracked |  0
|  54|0x0000000610c00000, 0x0000000610c00000, 0x0000000611000000|  0%| F|  |TAMS 0x0000000610c00000| PB 0x0000000610c00000| Untracked |  0
|  55|0x0000000611000000, 0x0000000611000000, 0x0000000611400000|  0%| F|  |TAMS 0x0000000611000000| PB 0x0000000611000000| Untracked |  0
|  56|0x0000000611400000, 0x0000000611400000, 0x0000000611800000|  0%| F|  |TAMS 0x0000000611400000| PB 0x0000000611400000| Untracked |  0
|  57|0x0000000611800000, 0x0000000611800000, 0x0000000611c00000|  0%| F|  |TAMS 0x0000000611800000| PB 0x0000000611800000| Untracked |  0
|  58|0x0000000611c00000, 0x0000000611c00000, 0x0000000612000000|  0%| F|  |TAMS 0x0000000611c00000| PB 0x0000000611c00000| Untracked |  0
|  59|0x0000000612000000, 0x0000000612000000, 0x0000000612400000|  0%| F|  |TAMS 0x0000000612000000| PB 0x0000000612000000| Untracked |  0
|  60|0x0000000612400000, 0x0000000612400000, 0x0000000612800000|  0%| F|  |TAMS 0x0000000612400000| PB 0x0000000612400000| Untracked |  0
|  61|0x0000000612800000, 0x0000000612800000, 0x0000000612c00000|  0%| F|  |TAMS 0x0000000612800000| PB 0x0000000612800000| Untracked |  0
|  62|0x0000000612c00000, 0x0000000612c00000, 0x0000000613000000|  0%| F|  |TAMS 0x0000000612c00000| PB 0x0000000612c00000| Untracked |  0
|  63|0x0000000613000000, 0x0000000613000000, 0x0000000613400000|  0%| F|  |TAMS 0x0000000613000000| PB 0x0000000613000000| Untracked |  0
|  64|0x0000000613400000, 0x0000000613400000, 0x0000000613800000|  0%| F|  |TAMS 0x0000000613400000| PB 0x0000000613400000| Untracked |  0
|  65|0x0000000613800000, 0x0000000613800000, 0x0000000613c00000|  0%| F|  |TAMS 0x0000000613800000| PB 0x0000000613800000| Untracked |  0
|  66|0x0000000613c00000, 0x0000000613c00000, 0x0000000614000000|  0%| F|  |TAMS 0x0000000613c00000| PB 0x0000000613c00000| Untracked |  0
|  67|0x0000000614000000, 0x0000000614000000, 0x0000000614400000|  0%| F|  |TAMS 0x0000000614000000| PB 0x0000000614000000| Untracked |  0
|  68|0x0000000614400000, 0x0000000614400000, 0x0000000614800000|  0%| F|  |TAMS 0x0000000614400000| PB 0x0000000614400000| Untracked |  0
|  69|0x0000000614800000, 0x0000000614800000, 0x0000000614c00000|  0%| F|  |TAMS 0x0000000614800000| PB 0x0000000614800000| Untracked |  0
|  70|0x0000000614c00000, 0x0000000614c00000, 0x0000000615000000|  0%| F|  |TAMS 0x0000000614c00000| PB 0x0000000614c00000| Untracked |  0
|  71|0x0000000615000000, 0x0000000615000000, 0x0000000615400000|  0%| F|  |TAMS 0x0000000615000000| PB 0x0000000615000000| Untracked |  0
|  72|0x0000000615400000, 0x0000000615400000, 0x0000000615800000|  0%| F|  |TAMS 0x0000000615400000| PB 0x0000000615400000| Untracked |  0
|  73|0x0000000615800000, 0x0000000615800000, 0x0000000615c00000|  0%| F|  |TAMS 0x0000000615800000| PB 0x0000000615800000| Untracked |  0
|  74|0x0000000615c00000, 0x0000000615c00000, 0x0000000616000000|  0%| F|  |TAMS 0x0000000615c00000| PB 0x0000000615c00000| Untracked |  0
|  75|0x0000000616000000, 0x0000000616000000, 0x0000000616400000|  0%| F|  |TAMS 0x0000000616000000| PB 0x0000000616000000| Untracked |  0
|  76|0x0000000616400000, 0x0000000616400000, 0x0000000616800000|  0%| F|  |TAMS 0x0000000616400000| PB 0x0000000616400000| Untracked |  0
|  77|0x0000000616800000, 0x0000000616800000, 0x0000000616c00000|  0%| F|  |TAMS 0x0000000616800000| PB 0x0000000616800000| Untracked |  0
|  78|0x0000000616c00000, 0x0000000616c00000, 0x0000000617000000|  0%| F|  |TAMS 0x0000000616c00000| PB 0x0000000616c00000| Untracked |  0
|  79|0x0000000617000000, 0x0000000617000000, 0x0000000617400000|  0%| F|  |TAMS 0x0000000617000000| PB 0x0000000617000000| Untracked |  0
|  80|0x0000000617400000, 0x0000000617400000, 0x0000000617800000|  0%| F|  |TAMS 0x0000000617400000| PB 0x0000000617400000| Untracked |  0
|  81|0x0000000617800000, 0x0000000617800000, 0x0000000617c00000|  0%| F|  |TAMS 0x0000000617800000| PB 0x0000000617800000| Untracked |  0
|  82|0x0000000617c00000, 0x0000000617c00000, 0x0000000618000000|  0%| F|  |TAMS 0x0000000617c00000| PB 0x0000000617c00000| Untracked |  0
|  83|0x0000000618000000, 0x0000000618000000, 0x0000000618400000|  0%| F|  |TAMS 0x0000000618000000| PB 0x0000000618000000| Untracked |  0
|  84|0x0000000618400000, 0x0000000618400000, 0x0000000618800000|  0%| F|  |TAMS 0x0000000618400000| PB 0x0000000618400000| Untracked |  0
|  85|0x0000000618800000, 0x0000000618800000, 0x0000000618c00000|  0%| F|  |TAMS 0x0000000618800000| PB 0x0000000618800000| Untracked |  0
|  86|0x0000000618c00000, 0x0000000618c00000, 0x0000000619000000|  0%| F|  |TAMS 0x0000000618c00000| PB 0x0000000618c00000| Untracked |  0
|  87|0x0000000619000000, 0x0000000619000000, 0x0000000619400000|  0%| F|  |TAMS 0x0000000619000000| PB 0x0000000619000000| Untracked |  0
|  88|0x0000000619400000, 0x0000000619400000, 0x0000000619800000|  0%| F|  |TAMS 0x0000000619400000| PB 0x0000000619400000| Untracked |  0
|  89|0x0000000619800000, 0x0000000619800000, 0x0000000619c00000|  0%| F|  |TAMS 0x0000000619800000| PB 0x0000000619800000| Untracked |  0
|  90|0x0000000619c00000, 0x0000000619c00000, 0x000000061a000000|  0%| F|  |TAMS 0x0000000619c00000| PB 0x0000000619c00000| Untracked |  0
|  91|0x000000061a000000, 0x000000061a000000, 0x000000061a400000|  0%| F|  |TAMS 0x000000061a000000| PB 0x000000061a000000| Untracked |  0
|  92|0x000000061a400000, 0x000000061a400000, 0x000000061a800000|  0%| F|  |TAMS 0x000000061a400000| PB 0x000000061a400000| Untracked |  0
|  93|0x000000061a800000, 0x000000061a800000, 0x000000061ac00000|  0%| F|  |TAMS 0x000000061a800000| PB 0x000000061a800000| Untracked |  0
|  94|0x000000061ac00000, 0x000000061ac00000, 0x000000061b000000|  0%| F|  |TAMS 0x000000061ac00000| PB 0x000000061ac00000| Untracked |  0
|  95|0x000000061b000000, 0x000000061b000000, 0x000000061b400000|  0%| F|  |TAMS 0x000000061b000000| PB 0x000000061b000000| Untracked |  0
|  96|0x000000061b400000, 0x000000061b400000, 0x000000061b800000|  0%| F|  |TAMS 0x000000061b400000| PB 0x000000061b400000| Untracked |  0
|  97|0x000000061b800000, 0x000000061b800000, 0x000000061bc00000|  0%| F|  |TAMS 0x000000061b800000| PB 0x000000061b800000| Untracked |  0
|  98|0x000000061bc00000, 0x000000061bc00000, 0x000000061c000000|  0%| F|  |TAMS 0x000000061bc00000| PB 0x000000061bc00000| Untracked |  0
|  99|0x000000061c000000, 0x000000061c000000, 0x000000061c400000|  0%| F|  |TAMS 0x000000061c000000| PB 0x000000061c000000| Untracked |  0
| 100|0x000000061c400000, 0x000000061c400000, 0x000000061c800000|  0%| F|  |TAMS 0x000000061c400000| PB 0x000000061c400000| Untracked |  0
| 101|0x000000061c800000, 0x000000061c800000, 0x000000061cc00000|  0%| F|  |TAMS 0x000000061c800000| PB 0x000000061c800000| Untracked |  0
| 102|0x000000061cc00000, 0x000000061cc00000, 0x000000061d000000|  0%| F|  |TAMS 0x000000061cc00000| PB 0x000000061cc00000| Untracked |  0
| 103|0x000000061d000000, 0x000000061d000000, 0x000000061d400000|  0%| F|  |TAMS 0x000000061d000000| PB 0x000000061d000000| Untracked |  0
| 104|0x000000061d400000, 0x000000061d400000, 0x000000061d800000|  0%| F|  |TAMS 0x000000061d400000| PB 0x000000061d400000| Untracked |  0
| 105|0x000000061d800000, 0x000000061d800000, 0x000000061dc00000|  0%| F|  |TAMS 0x000000061d800000| PB 0x000000061d800000| Untracked |  0
| 106|0x000000061dc00000, 0x000000061dc00000, 0x000000061e000000|  0%| F|  |TAMS 0x000000061dc00000| PB 0x000000061dc00000| Untracked |  0
| 107|0x000000061e000000, 0x000000061e000000, 0x000000061e400000|  0%| F|  |TAMS 0x000000061e000000| PB 0x000000061e000000| Untracked |  0
| 108|0x000000061e400000, 0x000000061e400000, 0x000000061e800000|  0%| F|  |TAMS 0x000000061e400000| PB 0x000000061e400000| Untracked |  0
| 109|0x000000061e800000, 0x000000061e800000, 0x000000061ec00000|  0%| F|  |TAMS 0x000000061e800000| PB 0x000000061e800000| Untracked |  0
| 110|0x000000061ec00000, 0x000000061ec00000, 0x000000061f000000|  0%| F|  |TAMS 0x000000061ec00000| PB 0x000000061ec00000| Untracked |  0
| 111|0x000000061f000000, 0x000000061f000000, 0x000000061f400000|  0%| F|  |TAMS 0x000000061f000000| PB 0x000000061f000000| Untracked |  0
| 112|0x000000061f400000, 0x000000061f400000, 0x000000061f800000|  0%| F|  |TAMS 0x000000061f400000| PB 0x000000061f400000| Untracked |  0
| 113|0x000000061f800000, 0x000000061f800000, 0x000000061fc00000|  0%| F|  |TAMS 0x000000061f800000| PB 0x000000061f800000| Untracked |  0
| 114|0x000000061fc00000, 0x000000061fc00000, 0x0000000620000000|  0%| F|  |TAMS 0x000000061fc00000| PB 0x000000061fc00000| Untracked |  0
| 115|0x0000000620000000, 0x0000000620000000, 0x0000000620400000|  0%| F|  |TAMS 0x0000000620000000| PB 0x0000000620000000| Untracked |  0
| 116|0x0000000620400000, 0x0000000620400000, 0x0000000620800000|  0%| F|  |TAMS 0x0000000620400000| PB 0x0000000620400000| Untracked |  0
| 117|0x0000000620800000, 0x0000000620800000, 0x0000000620c00000|  0%| F|  |TAMS 0x0000000620800000| PB 0x0000000620800000| Untracked |  0
| 118|0x0000000620c00000, 0x0000000620c00000, 0x0000000621000000|  0%| F|  |TAMS 0x0000000620c00000| PB 0x0000000620c00000| Untracked |  0
| 119|0x0000000621000000, 0x0000000621000000, 0x0000000621400000|  0%| F|  |TAMS 0x0000000621000000| PB 0x0000000621000000| Untracked |  0
| 120|0x0000000621400000, 0x0000000621400000, 0x0000000621800000|  0%| F|  |TAMS 0x0000000621400000| PB 0x0000000621400000| Untracked |  0
| 121|0x0000000621800000, 0x0000000621800000, 0x0000000621c00000|  0%| F|  |TAMS 0x0000000621800000| PB 0x0000000621800000| Untracked |  0
| 122|0x0000000621c00000, 0x0000000621c00000, 0x0000000622000000|  0%| F|  |TAMS 0x0000000621c00000| PB 0x0000000621c00000| Untracked |  0
| 123|0x0000000622000000, 0x0000000622000000, 0x0000000622400000|  0%| F|  |TAMS 0x0000000622000000| PB 0x0000000622000000| Untracked |  0
| 124|0x0000000622400000, 0x0000000622400000, 0x0000000622800000|  0%| F|  |TAMS 0x0000000622400000| PB 0x0000000622400000| Untracked |  0
| 125|0x0000000622800000, 0x00000006228f5c70, 0x0000000622c00000| 24%| E|  |TAMS 0x0000000622800000| PB 0x0000000622800000| Complete |  0
| 126|0x0000000622c00000, 0x0000000623000000, 0x0000000623000000|100%| E|CS|TAMS 0x0000000622c00000| PB 0x0000000622c00000| Complete |  0
| 127|0x0000000623000000, 0x0000000623400000, 0x0000000623400000|100%| E|CS|TAMS 0x0000000623000000| PB 0x0000000623000000| Complete |  0

Card table byte_map: [0x0000021f763b0000,0x0000021f773a0000] _byte_map_base: 0x0000021f73396000

Marking Bits: (CMBitMap*) 0x0000021f7f310120
 Bits: [0x0000021f773a0000, 0x0000021f7f2d0000)

Polling page: 0x0000021f5c570000

Metaspace:

Usage:
  Non-class:      8.40 MB used.
      Class:      1.20 MB used.
       Both:      9.60 MB used.

Virtual space:
  Non-class space:       64.00 MB reserved,       8.50 MB ( 13%) committed,  1 nodes.
      Class space:        1.00 GB reserved,       1.31 MB ( <1%) committed,  1 nodes.
             Both:        1.06 GB reserved,       9.81 MB ( <1%) committed. 

Chunk freelists:
   Non-Class:  6.98 MB
       Class:  14.73 MB
        Both:  21.71 MB

MaxMetaspaceSize: unlimited
CompressedClassSpaceSize: 1.00 GB
Initial GC threshold: 21.00 MB
Current GC threshold: 21.00 MB
CDS: on
 - commit_granule_bytes: 65536.
 - commit_granule_words: 8192.
 - virtual_space_node_default_size: 8388608.
 - enlarge_chunks_in_place: 1.
 - use_allocation_guard: 0.


Internal statistics:

num_allocs_failed_limit: 0.
num_arena_births: 152.
num_arena_deaths: 0.
num_vsnodes_births: 2.
num_vsnodes_deaths: 0.
num_space_committed: 157.
num_space_uncommitted: 0.
num_chunks_returned_to_freelist: 0.
num_chunks_taken_from_freelist: 189.
num_chunk_merges: 0.
num_chunk_splits: 115.
num_chunks_enlarged: 52.
num_inconsistent_stats: 0.

CodeHeap 'non-profiled nmethods': size=120064Kb used=284Kb max_used=284Kb free=119779Kb
 bounds [0x0000021f6db50000, 0x0000021f6ddc0000, 0x0000021f75090000]
CodeHeap 'profiled nmethods': size=120000Kb used=1129Kb max_used=1129Kb free=118870Kb
 bounds [0x0000021f66090000, 0x0000021f66300000, 0x0000021f6d5c0000]
CodeHeap 'non-nmethods': size=5696Kb used=1556Kb max_used=1572Kb free=4139Kb
 bounds [0x0000021f6d5c0000, 0x0000021f6d830000, 0x0000021f6db50000]
CodeCache: size=245760Kb, used=2969Kb, max_used=2985Kb, free=242788Kb
 total_blobs=1602, nmethods=966, adapters=542, full_count=0
Compilation: enabled, stopped_count=0, restarted_count=0

Compilation events (20 events):
Event: 5401.010 Thread 0x0000021f430d8030  946       3       java.util.IdentityHashMap::isEmpty (13 bytes)
Event: 5401.010 Thread 0x0000021f430d8030 nmethod 946 0x0000021f661a6608 code [0x0000021f661a6720, 0x0000021f661a6878]
Event: 5512.928 Thread 0x0000021f430d8030  947       3       sun.awt.AWTAutoShutdown::isReadyToShutdown (37 bytes)
Event: 5512.928 Thread 0x0000021f430d8030 nmethod 947 0x0000021f661a6908 code [0x0000021f661a6a40, 0x0000021f661a6d98]
Event: 5798.845 Thread 0x0000021f430d8030  948   !   3       sun.awt.AWTAutoShutdown::setToolkitBusy (124 bytes)
Event: 5798.846 Thread 0x0000021f430d8030 nmethod 948 0x0000021f661a6e08 code [0x0000021f661a6fa0, 0x0000021f661a7698]
Event: 7201.024 Thread 0x0000021f430d8030  951       3       jdk.internal.misc.Unsafe::putReferenceOpaque (9 bytes)
Event: 7201.024 Thread 0x0000021f430d8030 nmethod 951 0x0000021f661a7708 code [0x0000021f661a7820, 0x0000021f661a7988]
Event: 7261.030 Thread 0x0000021f430d8030  952       3       java.util.concurrent.locks.LockSupport::setBlocker (12 bytes)
Event: 7261.031 Thread 0x0000021f430d8030 nmethod 952 0x0000021f661a7a08 code [0x0000021f661a7b20, 0x0000021f661a7d28]
Event: 7381.048 Thread 0x0000021f430d8030  953       3       java.util.concurrent.locks.AbstractQueuedSynchronizer$ConditionObject::canReacquire (38 bytes)
Event: 7381.049 Thread 0x0000021f430d8030 nmethod 953 0x0000021f661a7d88 code [0x0000021f661a7ec0, 0x0000021f661a8208]
Event: 7681.110 Thread 0x0000021f430d8030  955       3       java.lang.ref.ReferenceQueue::poll0 (65 bytes)
Event: 7681.111 Thread 0x0000021f430d8030 nmethod 955 0x0000021f661a8288 code [0x0000021f661a83e0, 0x0000021f661a88c8]
Event: 12121.801 Thread 0x0000021f430d8030  956       3       jdk.internal.misc.Unsafe::weakCompareAndSetInt (11 bytes)
Event: 12121.801 Thread 0x0000021f430d8030 nmethod 956 0x0000021f661a8908 code [0x0000021f661a8a20, 0x0000021f661a8b48]
Event: 12171.742 Thread 0x0000021f430d8030  957       3       sun.awt.AWTAutoShutdown::notifyToolkitThreadBusy (8 bytes)
Event: 12171.742 Thread 0x0000021f430d8030 nmethod 957 0x0000021f661a8c08 code [0x0000021f661a8d40, 0x0000021f661a8ec8]
Event: 12171.806 Thread 0x0000021f430d8030  958       3       sun.awt.AWTAutoShutdown::notifyToolkitThreadFree (8 bytes)
Event: 12171.806 Thread 0x0000021f430d8030 nmethod 958 0x0000021f661a8f08 code [0x0000021f661a9040, 0x0000021f661a91c8]

GC Heap History (0 events):
No events

Dll operation events (9 events):
Event: 0.027 Loaded shared library C:\Program Files\Java\jdk-23\bin\java.dll
Event: 0.109 Loaded shared library C:\Program Files\Java\jdk-23\bin\jsvml.dll
Event: 0.139 Loaded shared library C:\Program Files\Java\jdk-23\bin\net.dll
Event: 0.144 Loaded shared library C:\Program Files\Java\jdk-23\bin\nio.dll
Event: 0.166 Loaded shared library C:\Program Files\Java\jdk-23\bin\zip.dll
Event: 0.177 Loaded shared library C:\Program Files\Java\jdk-23\bin\jimage.dll
Event: 0.192 Loaded shared library C:\Program Files\Java\jdk-23\bin\awt.dll
Event: 0.292 Loaded shared library C:\Program Files\Java\jdk-23\bin\freetype.dll
Event: 0.294 Loaded shared library C:\Program Files\Java\jdk-23\bin\fontmanager.dll

Deoptimization events (20 events):
Event: 0.637 Thread 0x0000021f437d7330 Uncommon trap: trap_request=0xffffff3d fr.pc=0x0000021f6db7f77c relative=0x0000000000000bfc
Event: 0.637 Thread 0x0000021f437d7330 Uncommon trap: reason=unstable_fused_if action=reinterpret pc=0x0000021f6db7f77c method=java.util.HashMap.resize()[Ljava/util/HashMap$Node; @ 31 c2
Event: 0.637 Thread 0x0000021f437d7330 DEOPT PACKING pc=0x0000021f6db7f77c sp=0x000000c259efe310
Event: 0.637 Thread 0x0000021f437d7330 DEOPT UNPACKING pc=0x0000021f6d614402 sp=0x000000c259efe298 mode 2
Event: 0.770 Thread 0x0000021f437d7330 Uncommon trap: trap_request=0xffffffde fr.pc=0x0000021f6db6372c relative=0x00000000000001ac
Event: 0.770 Thread 0x0000021f437d7330 Uncommon trap: reason=class_check action=maybe_recompile pc=0x0000021f6db6372c method=java.lang.String.equals(Ljava/lang/Object;)Z @ 8 c2
Event: 0.770 Thread 0x0000021f437d7330 DEOPT PACKING pc=0x0000021f6db6372c sp=0x000000c259efce30
Event: 0.770 Thread 0x0000021f437d7330 DEOPT UNPACKING pc=0x0000021f6d614402 sp=0x000000c259efcdc8 mode 2
Event: 0.770 Thread 0x0000021f437d7330 Uncommon trap: trap_request=0xffffffde fr.pc=0x0000021f6db6372c relative=0x00000000000001ac
Event: 0.770 Thread 0x0000021f437d7330 Uncommon trap: reason=class_check action=maybe_recompile pc=0x0000021f6db6372c method=java.lang.String.equals(Ljava/lang/Object;)Z @ 8 c2
Event: 0.770 Thread 0x0000021f437d7330 DEOPT PACKING pc=0x0000021f6db6372c sp=0x000000c259efcf70
Event: 0.770 Thread 0x0000021f437d7330 DEOPT UNPACKING pc=0x0000021f6d614402 sp=0x000000c259efcf08 mode 2
Event: 0.770 Thread 0x0000021f437d7330 Uncommon trap: trap_request=0xffffffde fr.pc=0x0000021f6db6372c relative=0x00000000000001ac
Event: 0.770 Thread 0x0000021f437d7330 Uncommon trap: reason=class_check action=maybe_recompile pc=0x0000021f6db6372c method=java.lang.String.equals(Ljava/lang/Object;)Z @ 8 c2
Event: 0.770 Thread 0x0000021f437d7330 DEOPT PACKING pc=0x0000021f6db6372c sp=0x000000c259efce20
Event: 0.770 Thread 0x0000021f437d7330 DEOPT UNPACKING pc=0x0000021f6d614402 sp=0x000000c259efcdb8 mode 2
Event: 0.770 Thread 0x0000021f437d7330 Uncommon trap: trap_request=0xffffffde fr.pc=0x0000021f6db6372c relative=0x00000000000001ac
Event: 0.770 Thread 0x0000021f437d7330 Uncommon trap: reason=class_check action=maybe_recompile pc=0x0000021f6db6372c method=java.lang.String.equals(Ljava/lang/Object;)Z @ 8 c2
Event: 0.770 Thread 0x0000021f437d7330 DEOPT PACKING pc=0x0000021f6db6372c sp=0x000000c259efce20
Event: 0.770 Thread 0x0000021f437d7330 DEOPT UNPACKING pc=0x0000021f6d614402 sp=0x000000c259efcdb8 mode 2

Classes loaded (20 events):
Event: 0.781 Loading class javax/swing/JTable$5
Event: 0.781 Loading class javax/swing/JTable$5 done
Event: 0.781 Loading class java/io/BufferedReader
Event: 0.781 Loading class java/io/BufferedReader done
Event: 0.783 Loading class sun/nio/cs/StreamDecoder
Event: 0.783 Loading class sun/nio/cs/StreamDecoder done
Event: 0.784 Loading class java/lang/InterruptedException
Event: 0.784 Loading class java/lang/InterruptedException done
Event: 0.785 Loading class java/lang/Throwable$WrappedPrintStream
Event: 0.785 Loading class java/lang/Throwable$PrintStreamOrWriter
Event: 0.785 Loading class java/lang/Throwable$PrintStreamOrWriter done
Event: 0.785 Loading class java/lang/Throwable$WrappedPrintStream done
Event: 0.785 Loading class java/lang/StackTraceElement$HashedModules
Event: 0.785 Loading class java/lang/StackTraceElement$HashedModules done
Event: 0.785 Loading class java/awt/EventQueue$5
Event: 0.786 Loading class java/awt/EventQueue$5 done
Event: 0.786 Loading class javax/swing/RepaintManager$2$1
Event: 0.786 Loading class javax/swing/RepaintManager$2$1 done
Event: 13033.991 Loading class java/util/ArrayList$ListItr
Event: 13033.991 Loading class java/util/ArrayList$ListItr done

Classes unloaded (0 events):
No events

Classes redefined (0 events):
No events

Internal exceptions (20 events):
Event: 0.324 Thread 0x0000021f5d9a9820 Exception <a 'java/lang/ClassNotFoundException'{0x0000000622de5318}: ToolBar> (0x0000000622de5318) 
thrown [s\open\src\hotspot\share\classfile\systemDictionary.cpp, line 313]
Event: 0.324 Thread 0x0000021f5d9a9820 Exception <a 'java/lang/ClassNotFoundException'{0x0000000622de5688}: ToggleButton> (0x0000000622de5688) 
thrown [s\open\src\hotspot\share\classfile\systemDictionary.cpp, line 313]
Event: 0.324 Thread 0x0000021f5d9a9820 Exception <a 'java/lang/ClassNotFoundException'{0x0000000622de5ac8}: javax/swing/JToolBarSeparator> (0x0000000622de5ac8) 
thrown [s\open\src\hotspot\share\classfile\systemDictionary.cpp, line 313]
Event: 0.324 Thread 0x0000021f5d9a9820 Exception <a 'java/lang/ClassNotFoundException'{0x0000000622de5dd8}: ToolBarSeparator> (0x0000000622de5dd8) 
thrown [s\open\src\hotspot\share\classfile\systemDictionary.cpp, line 313]
Event: 0.324 Thread 0x0000021f5d9a9820 Exception <a 'java/lang/ClassNotFoundException'{0x0000000622de62f0}: ToolTip> (0x0000000622de62f0) 
thrown [s\open\src\hotspot\share\classfile\systemDictionary.cpp, line 313]
Event: 0.325 Thread 0x0000021f5d9a9820 Exception <a 'java/lang/ClassNotFoundException'{0x0000000622de6c40}: Tree> (0x0000000622de6c40) 
thrown [s\open\src\hotspot\share\classfile\systemDictionary.cpp, line 313]
Event: 0.325 Thread 0x0000021f5d9a9820 Exception <a 'java/lang/ClassNotFoundException'{0x0000000622de7138}: Tree> (0x0000000622de7138) 
thrown [s\open\src\hotspot\share\classfile\systemDictionary.cpp, line 313]
Event: 0.325 Thread 0x0000021f5d9a9820 Exception <a 'java/lang/ClassNotFoundException'{0x0000000622de74a8}: javax/swing/JTreeCell> (0x0000000622de74a8) 
thrown [s\open\src\hotspot\share\classfile\systemDictionary.cpp, line 313]
Event: 0.325 Thread 0x0000021f5d9a9820 Exception <a 'java/lang/ClassNotFoundException'{0x0000000622de77b0}: TreeCell> (0x0000000622de77b0) 
thrown [s\open\src\hotspot\share\classfile\systemDictionary.cpp, line 313]
Event: 0.326 Thread 0x0000021f5d9a9820 Exception <a 'java/lang/ClassNotFoundException'{0x0000000622de7f68}: RootPane> (0x0000000622de7f68) 
thrown [s\open\src\hotspot\share\classfile\systemDictionary.cpp, line 313]
Event: 0.327 Thread 0x0000021f5d9a9820 Exception <a 'java/lang/ClassNotFoundException'{0x0000000622deadc8}: com/sun/swing/internal/plaf/metal/resources/spi/metalProvider> (0x0000000622deadc8) 
thrown [s\open\src\hotspot\share\classfile\systemDictionary.cpp, line 313]
Event: 0.327 Thread 0x0000021f5d9a9820 Exception <a 'java/lang/ClassNotFoundException'{0x0000000622deed28}: com/sun/swing/internal/plaf/basic/resources/spi/basicProvider> (0x0000000622deed28) 
thrown [s\open\src\hotspot\share\classfile\systemDictionary.cpp, line 313]
Event: 0.629 Thread 0x0000021f437d7330 Exception <a 'java/lang/ClassNotFoundException'{0x0000000622e7ba90}: com/sun/swing/internal/plaf/synth/resources/spi/synthProvider> (0x0000000622e7ba90) 
thrown [s\open\src\hotspot\share\classfile\systemDictionary.cpp, line 313]
Event: 0.640 Thread 0x0000021f437d7330 Exception <a 'java/lang/NoSuchMethodError'{0x0000000622ebf468}: 'int java.lang.invoke.Invokers$Holder.invokeExact_MT(java.lang.Object, java.lang.Object)'> (0x0000000622ebf468) 
thrown [s\open\src\hotspot\share\interpreter\linkResolver.cpp, line 796]
Event: 0.642 Thread 0x0000021f437d7330 Exception <a 'java/lang/NoSuchMethodError'{0x0000000622ec7c50}: 'java.lang.Object java.lang.invoke.DirectMethodHandle$Holder.newInvokeSpecial(java.lang.Object, java.lang.Object, int)'> (0x0000000622ec7c50) 
thrown [s\open\src\hotspot\share\interpreter\linkResolver.cpp, line 796]
Event: 0.644 Thread 0x0000021f437d7330 Exception <a 'java/lang/NoSuchMethodError'{0x0000000622edbf88}: 'java.lang.Object java.lang.invoke.DirectMethodHandle$Holder.invokeStatic(java.lang.Object, java.lang.Object, java.lang.Object, java.lang.Object, int)'> (0x0000000622edbf88) 
thrown [s\open\src\hotspot\share\interpreter\linkResolver.cpp, line 796]
Event: 0.646 Thread 0x0000021f437d7330 Exception <a 'java/lang/NoSuchMethodError'{0x0000000622f62a68}: 'int java.lang.invoke.DirectMethodHandle$Holder.invokeSpecial(java.lang.Object, java.lang.Object, java.lang.Object)'> (0x0000000622f62a68) 
thrown [s\open\src\hotspot\share\interpreter\linkResolver.cpp, line 796]
Event: 0.697 Thread 0x0000021f435f3790 Exception <a 'java/lang/NoSuchMethodError'{0x0000000622c0e830}: 'void java.lang.invoke.DirectMethodHandle$Holder.invokeVirtual(java.lang.Object, java.lang.Object)'> (0x0000000622c0e830) 
thrown [s\open\src\hotspot\share\interpreter\linkResolver.cpp, line 796]
Event: 0.709 Thread 0x0000021f437d7330 Exception <a 'java/lang/NoSuchMethodError'{0x0000000622817f88}: 'void java.lang.invoke.DirectMethodHandle$Holder.invokeStaticInit(java.lang.Object)'> (0x0000000622817f88) 
thrown [s\open\src\hotspot\share\interpreter\linkResolver.cpp, line 796]
Event: 0.784 Thread 0x0000021f437d7330 Exception <a 'java/lang/NullPointerException'{0x0000000622882718}> (0x0000000622882718) 
thrown [s\open\src\hotspot\share\interpreter\linkResolver.cpp, line 1389]

VM Operations (12 events):
Event: 0.150 Executing VM operation: HandshakeAllThreads (Deoptimize)
Event: 0.150 Executing VM operation: HandshakeAllThreads (Deoptimize) done
Event: 0.214 Executing VM operation: HandshakeAllThreads (Deoptimize)
Event: 0.214 Executing VM operation: HandshakeAllThreads (Deoptimize) done
Event: 0.683 Executing VM operation: HandshakeAllThreads (Deoptimize)
Event: 0.683 Executing VM operation: HandshakeAllThreads (Deoptimize) done
Event: 60.036 Executing VM operation: HandshakeAllThreads (HandshakeForDeflation)
Event: 60.037 Executing VM operation: HandshakeAllThreads (HandshakeForDeflation) done
Event: 60.037 Executing VM operation: RendezvousGCThreads
Event: 60.037 Executing VM operation: RendezvousGCThreads done
Event: 13033.992 Executing VM operation: HandshakeAllThreads (Deoptimize)
Event: 13033.992 Executing VM operation: HandshakeAllThreads (Deoptimize) done

Memory protections (0 events):
No events

Nmethod flushes (0 events):
No events

Events (17 events):
Event: 0.075 Thread 0x0000021f5d9a9820 Thread added: 0x0000021f5d9a9820
Event: 0.101 Thread 0x0000021f5d9a9820 Thread added: 0x0000021f4309d9b0
Event: 0.104 Thread 0x0000021f5d9a9820 Thread added: 0x0000021f4309edb0
Event: 0.104 Thread 0x0000021f5d9a9820 Thread added: 0x0000021f430a0540
Event: 0.104 Thread 0x0000021f5d9a9820 Thread added: 0x0000021f430a1750
Event: 0.104 Thread 0x0000021f5d9a9820 Thread added: 0x0000021f430a4960
Event: 0.105 Thread 0x0000021f5d9a9820 Thread added: 0x0000021f430a5c90
Event: 0.105 Thread 0x0000021f5d9a9820 Thread added: 0x0000021f430d4dd0
Event: 0.105 Thread 0x0000021f5d9a9820 Thread added: 0x0000021f430d8030
Event: 0.125 Thread 0x0000021f5d9a9820 Thread added: 0x0000021f431bfcc0
Event: 0.158 Thread 0x0000021f5d9a9820 Thread added: 0x0000021f43309d80
Event: 0.234 Thread 0x0000021f5d9a9820 Thread added: 0x0000021f435e92d0
Event: 0.235 Thread 0x0000021f5d9a9820 Thread added: 0x0000021f435f09a0
Event: 0.236 Thread 0x0000021f5d9a9820 Thread added: 0x0000021f435f3790
Event: 0.337 Thread 0x0000021f5d9a9820 Thread added: 0x0000021f437d7330
Event: 0.337 Thread 0x0000021f5d9a9820 Thread exited: 0x0000021f5d9a9820
Event: 0.337 Thread 0x0000021f5d9a9820 Thread added: 0x0000021f5d9a9820


Dynamic libraries:
0x00007ff7fc840000 - 0x00007ff7fc850000 	C:\Program Files\Java\jdk-23\bin\java.exe
0x00007ffc8c9a0000 - 0x00007ffc8cc03000 	C:\WINDOWS\SYSTEM32\ntdll.dll
0x00007ffc8a7c0000 - 0x00007ffc8a887000 	C:\WINDOWS\System32\KERNEL32.DLL
0x00007ffc89d10000 - 0x00007ffc8a0d9000 	C:\WINDOWS\System32\KERNELBASE.dll
0x00007ffc8a180000 - 0x00007ffc8a2cc000 	C:\WINDOWS\System32\ucrtbase.dll
0x00007ffc7fae0000 - 0x00007ffc7faf7000 	C:\Program Files\Java\jdk-23\bin\jli.dll
0x00007ffc8b0d0000 - 0x00007ffc8b29a000 	C:\WINDOWS\System32\USER32.dll
0x00007ffc839d0000 - 0x00007ffc839eb000 	C:\Program Files\Java\jdk-23\bin\VCRUNTIME140.dll
0x00007ffc8a6d0000 - 0x00007ffc8a6f7000 	C:\WINDOWS\System32\win32u.dll
0x00007ffc8bc10000 - 0x00007ffc8bc3a000 	C:\WINDOWS\System32\GDI32.dll
0x00007ffc8a590000 - 0x00007ffc8a6c1000 	C:\WINDOWS\System32\gdi32full.dll
0x00007ffc8a450000 - 0x00007ffc8a4f3000 	C:\WINDOWS\System32\msvcp_win.dll
0x00007ffc76280000 - 0x00007ffc76510000 	C:\WINDOWS\WinSxS\amd64_microsoft.windows.common-controls_6595b64144ccf1df_6.0.26100.3323_none_3e088096e3344490\COMCTL32.dll
0x00007ffc8a980000 - 0x00007ffc8aa29000 	C:\WINDOWS\System32\msvcrt.dll
0x00007ffc8b440000 - 0x00007ffc8b46f000 	C:\WINDOWS\System32\IMM32.DLL
0x00007ffc82350000 - 0x00007ffc824aa000 	C:\WINDOWS\system32\tmumh\20019\AddOn\8.55.0.1333\TmUmEvt64.dll
0x00007ffc8ab10000 - 0x00007ffc8ab18000 	C:\WINDOWS\System32\PSAPI.DLL
0x00007ffc8ab80000 - 0x00007ffc8ac32000 	C:\WINDOWS\System32\ADVAPI32.dll
0x00007ffc8c740000 - 0x00007ffc8c7e6000 	C:\WINDOWS\System32\sechost.dll
0x00007ffc8c7f0000 - 0x00007ffc8c906000 	C:\WINDOWS\System32\RPCRT4.dll
0x00000000737d0000 - 0x00000000738f6000 	C:\WINDOWS\system32\tmumh\20019\TmMon\2.9.0.1205\tmmon64.dll
0x00007ffc82310000 - 0x00007ffc8231c000 	C:\Program Files\Java\jdk-23\bin\vcruntime140_1.dll
0x00007ffc58da0000 - 0x00007ffc58e2e000 	C:\Program Files\Java\jdk-23\bin\msvcp140.dll
0x00007ffbb4c30000 - 0x00007ffbb5980000 	C:\Program Files\Java\jdk-23\bin\server\jvm.dll
0x00007ffc8aa30000 - 0x00007ffc8aaa4000 	C:\WINDOWS\System32\WS2_32.dll
0x00007ffc89330000 - 0x00007ffc8937e000 	C:\WINDOWS\SYSTEM32\POWRPROF.dll
0x00007ffc79ab0000 - 0x00007ffc79ae6000 	C:\WINDOWS\SYSTEM32\WINMM.dll
0x00007ffc83090000 - 0x00007ffc8309b000 	C:\WINDOWS\SYSTEM32\VERSION.dll
0x00007ffc89310000 - 0x00007ffc89324000 	C:\WINDOWS\SYSTEM32\UMPDC.dll
0x0000021f5c560000 - 0x0000021f5c563000 	C:\WINDOWS\system32\Sfc.dll
0x00007ffc6e420000 - 0x00007ffc6e42a000 	C:\WINDOWS\SYSTEM32\sfc_os.DLL
0x00007ffc898d0000 - 0x00007ffc899cf000 	C:\WINDOWS\SYSTEM32\ServicingCommon.dll
0x00007ffc8ac40000 - 0x00007ffc8b0c6000 	C:\WINDOWS\System32\SETUPAPI.dll
0x00007ffc88980000 - 0x00007ffc8899a000 	C:\WINDOWS\SYSTEM32\kernel.appcore.dll
0x00007ffc82300000 - 0x00007ffc8230a000 	C:\Program Files\Java\jdk-23\bin\jimage.dll
0x00007ffc7ecd0000 - 0x00007ffc7ef11000 	C:\WINDOWS\SYSTEM32\DBGHELP.DLL
0x00007ffc8b6e0000 - 0x00007ffc8ba62000 	C:\WINDOWS\System32\combase.dll
0x00007ffc8c660000 - 0x00007ffc8c736000 	C:\WINDOWS\System32\OLEAUT32.dll
0x00007ffc7ce80000 - 0x00007ffc7ceb9000 	C:\WINDOWS\SYSTEM32\dbgcore.DLL
0x00007ffc8a0e0000 - 0x00007ffc8a179000 	C:\WINDOWS\System32\bcryptPrimitives.dll
0x00007ffc7fac0000 - 0x00007ffc7fade000 	C:\Program Files\Java\jdk-23\bin\java.dll
0x00007ffc8ba70000 - 0x00007ffc8bc05000 	C:\WINDOWS\System32\ole32.dll
0x00007ffc8bf20000 - 0x00007ffc8c635000 	C:\WINDOWS\System32\SHELL32.dll
0x00007ffc89ba0000 - 0x00007ffc89d08000 	C:\WINDOWS\System32\wintypes.dll
0x00007ffc87860000 - 0x00007ffc880a5000 	C:\WINDOWS\SYSTEM32\windows.storage.dll
0x00007ffc8a890000 - 0x00007ffc8a97b000 	C:\WINDOWS\System32\SHCORE.dll
0x0000021f43410000 - 0x0000021f4346d000 	C:\WINDOWS\System32\shlwapi.dll
0x00007ffc89ab0000 - 0x00007ffc89adf000 	C:\WINDOWS\SYSTEM32\profapi.dll
0x00007ffc53070000 - 0x00007ffc53147000 	C:\Program Files\Java\jdk-23\bin\jsvml.dll
0x00007ffc7fb60000 - 0x00007ffc7fb70000 	C:\Program Files\Java\jdk-23\bin\net.dll
0x00007ffc88e80000 - 0x00007ffc88eea000 	C:\WINDOWS\system32\mswsock.dll
0x00007ffc7d370000 - 0x00007ffc7d386000 	C:\Program Files\Java\jdk-23\bin\nio.dll
0x00007ffc7d300000 - 0x00007ffc7d317000 	C:\Program Files\Java\jdk-23\bin\zip.dll
0x00007ffc40010000 - 0x00007ffc4019e000 	C:\Program Files\Java\jdk-23\bin\awt.dll
0x00007ffc86b90000 - 0x00007ffc86c2c000 	C:\WINDOWS\SYSTEM32\apphelp.dll
0x00007ffc86ed0000 - 0x00007ffc86f7e000 	C:\WINDOWS\system32\uxtheme.dll
0x00007ffc8bc40000 - 0x00007ffc8bd9b000 	C:\WINDOWS\System32\MSCTF.dll
0x00007ffc872e0000 - 0x00007ffc87315000 	C:\WINDOWS\system32\DWMAPI.DLL
0x00007ffc55620000 - 0x00007ffc556a7000 	C:\Program Files\Java\jdk-23\bin\freetype.dll
0x00007ffc40a50000 - 0x00007ffc40b27000 	C:\Program Files\Java\jdk-23\bin\fontmanager.dll
0x00007ffc5fff0000 - 0x00007ffc600fc000 	C:\WINDOWS\system32\opengl32.dll
0x00007ffc66520000 - 0x00007ffc6654d000 	C:\WINDOWS\SYSTEM32\GLU32.dll
0x00007ffc86fd0000 - 0x00007ffc87017000 	C:\WINDOWS\SYSTEM32\dxcore.dll
0x00007ffc893a0000 - 0x00007ffc893b3000 	C:\WINDOWS\SYSTEM32\msasn1.dll
0x00007ffc83050000 - 0x00007ffc8308b000 	C:\WINDOWS\SYSTEM32\cryptnet.dll
0x00007ffc8a2d0000 - 0x00007ffc8a447000 	C:\WINDOWS\System32\CRYPT32.dll
0x00007ffc82d60000 - 0x00007ffc82edb000 	C:\WINDOWS\SYSTEM32\drvstore.dll
0x00007ffc89870000 - 0x00007ffc8989d000 	C:\WINDOWS\SYSTEM32\devobj.dll
0x00007ffc89800000 - 0x00007ffc8985f000 	C:\WINDOWS\SYSTEM32\cfgmgr32.dll
0x00007ffc89140000 - 0x00007ffc8919d000 	C:\WINDOWS\SYSTEM32\wldp.dll
0x00007ffc89210000 - 0x00007ffc8921c000 	C:\WINDOWS\SYSTEM32\cryptbase.dll
0x00007ffc8a500000 - 0x00007ffc8a57f000 	C:\WINDOWS\System32\WINTRUST.DLL
0x00007ffc8bda0000 - 0x00007ffc8bdc0000 	C:\WINDOWS\System32\imagehlp.dll
0x00007ffc892a0000 - 0x00007ffc892bc000 	C:\WINDOWS\SYSTEM32\CRYPTSP.dll
0x00007ffc888e0000 - 0x00007ffc8891a000 	C:\WINDOWS\system32\rsaenh.dll
0x00007ffc894d0000 - 0x00007ffc894f6000 	C:\WINDOWS\SYSTEM32\bcrypt.dll
0x00007ffc50290000 - 0x00007ffc50557000 	C:\WINDOWS\system32\nvspcap64.dll
0x00007ffc88aa0000 - 0x00007ffc88ad5000 	C:\WINDOWS\SYSTEM32\ntmarta.dll
0x00007ffc88ef0000 - 0x00007ffc88f17000 	C:\WINDOWS\SYSTEM32\gpapi.dll
0x00007ffc8bdd0000 - 0x00007ffc8be78000 	C:\WINDOWS\System32\clbcatq.dll
0x00007ffc86c90000 - 0x00007ffc86ebe000 	C:\WINDOWS\SYSTEM32\WindowsCodecs.dll
0x00007ffc64520000 - 0x00007ffc6457a000 	C:\WINDOWS\system32\dataexchange.dll
0x00007ffc84240000 - 0x00007ffc8447b000 	C:\WINDOWS\system32\twinapi.appcore.dll

dbghelp: loaded successfully - version: 4.0.5 - missing functions: none
symbol engine: initialized successfully - sym options: 0x614 - pdb path: .;C:\Program Files\Java\jdk-23\bin;C:\WINDOWS\SYSTEM32;C:\WINDOWS\WinSxS\amd64_microsoft.windows.common-controls_6595b64144ccf1df_6.0.26100.3323_none_3e088096e3344490;C:\WINDOWS\system32\tmumh\20019\AddOn\8.55.0.1333;C:\WINDOWS\system32\tmumh\20019\TmMon\2.9.0.1205;C:\Program Files\Java\jdk-23\bin\server

VM Arguments:
jvm_args: -Dfile.encoding=UTF-8 --enable-preview --module-path=D:\Documents\NetBeansProjects\MPHPayrollsystemApp\build\classes 
java_command: EmployeeSearchFrame
java_class_path (initial): C:\Program Files\NetBeans-24\netbeans\java\modules\ext\AbsoluteLayout.jar;D:\Documents\NetBeansProjects\MPHPayrollsystemApp\build\classes
Launcher Type: SUN_STANDARD

[Global flags]
     intx CICompilerCount                          = 4                                         {product} {ergonomic}
     uint ConcGCThreads                            = 2                                         {product} {ergonomic}
     uint G1ConcRefinementThreads                  = 8                                         {product} {ergonomic}
   size_t G1HeapRegionSize                         = 4194304                                   {product} {ergonomic}
   size_t InitialHeapSize                          = 536870912                                 {product} {ergonomic}
   size_t MarkStackSize                            = 4194304                                   {product} {ergonomic}
   size_t MarkStackSizeMax                         = 536870912                                 {product} {ergonomic}
   size_t MaxHeapSize                              = 8535408640                                {product} {ergonomic}
   size_t MaxNewSize                               = 5121245184                                {product} {ergonomic}
   size_t MinHeapDeltaBytes                        = 4194304                                   {product} {ergonomic}
   size_t MinHeapSize                              = 8388608                                   {product} {ergonomic}
    uintx NonNMethodCodeHeapSize                   = 5832704                                {pd product} {ergonomic}
    uintx NonProfiledCodeHeapSize                  = 122945536                              {pd product} {ergonomic}
    uintx ProfiledCodeHeapSize                     = 122880000                              {pd product} {ergonomic}
    uintx ReservedCodeCacheSize                    = 251658240                              {pd product} {ergonomic}
     bool SegmentedCodeCache                       = true                                      {product} {ergonomic}
   size_t SoftMaxHeapSize                          = 8535408640                             {manageable} {ergonomic}
     bool UseCompressedOops                        = true                           {product lp64_product} {ergonomic}
     bool UseG1GC                                  = true                                      {product} {ergonomic}
     bool UseLargePagesIndividualAllocation        = false                                  {pd product} {ergonomic}

Logging:
Log output configuration:
 #0: stdout all=warning uptime,level,tags foldmultilines=false
 #1: stderr all=off uptime,level,tags foldmultilines=false

Environment Variables:
JAVA_HOME=C:\Program Files\Java\jdk-23
PATH=C:\Program Files\Common Files\Oracle\Java\javapath;C:\Program Files (x86)\Common Files\Oracle\Java\javapath;C:\Windows\system32;C:\Windows;C:\Windows\System32\Wbem;C:\Windows\System32\WindowsPowerShell\v1.0\;C:\Windows\System32\OpenSSH\;C:\Program Files (x86)\NVIDIA Corporation\PhysX\Common;C:\Program Files\NVIDIA Corporation\NVIDIA NvDLISR;C:\Program Files\PuTTY\;C:\Program Files (x86)\Microsoft SQL Server\150\DTS\Binn\;C:\Program Files\Azure Data Studio\bin;C:\WINDOWS\system32;C:\WINDOWS;C:\WINDOWS\System32\Wbem;C:\WINDOWS\System32\WindowsPowerShell\v1.0\;C:\WINDOWS\System32\OpenSSH\;C:\Program Files\dotnet\;C:\Program Files\Java\jdk-23;C:\Program Files\Java\jdk-23\bin;
USERNAME=HP
OS=Windows_NT
PROCESSOR_IDENTIFIER=Intel64 Family 6 Model 158 Stepping 13, GenuineIntel
TMP=C:\Users\HP\AppData\Local\Temp
TEMP=C:\Users\HP\AppData\Local\Temp




Periodic native trim disabled

---------------  S Y S T E M  ---------------

OS:
 Windows 11 , 64 bit Build 26100 (10.0.26100.3323)
OS uptime: 69 days 9:09 hours
Hyper-V role detected

CPU: total 8 (initial active 8) (8 cores per cpu, 1 threads per core) family 6 model 158 stepping 13 microcode 0xea, cx8, cmov, fxsr, mmx, 3dnowpref, sse, sse2, sse3, ssse3, sse4.1, sse4.2, popcnt, lzcnt, tsc, tscinvbit, avx, avx2, aes, erms, clmul, bmi1, bmi2, adx, fma, vzeroupper, clflush, clflushopt, hv, rdtscp, f16c
Processor Information for the first 8 processors :
  Max Mhz: 3000, Current Mhz: 3000, Mhz Limit: 3000

Memory: 4k page, system-wide physical 32549M (7386M free)
TotalPageFile size 53029M (AvailPageFile size 1026M)
current process WorkingSet (physical memory assigned to process): 56M, peak: 92M
current process commit charge ("private bytes"): 627M, peak: 638M

vm_info: Java HotSpot(TM) 64-Bit Server VM (23.0.2+7-58) for windows-amd64 JRE (23.0.2+7-58), built on 2024-11-29T09:34:55Z with MS VC++ 17.6 (VS2022)

END.
