#
# A fatal error has been detected by the Java Runtime Environment:
#
#  EXCEPTION_ACCESS_VIOLATION (0xc0000005) at pc=0x00007ffc400eb139, pid=92500, tid=249216
#
# JRE version: Java(TM) SE Runtime Environment (23.0.2+7) (build 23.0.2+7-58)
# Java VM: Java HotSpot(TM) 64-Bit Server VM (23.0.2+7-58, mixed mode, sharing, tiered, compressed oops, compressed class ptrs, g1 gc, windows-amd64)
# Problematic frame:
# C  [awt.dll+0xdb139]
#
# No core dump will be written. Minidumps are not enabled by default on client versions of Windows
#
# If you would like to submit a bug report, please visit:
#   https://bugreport.java.com/bugreport/crash.jsp
# The crash happened outside the Java Virtual Machine in native code.
# See problematic frame for where to report the bug.
#

---------------  S U M M A R Y ------------

Command Line: -Dfile.encoding=UTF-8 --enable-preview -agentlib:jdwp=transport=dt_shmem,address=javadebug --module-path=D:\Documents\NetBeansProjects\MPHPayrollsystemApp\build\classes EmployeeSearchFrame

Host: Intel(R) Core(TM) i7-9700 CPU @ 3.00GHz, 8 cores, 31G,  Windows 11 , 64 bit Build 26100 (10.0.26100.3323)
Time: Tue May 20 19:03:40 2025 Arab Standard Time elapsed time: 10941.634305 seconds (0d 3h 2m 21s)

---------------  T H R E A D  ---------------

Current thread (0x000001ad0c1eae40):  JavaThread "AWT-EventQueue-0"        [_thread_in_native, id=249216, stack(0x0000008546800000,0x0000008546900000) (1024K)]

Stack: [0x0000008546800000,0x0000008546900000],  sp=0x00000085468fe990,  free space=1018k
Native frames: (J=compiled Java code, j=interpreted, Vv=VM code, C=native code)
C  [awt.dll+0xdb139]  (no source info available)
C  [awt.dll+0xda4f8]  (no source info available)
C  0x000001acb1d20b72  (no source info available)

The last pc belongs to native method entry point (kind = native) (printed below).
Java frames: (J=compiled Java code, j=interpreted, Vv=VM code)
j  sun.awt.Win32GraphicsConfig.getBounds(I)Ljava/awt/Rectangle;+0 java.desktop@23.0.2
j  sun.awt.Win32GraphicsConfig.getBounds()Ljava/awt/Rectangle;+8 java.desktop@23.0.2
j  sun.awt.Win32GraphicsDevice.displayChanged()V+23 java.desktop@23.0.2
j  sun.java2d.d3d.D3DGraphicsDevice.displayChanged()V+1 java.desktop@23.0.2
j  sun.awt.Win32GraphicsEnvironment.displayChanged()V+271 java.desktop@23.0.2
j  sun.awt.windows.WToolkit.lambda$displayChanged$4()V+15 java.desktop@23.0.2
j  sun.awt.windows.WToolkit$$Lambda+0x000001acc813c0d0.run()V+0 java.desktop@23.0.2
j  java.awt.event.InvocationEvent.dispatch()V+47 java.desktop@23.0.2
j  java.awt.EventQueue.dispatchEventImpl(Ljava/awt/AWTEvent;Ljava/lang/Object;)V+21 java.desktop@23.0.2
j  java.awt.EventQueue$4.run()Ljava/lang/Void;+32 java.desktop@23.0.2
j  java.awt.EventQueue$4.run()Ljava/lang/Object;+1 java.desktop@23.0.2
j  java.security.AccessController.executePrivileged(Ljava/security/PrivilegedAction;Ljava/security/AccessControlContext;Ljava/lang/Class;)Ljava/lang/Object;+29 java.base@23.0.2
j  java.security.AccessController.doPrivileged(Ljava/security/PrivilegedAction;Ljava/security/AccessControlContext;)Ljava/lang/Object;+13 java.base@23.0.2
j  java.security.ProtectionDomain$JavaSecurityAccessImpl.doIntersectionPrivilege(Ljava/security/PrivilegedAction;Ljava/security/AccessControlContext;Ljava/security/AccessControlContext;)Ljava/lang/Object;+18 java.base@23.0.2
j  java.awt.EventQueue.dispatchEvent(Ljava/awt/AWTEvent;)V+46 java.desktop@23.0.2
j  java.awt.EventDispatchThread.pumpOneEventForFilters(I)V+81 java.desktop@23.0.2
j  java.awt.EventDispatchThread.pumpEventsForFilter(ILjava/awt/Conditional;Ljava/awt/EventFilter;)V+35 java.desktop@23.0.2
j  java.awt.EventDispatchThread.pumpEventsForHierarchy(ILjava/awt/Conditional;Ljava/awt/Component;)V+11 java.desktop@23.0.2
j  java.awt.EventDispatchThread.pumpEvents(ILjava/awt/Conditional;)V+4 java.desktop@23.0.2
j  java.awt.EventDispatchThread.pumpEvents(Ljava/awt/Conditional;)V+3 java.desktop@23.0.2
j  java.awt.EventDispatchThread.run()V+9 java.desktop@23.0.2
v  ~StubRoutines::call_stub 0x000001acb1d10fcd

siginfo: EXCEPTION_ACCESS_VIOLATION (0xc0000005), reading address 0x0000000000000028


Registers:
RAX=0x0000000000000000, RBX=0x000001ad0c715ab0, RCX=0x0000000000000000, RDX=0x0000000000000000
RSP=0x00000085468fe990, RBP=0x0000000000000000, RSI=0x0000000000000000, RDI=0x0000000000000000
R8 =0x0000000000000001, R9 =0x0000008544ae6000, R10=0x000001ad0c0f8e00, R11=0x000001ad08505de0
R12=0x0000000000000000, R13=0x000001ad0c0dc9a8, R14=0x000001ad0c266a50, R15=0x0000000000000000
RIP=0x00007ffc400eb139, EFLAGS=0x0000000000010246


Register to memory mapping:

RAX=0x0 is null
RBX=0x000001ad0c715ab0 points into unknown readable memory: 0x000001ad0c718200 | 00 82 71 0c ad 01 00 00
RCX=0x0 is null
RDX=0x0 is null
RSP=0x00000085468fe990 is pointing into the stack for thread: 0x000001ad0c1eae40
RBP=0x0 is null
RSI=0x0 is null
RDI=0x0 is null
R8 =0x0000000000000001 is an unknown value
R9 =0x0000008544ae6000 points into unknown readable memory: 0x0000000000000000 | 00 00 00 00 00 00 00 00
R10=0x000001ad0c0f8e00 points into unknown readable memory: 0x0000001e00000003 | 03 00 00 00 1e 00 00 00
R11={method} {0x000001ad08505de8} '<init>' '(IIII)V' in 'java/awt/Rectangle'
R12=0x0 is null
R13=0x000001ad0c0dc9a8 points into unknown readable memory: 0x000001ad08505de0 | e0 5d 50 08 ad 01 00 00
R14=0x000001ad0c266a50 points into unknown readable memory: 0x0000000622e898c8 | c8 98 e8 22 06 00 00 00
R15=0x0 is null

Top of Stack: (sp=0x00000085468fe990)
0x00000085468fe990:   00007ffc40149838 000001ad0c715ab0
0x00000085468fe9a0:   000001ad0c1eb200 000001ad0c715ab0
0x00000085468fe9b0:   000001ad0c1eb200 00007ffc400ea4f8
0x00000085468fe9c0:   000001ad0c715ab0 000001ad0c715ab0
0x00000085468fe9d0:   0000000000000001 000001ad0c1eb200
0x00000085468fe9e0:   0000000622f71e20 000001ad084b8680
0x00000085468fe9f0:   0000000000000000 00000085468fea10
0x00000085468fea00:   0000000000000000 0000000000000000
0x00000085468fea10:   0000ec032ee388c1 0000000622f6fc88
0x00000085468fea20:   000001ad0c1eae40 00000085468feb08
0x00000085468fea30:   000001ad084b8ef0 0000000000000000
0x00000085468fea40:   0000000000000128 0000000000000001
0x00000085468fea50:   00000085468feae0 000001acb1d20b72
0x00000085468fea60:   000001ad084b8590 000001ad084b8ef0
0x00000085468fea70:   00000085468fea88 00000085468feae8
0x00000085468fea80:   000001acb1d19581 0000000000000000
0x00000085468fea90:   00000006229925f0 fffffffffffffff7
0x00000085468feaa0:   0000000000000000 0000000000000005
0x00000085468feab0:   000001ad084bb840 0000000000000000
0x00000085468feac0:   0000000622f71e20 000001ad084b8ef0
0x00000085468fead0:   0000000000000000 00000085468feb00
0x00000085468feae0:   00000085468feb58 000001acb1d19581
0x00000085468feaf0:   0000000000000000 000001acb1d1c8fa
0x00000085468feb00:   0000000000000000 00000006229925f0
0x00000085468feb10:   fffffffffffffff7 000001ad084b8f98
0x00000085468feb20:   0000000000000002 000001ad084bb840
0x00000085468feb30:   0000000000000000 0000000622f71e20
0x00000085468feb40:   000001ad084b8fb0 fffffffffffffff5
0x00000085468feb50:   00000085468feb68 00000085468febb8
0x00000085468feb60:   000001acb1d19581 00000006229925f0
0x00000085468feb70:   fffffffffffffff7 000001ad084a9717
0x00000085468feb80:   0000000000000003 000001ad084ab040 

Instructions: (pc=0x00007ffc400eb139)
0x00007ffc400eb039:   cc cc cc cc cc cc cc 48 89 5c 24 08 48 89 6c 24
0x00007ffc400eb049:   10 48 89 74 24 18 57 48 83 ec 20 41 8b f8 0f b6
0x00007ffc400eb059:   f2 48 8b e9 e8 3e cc f4 ff 48 8b d8 48 89 44 24
0x00007ffc400eb069:   48 41 b8 01 00 00 00 8b d7 48 8b c8 e8 a6 cb f4
0x00007ffc400eb079:   ff 48 8b c8 44 0f b6 c6 48 8b d5 e8 97 fa ff ff
0x00007ffc400eb089:   48 8b f8 48 8b cb e8 cc cd f4 ff 90 48 8b c7 48
0x00007ffc400eb099:   8b 5c 24 30 48 8b 6c 24 38 48 8b 74 24 40 48 83
0x00007ffc400eb0a9:   c4 20 5f c3 cc cc cc 48 8b 49 28 e9 07 07 00 00
0x00007ffc400eb0b9:   cc cc cc cc cc cc cc 48 89 5c 24 08 57 48 83 ec
0x00007ffc400eb0c9:   20 8b f9 e8 cf cb f4 ff 48 8b d8 48 89 44 24 38
0x00007ffc400eb0d9:   41 b8 01 00 00 00 8b d7 48 8b c8 e8 37 cb f4 ff
0x00007ffc400eb0e9:   48 8b 08 8b 39 48 8b cb e8 6a cd f4 ff 90 8b c7
0x00007ffc400eb0f9:   48 8b 5c 24 30 48 83 c4 20 5f c3 cc cc cc cc cc
0x00007ffc400eb109:   cc cc cc cc cc cc cc 48 89 5c 24 08 57 48 83 ec
0x00007ffc400eb119:   20 8b f9 e8 7f cb f4 ff 48 8b d8 48 89 44 24 38
0x00007ffc400eb129:   41 b8 01 00 00 00 8b d7 48 8b c8 e8 e7 ca f4 ff
0x00007ffc400eb139:   48 8b 78 28 48 8b cb e8 1b cd f4 ff 90 48 8b c7
0x00007ffc400eb149:   48 8b 5c 24 30 48 83 c4 20 5f c3 cc cc cc cc cc
0x00007ffc400eb159:   cc cc cc cc cc cc cc 48 89 5c 24 08 57 48 83 ec
0x00007ffc400eb169:   20 8b f9 e8 2f cb f4 ff 48 8b d8 48 89 44 24 38
0x00007ffc400eb179:   41 b8 01 00 00 00 8b d7 48 8b c8 e8 97 ca f4 ff
0x00007ffc400eb189:   48 8b 78 30 48 8b cb e8 cb cc f4 ff 90 48 8b c7
0x00007ffc400eb199:   48 8b 5c 24 30 48 83 c4 20 5f c3 cc cc cc cc cc
0x00007ffc400eb1a9:   cc cc cc cc cc cc cc 48 89 5c 24 08 57 48 83 ec
0x00007ffc400eb1b9:   20 8b f9 e8 df ca f4 ff 48 8b d8 48 89 44 24 38
0x00007ffc400eb1c9:   41 b8 01 00 00 00 8b d7 48 8b c8 e8 47 ca f4 ff
0x00007ffc400eb1d9:   48 8b 78 08 48 85 ff 74 07 48 8b bf 08 0c 00 00
0x00007ffc400eb1e9:   48 8b cb e8 6f cc f4 ff 90 48 8b c7 48 8b 5c 24
0x00007ffc400eb1f9:   30 48 83 c4 20 5f c3 f3 0f 10 41 48 c3 cc cc cc
0x00007ffc400eb209:   cc cc cc cc cc cc cc f3 0f 10 41 4c c3 cc cc cc
0x00007ffc400eb219:   cc cc cc cc cc cc cc 48 89 5c 24 10 48 89 74 24
0x00007ffc400eb229:   18 55 57 41 56 48 8d 6c 24 e0 48 81 ec 20 01 00 


Stack slot to memory mapping:

stack at sp + 0 slots: 0x00007ffc40149838 awt.dll
stack at sp + 1 slots: 0x000001ad0c715ab0 points into unknown readable memory: 0x000001ad0c718200 | 00 82 71 0c ad 01 00 00
stack at sp + 2 slots: 0x000001ad0c1eb200 points into unknown readable memory: 0x00007ffbb5816e10 | 10 6e 81 b5 fb 7f 00 00
stack at sp + 3 slots: 0x000001ad0c715ab0 points into unknown readable memory: 0x000001ad0c718200 | 00 82 71 0c ad 01 00 00
stack at sp + 4 slots: 0x000001ad0c1eb200 points into unknown readable memory: 0x00007ffbb5816e10 | 10 6e 81 b5 fb 7f 00 00
stack at sp + 5 slots: 0x00007ffc400ea4f8 awt.dll
stack at sp + 6 slots: 0x000001ad0c715ab0 points into unknown readable memory: 0x000001ad0c718200 | 00 82 71 0c ad 01 00 00
stack at sp + 7 slots: 0x000001ad0c715ab0 points into unknown readable memory: 0x000001ad0c718200 | 00 82 71 0c ad 01 00 00

Lock stack of current Java thread (top to bottom):

native method entry point (kind = native)  [0x000001acb1d203c0, 0x000001acb1d21628]  4712 bytes
[MachCode]
  0x000001acb1d203c0: 488b 4b08 | 0fb7 492e | 584c 8d74 | ccf8 6800 | 0000 0068 | 0000 0000 | 5055 488b | ec41 5568 
  0x000001acb1d203e0: 0000 0000 | 4c8b 6b08 | 4d8d 6d38 | 5348 8b53 | 0848 8b52 | 0848 8b52 | 1848 8b52 | 7048 8b12 
  0x000001acb1d20400: 5248 8b53 | 1048 85d2 | 0f84 0700 | 0000 4881 | c210 0100 | 0052 488b | 5308 488b | 5208 488b 
  0x000001acb1d20420: 5210 5249 | 8bc6 482b | c548 c1e8 | 0350 6800 | 0000 0068 | f7ff ffff | 41c6 8771 | 0400 0001 
  0x000001acb1d20440: 488b 4310 | 4885 c074 | 208b 88cc | 0000 0083 | c102 8988 | cc00 0000 | 2388 e000 | 0000 0f84 
  0x000001acb1d20460: 5f10 0000 | e986 0100 | 0048 8b43 | 1848 85c0 | 0f85 6701 | 0000 e805 | 0000 00e9 | 5001 0000 
  0x000001acb1d20480: 488b d348 | 8d44 2408 | 4c89 6dc0 | 498b cfc5 | f877 4989 | afb0 0300 | 0049 8987 | a003 0000 
  0x000001acb1d204a0: 4883 ec20 | 40f6 c40f | 0f84 1900 | 0000 4883 | ec08 48b8 | 8028 00b5 | fb7f 0000 | ffd0 4883 
  0x000001acb1d204c0: c408 e90c | 0000 0048 | b880 2800 | b5fb 7f00 | 00ff d048 | 83c4 2049 | c787 a003 | 0000 0000 
  0x000001acb1d204e0: 0000 49c7 | 87b0 0300 | 0000 0000 | 0049 c787 | a803 0000 | 0000 0000 | c5f8 7741 | 8b8f 2c05 
  0x000001acb1d20500: 0000 f6c1 | 010f 8442 | 0000 00f6 | c102 0f85 | 3900 0000 | 4883 ec20 | 40f6 c40f | 0f84 1900 
  0x000001acb1d20520: 0000 4883 | ec08 48b8 | 00fe ffb4 | fb7f 0000 | ffd0 4883 | c408 e90c | 0000 0048 | b800 feff 
  0x000001acb1d20540: b4fb 7f00 | 00ff d048 | 83c4 20ff | e049 8b8f | d805 0000 | 4885 c90f | 8455 0000 | 008b 899c 
  0x000001acb1d20560: 0000 0083 | f901 0f85 | 4600 0000 | 498b 8fd8 | 0500 008b | 89a0 0000 | 0048 83ec | 2040 f6c4 
  0x000001acb1d20580: 0f0f 8419 | 0000 0048 | 83ec 0848 | b8f0 fdff | b4fb 7f00 | 00ff d048 | 83c4 08e9 | 0c00 0000 
  0x000001acb1d205a0: 48b8 f0fd | ffb4 fb7f | 0000 ffd0 | 4883 c420 | ffe0 4983 | 7f08 000f | 8405 0000 | 00e9 fe08 
  0x000001acb1d205c0: ffff 4c8b | 6dc0 4c8b | 75c8 4e8d | 74f5 00c3 | 488b 4318 | 4885 c00f | 8412 0000 | 008b 4808 
  0x000001acb1d205e0: 83c1 0289 | 4808 2348 | 1c0f 84d4 | 0e00 0049 | 3ba7 e804 | 0000 0f87 | 4800 0000 | 8984 2400 
  0x000001acb1d20600: f0ff ff89 | 8424 00e0 | ffff 8984 | 2400 d0ff | ff89 8424 | 00c0 ffff | 8984 2400 | b0ff ff89 
  0x000001acb1d20620: 8424 00a0 | ffff 8984 | 2400 90ff | ff89 8424 | 0080 ffff | 493b a7e0 | 0400 0076 | 0749 89a7 
  0x000001acb1d20640: e804 0000 | 41c6 8771 | 0400 0000 | 418b 97e0 | 0500 0085 | d20f 8457 | 0100 00e8 | 0500 0000 
  0x000001acb1d20660: e94d 0100 | 0048 8d44 | 2408 4c89 | 6dc0 498b | cfc5 f877 | 4989 afb0 | 0300 0049 | 8987 a003 
  0x000001acb1d20680: 0000 4883 | ec20 40f6 | c40f 0f84 | 1900 0000 | 4883 ec08 | 48b8 d04d | 00b5 fb7f | 0000 ffd0 
  0x000001acb1d206a0: 4883 c408 | e90c 0000 | 0048 b8d0 | 4d00 b5fb | 7f00 00ff | d048 83c4 | 2049 c787 | a003 0000 
  0x000001acb1d206c0: 0000 0000 | 49c7 87b0 | 0300 0000 | 0000 0049 | c787 a803 | 0000 0000 | 0000 c5f8 | 7741 8b8f 
  0x000001acb1d206e0: 2c05 0000 | f6c1 010f | 8442 0000 | 00f6 c102 | 0f85 3900 | 0000 4883 | ec20 40f6 | c40f 0f84 
  0x000001acb1d20700: 1900 0000 | 4883 ec08 | 48b8 00fe | ffb4 fb7f | 0000 ffd0 | 4883 c408 | e90c 0000 | 0048 b800 
  0x000001acb1d20720: feff b4fb | 7f00 00ff | d048 83c4 | 20ff e049 | 8b8f d805 | 0000 4885 | c90f 8455 | 0000 008b 
  0x000001acb1d20740: 899c 0000 | 0083 f901 | 0f85 4600 | 0000 498b | 8fd8 0500 | 008b 89a0 | 0000 0048 | 83ec 2040 
  0x000001acb1d20760: f6c4 0f0f | 8419 0000 | 0048 83ec | 0848 b8f0 | fdff b4fb | 7f00 00ff | d048 83c4 | 08e9 0c00 
  0x000001acb1d20780: 0000 48b8 | f0fd ffb4 | fb7f 0000 | ffd0 4883 | c420 ffe0 | 4983 7f08 | 000f 8405 | 0000 00e9 
  0x000001acb1d207a0: 1c07 ffff | 4c8b 6dc0 | 4c8b 75c8 | 4e8d 74f5 | 00c3 49ba | 41bd 87b5 | fb7f 0000 | 4180 3a00 
  0x000001acb1d207c0: 0f84 3e00 | 0000 488b | 55e8 498b | cf48 83ec | 2040 f6c4 | 0f0f 8419 | 0000 0048 | 83ec 0848 
  0x000001acb1d207e0: b8f0 f037 | b5fb 7f00 | 00ff d048 | 83c4 08e9 | 0c00 0000 | 48b8 f0f0 | 37b5 fb7f | 0000 ffd0 
  0x000001acb1d20800: 4883 c420 | 488b 5de8 | 4c8b 5b08 | 450f b75b | 2e41 c1e3 | 0349 2be3 | 4883 ec20 | 4883 e4f0 
  0x000001acb1d20820: 4c8b 5b60 | 4d85 db0f | 8562 0100 | 00e8 0500 | 0000 e950 | 0100 0048 | 8bd3 488d | 4424 084c 
  0x000001acb1d20840: 896d c049 | 8bcf c5f8 | 7749 89af | b003 0000 | 4989 87a0 | 0300 0048 | 83ec 2040 | f6c4 0f0f 
  0x000001acb1d20860: 8419 0000 | 0048 83ec | 0848 b8e0 | 4f00 b5fb | 7f00 00ff | d048 83c4 | 08e9 0c00 | 0000 48b8 
  0x000001acb1d20880: e04f 00b5 | fb7f 0000 | ffd0 4883 | c420 49c7 | 87a0 0300 | 0000 0000 | 0049 c787 | b003 0000 
  0x000001acb1d208a0: 0000 0000 | 49c7 87a8 | 0300 0000 | 0000 00c5 | f877 418b | 8f2c 0500 | 00f6 c101 | 0f84 4200 
  0x000001acb1d208c0: 0000 f6c1 | 020f 8539 | 0000 0048 | 83ec 2040 | f6c4 0f0f | 8419 0000 | 0048 83ec | 0848 b800 
  0x000001acb1d208e0: feff b4fb | 7f00 00ff | d048 83c4 | 08e9 0c00 | 0000 48b8 | 00fe ffb4 | fb7f 0000 | ffd0 4883 
  0x000001acb1d20900: c420 ffe0 | 498b 8fd8 | 0500 0048 | 85c9 0f84 | 5500 0000 | 8b89 9c00 | 0000 83f9 | 010f 8546 
  0x000001acb1d20920: 0000 0049 | 8b8f d805 | 0000 8b89 | a000 0000 | 4883 ec20 | 40f6 c40f | 0f84 1900 | 0000 4883 
  0x000001acb1d20940: ec08 48b8 | f0fd ffb4 | fb7f 0000 | ffd0 4883 | c408 e90c | 0000 0048 | b8f0 fdff | b4fb 7f00 
  0x000001acb1d20960: 00ff d048 | 83c4 20ff | e049 837f | 0800 0f84 | 0500 0000 | e947 05ff | ff4c 8b6d | c04c 8b75 
  0x000001acb1d20980: c84e 8d74 | f500 c348 | 8b5d e84c | 8b5b 6041 | ffd3 488b | 5de8 4889 | 4518 448b | 5b28 41f6 
  0x000001acb1d209a0: c308 0f84 | 1b00 0000 | 4c8b 5b08 | 4d8b 5b08 | 4d8b 5b18 | 4d8b 5b70 | 4d8b 1b4c | 895d 1048 
  0x000001acb1d209c0: 8d55 1048 | 8b43 5849 | ba40 3f38 | b5fb 7f00 | 0049 3bc2 | 0f85 6201 | 0000 e805 | 0000 00e9 
  0x000001acb1d209e0: 5001 0000 | 488b d348 | 8d44 2408 | 4c89 6dc0 | 498b cfc5 | f877 4989 | afb0 0300 | 0049 8987 
  0x000001acb1d20a00: a003 0000 | 4883 ec20 | 40f6 c40f | 0f84 1900 | 0000 4883 | ec08 48b8 | e04f 00b5 | fb7f 0000 
  0x000001acb1d20a20: ffd0 4883 | c408 e90c | 0000 0048 | b8e0 4f00 | b5fb 7f00 | 00ff d048 | 83c4 2049 | c787 a003 
  0x000001acb1d20a40: 0000 0000 | 0000 49c7 | 87b0 0300 | 0000 0000 | 0049 c787 | a803 0000 | 0000 0000 | c5f8 7741 
  0x000001acb1d20a60: 8b8f 2c05 | 0000 f6c1 | 010f 8442 | 0000 00f6 | c102 0f85 | 3900 0000 | 4883 ec20 | 40f6 c40f 
  0x000001acb1d20a80: 0f84 1900 | 0000 4883 | ec08 48b8 | 00fe ffb4 | fb7f 0000 | ffd0 4883 | c408 e90c | 0000 0048 
  0x000001acb1d20aa0: b800 feff | b4fb 7f00 | 00ff d048 | 83c4 20ff | e049 8b8f | d805 0000 | 4885 c90f | 8455 0000 
  0x000001acb1d20ac0: 008b 899c | 0000 0083 | f901 0f85 | 4600 0000 | 498b 8fd8 | 0500 008b | 89a0 0000 | 0048 83ec 
  0x000001acb1d20ae0: 2040 f6c4 | 0f0f 8419 | 0000 0048 | 83ec 0848 | b8f0 fdff | b4fb 7f00 | 00ff d048 | 83c4 08e9 
  0x000001acb1d20b00: 0c00 0000 | 48b8 f0fd | ffb4 fb7f | 0000 ffd0 | 4883 c420 | ffe0 4983 | 7f08 000f | 8405 0000 
  0x000001acb1d20b20: 00e9 9a03 | ffff 4c8b | 6dc0 4c8b | 75c8 4e8d | 74f5 00c3 | 488b 5de8 | 488b 4358 | 498d 8fc0 
  0x000001acb1d20b40: 0300 00c5 | f877 4989 | afb0 0300 | 0049 ba43 | 0bd2 b1ac | 0100 004d | 8997 a803 | 0000 4989 
  0x000001acb1d20b60: a7a0 0300 | 0041 c787 | 4404 0000 | 0400 0000 | ffd0 c5f8 | 7748 83ec | 10c5 fb11 | 0424 4883 
  0x000001acb1d20b80: ec10 4889 | 0424 48c7 | 4424 0800 | 0000 0041 | c787 4404 | 0000 0500 | 0000 f083 | 4424 c000 
  0x000001acb1d20ba0: 493b af48 | 0400 000f | 870e 0000 | 0041 83bf | 4004 0000 | 000f 8420 | 0000 0049 | 8bcf 4c8b 
  0x000001acb1d20bc0: e448 83ec | 2048 83e4 | f048 b880 | ab01 b5fb | 7f00 00ff | d049 8be4 | 4d33 e441 | c787 4404 
  0x000001acb1d20be0: 0000 0800 | 0000 49c7 | 87a0 0300 | 0000 0000 | 0049 c787 | b003 0000 | 0000 0000 | 49c7 87a8 
  0x000001acb1d20c00: 0300 0000 | 0000 00c5 | f877 4d8b | 9f30 0400 | 0041 c783 | 0001 0000 | 0000 0000 | 49bb fac8 
  0x000001acb1d20c20: d1b1 ac01 | 0000 4c3b | 5d18 0f85 | 2402 0000 | 488b 0424 | 4883 c410 | 4885 c00f | 84fe 0100 
  0x000001acb1d20c40: 00a8 030f | 8508 0000 | 0048 8b00 | e9ee 0100 | 00a8 010f | 8509 0000 | 0048 8b40 | fee9 dd01 
  0x000001acb1d20c60: 0000 488b | 40ff 4180 | 7f38 000f | 84ce 0100 | 0048 83f8 | 000f 84c4 | 0100 004d | 8b5f 2849 
  0x000001acb1d20c80: 83fb 000f | 8414 0000 | 0049 83eb | 084d 895f | 284d 035f | 3049 8903 | e9a2 0100 | 0048 81ec 
  0x000001acb1d20ca0: d000 0000 | 4889 0424 | 4889 4c24 | 0848 8954 | 2410 4889 | 7424 1848 | 897c 2420 | 4c89 4424 
  0x000001acb1d20cc0: 284c 894c | 2430 4c89 | 5424 384c | 895c 2440 | c5fb 1144 | 2450 c5fb | 114c 2458 | c5fb 1154 
  0x000001acb1d20ce0: 2460 c5fb | 115c 2468 | c5fb 1164 | 2470 c5fb | 116c 2478 | c5fb 11b4 | 2480 0000 | 00c5 fb11 
  0x000001acb1d20d00: bc24 8800 | 0000 c57b | 1184 2490 | 0000 00c5 | 7b11 8c24 | 9800 0000 | c57b 1194 | 24a0 0000 
  0x000001acb1d20d20: 00c5 7b11 | 9c24 a800 | 0000 c57b | 11a4 24b0 | 0000 00c5 | 7b11 ac24 | b800 0000 | c57b 11b4 
  0x000001acb1d20d40: 24c0 0000 | 00c5 7b11 | bc24 c800 | 0000 498b | d748 8bc8 | 4883 ec20 | 40f6 c40f | 0f84 1900 
  0x000001acb1d20d60: 0000 4883 | ec08 48b8 | 0009 f5b4 | fb7f 0000 | ffd0 4883 | c408 e90c | 0000 0048 | b800 09f5 
  0x000001acb1d20d80: b4fb 7f00 | 00ff d048 | 83c4 20c5 | 7b10 bc24 | c800 0000 | c57b 10b4 | 24c0 0000 | 00c5 7b10 
  0x000001acb1d20da0: ac24 b800 | 0000 c57b | 10a4 24b0 | 0000 00c5 | 7b10 9c24 | a800 0000 | c57b 1094 | 24a0 0000 
  0x000001acb1d20dc0: 00c5 7b10 | 8c24 9800 | 0000 c57b | 1084 2490 | 0000 00c5 | fb10 bc24 | 8800 0000 | c5fb 10b4 
  0x000001acb1d20de0: 2480 0000 | 00c5 fb10 | 6c24 78c5 | fb10 6424 | 70c5 fb10 | 5c24 68c5 | fb10 5424 | 60c5 fb10 
  0x000001acb1d20e00: 4c24 58c5 | fb10 4424 | 504c 8b5c | 2440 4c8b | 5424 384c | 8b4c 2430 | 4c8b 4424 | 2848 8b7c 
  0x000001acb1d20e20: 2420 488b | 7424 1848 | 8b54 2410 | 488b 4c24 | 0848 8b04 | 2448 81c4 | d000 0000 | c5f8 7748 
  0x000001acb1d20e40: 8945 1048 | 83ec 1048 | 8904 2448 | c744 2408 | 0000 0000 | 4183 bfc8 | 0400 0002 | 0f85 bf00 
  0x000001acb1d20e60: 0000 4881 | ec80 0000 | 0048 8944 | 2478 4889 | 4c24 7048 | 8954 2468 | 4889 5c24 | 6048 896c 
  0x000001acb1d20e80: 2450 4889 | 7424 4848 | 897c 2440 | 4c89 4424 | 384c 894c | 2430 4c89 | 5424 284c | 895c 2420 
  0x000001acb1d20ea0: 4c89 6424 | 184c 896c | 2410 4c89 | 7424 084c | 893c 244c | 8be4 4883 | ec20 4883 | e4f0 48b8 
  0x000001acb1d20ec0: a025 38b5 | fb7f 0000 | ffd0 498b | e44c 8b3c | 244c 8b74 | 2408 4c8b | 6c24 104c | 8b64 2418 
  0x000001acb1d20ee0: 4c8b 5c24 | 204c 8b54 | 2428 4c8b | 4c24 304c | 8b44 2438 | 488b 7c24 | 4048 8b74 | 2448 488b 
  0x000001acb1d20f00: 6c24 5048 | 8b5c 2460 | 488b 5424 | 6848 8b4c | 2470 488b | 4424 7848 | 81c4 8000 | 0000 4d33 
  0x000001acb1d20f20: e448 8b5d | e84c 8b6b | 084d 8d6d | 3849 837f | 0800 0f84 | 7201 0000 | e805 0000 | 00e9 4d01 
  0x000001acb1d20f40: 0000 488d | 4424 084c | 896d c049 | 8bcf c5f8 | 7749 89af | b003 0000 | 4989 87a0 | 0300 0048 
  0x000001acb1d20f60: 83ec 2040 | f6c4 0f0f | 8419 0000 | 0048 83ec | 0848 b8f0 | 6d00 b5fb | 7f00 00ff | d048 83c4 
  0x000001acb1d20f80: 08e9 0c00 | 0000 48b8 | f06d 00b5 | fb7f 0000 | ffd0 4883 | c420 49c7 | 87a0 0300 | 0000 0000 
  0x000001acb1d20fa0: 0049 c787 | b003 0000 | 0000 0000 | 49c7 87a8 | 0300 0000 | 0000 00c5 | f877 418b | 8f2c 0500 
  0x000001acb1d20fc0: 00f6 c101 | 0f84 4200 | 0000 f6c1 | 020f 8539 | 0000 0048 | 83ec 2040 | f6c4 0f0f | 8419 0000 
  0x000001acb1d20fe0: 0048 83ec | 0848 b800 | feff b4fb | 7f00 00ff | d048 83c4 | 08e9 0c00 | 0000 48b8 | 00fe ffb4 
  0x000001acb1d21000: fb7f 0000 | ffd0 4883 | c420 ffe0 | 498b 8fd8 | 0500 0048 | 85c9 0f84 | 5500 0000 | 8b89 9c00 
  0x000001acb1d21020: 0000 83f9 | 010f 8546 | 0000 0049 | 8b8f d805 | 0000 8b89 | a000 0000 | 4883 ec20 | 40f6 c40f 
  0x000001acb1d21040: 0f84 1900 | 0000 4883 | ec08 48b8 | f0fd ffb4 | fb7f 0000 | ffd0 4883 | c408 e90c | 0000 0048 
  0x000001acb1d21060: b8f0 fdff | b4fb 7f00 | 00ff d048 | 83c4 20ff | e049 837f | 0800 0f84 | 0500 0000 | e93f fefe 
  0x000001acb1d21080: ff4c 8b6d | c04c 8b75 | c84e 8d74 | f500 c348 | b940 e55f | b5fb 7f00 | 0048 83e4 | f048 b850 
  0x000001acb1d210a0: 4d26 b5fb | 7f00 00ff | d0f4 448b | 5b28 41f6 | c320 0f84 | 3002 0000 | 488d 55a8 | 4c8b 5a08 
  0x000001acb1d210c0: 4d85 db0f | 8572 0100 | 00e8 0500 | 0000 e94d | 0100 0048 | 8d44 2408 | 4c89 6dc0 | 498b cfc5 
  0x000001acb1d210e0: f877 4989 | afb0 0300 | 0049 8987 | a003 0000 | 4883 ec20 | 40f6 c40f | 0f84 1900 | 0000 4883 
  0x000001acb1d21100: ec08 48b8 | 206d 00b5 | fb7f 0000 | ffd0 4883 | c408 e90c | 0000 0048 | b820 6d00 | b5fb 7f00 
  0x000001acb1d21120: 00ff d048 | 83c4 2049 | c787 a003 | 0000 0000 | 0000 49c7 | 87b0 0300 | 0000 0000 | 0049 c787 
  0x000001acb1d21140: a803 0000 | 0000 0000 | c5f8 7741 | 8b8f 2c05 | 0000 f6c1 | 010f 8442 | 0000 00f6 | c102 0f85 
  0x000001acb1d21160: 3900 0000 | 4883 ec20 | 40f6 c40f | 0f84 1900 | 0000 4883 | ec08 48b8 | 00fe ffb4 | fb7f 0000 
  0x000001acb1d21180: ffd0 4883 | c408 e90c | 0000 0048 | b800 feff | b4fb 7f00 | 00ff d048 | 83c4 20ff | e049 8b8f 
  0x000001acb1d211a0: d805 0000 | 4885 c90f | 8455 0000 | 008b 899c | 0000 0083 | f901 0f85 | 4600 0000 | 498b 8fd8 
  0x000001acb1d211c0: 0500 008b | 89a0 0000 | 0048 83ec | 2040 f6c4 | 0f0f 8419 | 0000 0048 | 83ec 0848 | b8f0 fdff 
  0x000001acb1d211e0: b4fb 7f00 | 00ff d048 | 83c4 08e9 | 0c00 0000 | 48b8 f0fd | ffb4 fb7f | 0000 ffd0 | 4883 c420 
  0x000001acb1d21200: ffe0 4983 | 7f08 000f | 8405 0000 | 00e9 aefc | feff 4c8b | 6dc0 4c8b | 75c8 4e8d | 74f5 00c3 
  0x000001acb1d21220: 48b9 40e5 | 5fb5 fb7f | 0000 4883 | e4f0 48b8 | 504d 26b5 | fb7f 0000 | ffd0 f44c | 896d c04c 
  0x000001acb1d21240: 8b4a 0848 | c742 0800 | 0000 0045 | 8b87 1806 | 0000 4f3b | 4c07 f80f | 8549 0000 | 0041 83af 
  0x000001acb1d21260: 1806 0000 | 084f 3b4c | 07f0 0f84 | 2a00 0000 | 498b 01a8 | 020f 8512 | 0000 004c | 8bc0 4983 
  0x000001acb1d21280: c801 f04d | 0fb1 010f | 840d 0000 | 0041 8387 | 1806 0000 | 08e9 0c00 | 0000 49ff | 8f50 0500 
  0x000001acb1d212a0: 00e9 3e00 | 0000 4c89 | 4a08 488b | ca48 83ec | 2040 f6c4 | 0f0f 8419 | 0000 0048 | 83ec 0848 
  0x000001acb1d212c0: b8e0 3f00 | b5fb 7f00 | 00ff d048 | 83c4 08e9 | 0c00 0000 | 48b8 e03f | 00b5 fb7f | 0000 ffd0 
  0x000001acb1d212e0: 4883 c420 | 4c8b 6dc0 | 418b 97e0 | 0500 0085 | d20f 8457 | 0100 00e8 | 0500 0000 | e94d 0100 
  0x000001acb1d21300: 0048 8d44 | 2408 4c89 | 6dc0 498b | cfc5 f877 | 4989 afb0 | 0300 0049 | 8987 a003 | 0000 4883 
  0x000001acb1d21320: ec20 40f6 | c40f 0f84 | 1900 0000 | 4883 ec08 | 48b8 104f | 00b5 fb7f | 0000 ffd0 | 4883 c408 
  0x000001acb1d21340: e90c 0000 | 0048 b810 | 4f00 b5fb | 7f00 00ff | d048 83c4 | 2049 c787 | a003 0000 | 0000 0000 
  0x000001acb1d21360: 49c7 87b0 | 0300 0000 | 0000 0049 | c787 a803 | 0000 0000 | 0000 c5f8 | 7741 8b8f | 2c05 0000 
  0x000001acb1d21380: f6c1 010f | 8442 0000 | 00f6 c102 | 0f85 3900 | 0000 4883 | ec20 40f6 | c40f 0f84 | 1900 0000 
  0x000001acb1d213a0: 4883 ec08 | 48b8 00fe | ffb4 fb7f | 0000 ffd0 | 4883 c408 | e90c 0000 | 0048 b800 | feff b4fb 
  0x000001acb1d213c0: 7f00 00ff | d048 83c4 | 20ff e049 | 8b8f d805 | 0000 4885 | c90f 8455 | 0000 008b | 899c 0000 
  0x000001acb1d213e0: 0083 f901 | 0f85 4600 | 0000 498b | 8fd8 0500 | 008b 89a0 | 0000 0048 | 83ec 2040 | f6c4 0f0f 
  0x000001acb1d21400: 8419 0000 | 0048 83ec | 0848 b8f0 | fdff b4fb | 7f00 00ff | d048 83c4 | 08e9 0c00 | 0000 48b8 
  0x000001acb1d21420: f0fd ffb4 | fb7f 0000 | ffd0 4883 | c420 ffe0 | 4983 7f08 | 000f 8405 | 0000 00e9 | 80fa feff 
  0x000001acb1d21440: 4c8b 6dc0 | 4c8b 75c8 | 4e8d 74f5 | 00c3 49ba | 41bd 87b5 | fb7f 0000 | 4180 3a00 | 0f84 3e00 
  0x000001acb1d21460: 0000 488b | 55e8 498b | cf48 83ec | 2040 f6c4 | 0f0f 8419 | 0000 0048 | 83ec 0848 | b8f0 f037 
  0x000001acb1d21480: b5fb 7f00 | 00ff d048 | 83c4 08e9 | 0c00 0000 | 48b8 f0f0 | 37b5 fb7f | 0000 ffd0 | 4883 c420 
  0x000001acb1d214a0: 488b 0424 | 4883 c410 | c5fb 1004 | 2448 83c4 | 104c 8b5d | 1841 ffd3 | 4c8b 5df8 | c95f 498b 
  0x000001acb1d214c0: e3ff e7ba | 0000 0000 | e805 0000 | 00e9 4d01 | 0000 488d | 4424 084c | 896d c049 | 8bcf c5f8 
  0x000001acb1d214e0: 7749 89af | b003 0000 | 4989 87a0 | 0300 0048 | 83ec 2040 | f6c4 0f0f | 8419 0000 | 0048 83ec 
  0x000001acb1d21500: 0848 b890 | 3300 b5fb | 7f00 00ff | d048 83c4 | 08e9 0c00 | 0000 48b8 | 9033 00b5 | fb7f 0000 
  0x000001acb1d21520: ffd0 4883 | c420 49c7 | 87a0 0300 | 0000 0000 | 0049 c787 | b003 0000 | 0000 0000 | 49c7 87a8 
  0x000001acb1d21540: 0300 0000 | 0000 00c5 | f877 418b | 8f2c 0500 | 00f6 c101 | 0f84 4200 | 0000 f6c1 | 020f 8539 
  0x000001acb1d21560: 0000 0048 | 83ec 2040 | f6c4 0f0f | 8419 0000 | 0048 83ec | 0848 b800 | feff b4fb | 7f00 00ff 
  0x000001acb1d21580: d048 83c4 | 08e9 0c00 | 0000 48b8 | 00fe ffb4 | fb7f 0000 | ffd0 4883 | c420 ffe0 | 498b 8fd8 
  0x000001acb1d215a0: 0500 0048 | 85c9 0f84 | 5500 0000 | 8b89 9c00 | 0000 83f9 | 010f 8546 | 0000 0049 | 8b8f d805 
  0x000001acb1d215c0: 0000 8b89 | a000 0000 | 4883 ec20 | 40f6 c40f | 0f84 1900 | 0000 4883 | ec08 48b8 | f0fd ffb4 
  0x000001acb1d215e0: fb7f 0000 | ffd0 4883 | c408 e90c | 0000 0048 | b8f0 fdff | b4fb 7f00 | 00ff d048 | 83c4 20ff 
  0x000001acb1d21600: e049 837f | 0800 0f84 | 0500 0000 | e9af f8fe | ff4c 8b6d | c04c 8b75 | c84e 8d74 | f500 c348 
  0x000001acb1d21620: 8b5d e8e9 | c7ef ffff 
[/MachCode]

---------------  P R O C E S S  ---------------

Threads class SMR info:
_java_thread_list=0x000001ad0c0d05a0, length=19, elements={
0x000001acc3d19770, 0x000001acc3d1b0f0, 0x000001acc3d1ec10, 0x000001acc3d1fc20,
0x000001acc3d213a0, 0x000001acc3d24b40, 0x000001acc3d2a410, 0x000001acc666afe0,
0x000001acc6760ae0, 0x000001acc695fcf0, 0x000001acc6960790, 0x000001acc68f3e90,
0x000001acc68f4d40, 0x000001ad0c05bb90, 0x000001ad0c065070, 0x000001ad0c066380,
0x000001ad0c1eae40, 0x000001aca20ff6e0, 0x000001ad0c0d4940
}

Java Threads: ( => current thread )
  0x000001acc3d19770 JavaThread "Reference Handler"          daemon [_thread_blocked, id=191332, stack(0x0000008545800000,0x0000008545900000) (1024K)]
  0x000001acc3d1b0f0 JavaThread "Finalizer"                  daemon [_thread_blocked, id=249032, stack(0x0000008545900000,0x0000008545a00000) (1024K)]
  0x000001acc3d1ec10 JavaThread "Signal Dispatcher"          daemon [_thread_blocked, id=176460, stack(0x0000008545a00000,0x0000008545b00000) (1024K)]
  0x000001acc3d1fc20 JavaThread "Attach Listener"            daemon [_thread_blocked, id=202668, stack(0x0000008545b00000,0x0000008545c00000) (1024K)]
  0x000001acc3d213a0 JavaThread "Service Thread"             daemon [_thread_blocked, id=85020, stack(0x0000008545c00000,0x0000008545d00000) (1024K)]
  0x000001acc3d24b40 JavaThread "Monitor Deflation Thread"   daemon [_thread_blocked, id=232060, stack(0x0000008545d00000,0x0000008545e00000) (1024K)]
  0x000001acc3d2a410 JavaThread "C2 CompilerThread0"         daemon [_thread_blocked, id=246380, stack(0x0000008545e00000,0x0000008545f00000) (1024K)]
  0x000001acc666afe0 JavaThread "C1 CompilerThread0"         daemon [_thread_blocked, id=241776, stack(0x0000008545f00000,0x0000008546000000) (1024K)]
  0x000001acc6760ae0 JavaThread "Common-Cleaner"             daemon [_thread_blocked, id=249684, stack(0x0000008546000000,0x0000008546100000) (1024K)]
  0x000001acc695fcf0 JavaThread "JDWP Transport Listener: dt_shmem" daemon [_thread_blocked, id=238140, stack(0x0000008546100000,0x0000008546200000) (1024K)]
  0x000001acc6960790 JavaThread "JDWP Event Helper Thread"   daemon [_thread_blocked, id=230772, stack(0x0000008546200000,0x0000008546300000) (1024K)]
  0x000001acc68f3e90 JavaThread "JDWP Command Reader"        daemon [_thread_in_native, id=248084, stack(0x0000008546300000,0x0000008546400000) (1024K)]
  0x000001acc68f4d40 JavaThread "Notification Thread"        daemon [_thread_blocked, id=148356, stack(0x0000008546400000,0x0000008546500000) (1024K)]
  0x000001ad0c05bb90 JavaThread "Java2D Disposer"            daemon [_thread_blocked, id=217292, stack(0x0000008546500000,0x0000008546600000) (1024K)]
  0x000001ad0c065070 JavaThread "AWT-Shutdown"                      [_thread_blocked, id=246944, stack(0x0000008546600000,0x0000008546700000) (1024K)]
  0x000001ad0c066380 JavaThread "AWT-Windows"                daemon [_thread_in_native, id=203696, stack(0x0000008546700000,0x0000008546800000) (1024K)]
=>0x000001ad0c1eae40 JavaThread "AWT-EventQueue-0"                  [_thread_in_native, id=249216, stack(0x0000008546800000,0x0000008546900000) (1024K)]
  0x000001aca20ff6e0 JavaThread "DestroyJavaVM"                     [_thread_blocked, id=189664, stack(0x0000008545000000,0x0000008545100000) (1024K)]
  0x000001ad0c0d4940 JavaThread "org.netbeans.modules.debugger.jpda.visual AWT Access Loop" daemon [_thread_blocked, id=211460, stack(0x0000008546900000,0x0000008546a00000) (1024K)]
Total: 19

Other Threads:
  0x000001acc3cfc300 VMThread "VM Thread"                           [id=245056, stack(0x0000008545700000,0x0000008545800000) (1024K)]
  0x000001acc6640cd0 WatcherThread "VM Periodic Task Thread"        [id=249364, stack(0x0000008545600000,0x0000008545700000) (1024K)]
  0x000001aca215de10 WorkerThread "GC Thread#0"                     [id=240652, stack(0x0000008545100000,0x0000008545200000) (1024K)]
  0x000001acc3b85fb0 ConcurrentGCThread "G1 Main Marker"            [id=179980, stack(0x0000008545200000,0x0000008545300000) (1024K)]
  0x000001acc3b8acc0 WorkerThread "G1 Conc#0"                       [id=248236, stack(0x0000008545300000,0x0000008545400000) (1024K)]
  0x000001acc3c2bde0 ConcurrentGCThread "G1 Refine#0"               [id=242868, stack(0x0000008545400000,0x0000008545500000) (1024K)]
  0x000001acc3c2d810 ConcurrentGCThread "G1 Service"                [id=247728, stack(0x0000008545500000,0x0000008545600000) (1024K)]
Total: 7

Threads with active compile tasks:
Total: 0

VM state: not at safepoint (normal execution)

VM Mutex/Monitor currently owned by a thread: None

Heap address: 0x0000000603400000, size: 8140 MB, Compressed Oops mode: Zero based, Oop shift amount: 3

CDS archive(s) mapped at: [0x000001acc7000000-0x000001acc7d70000-0x000001acc7d70000), size 14090240, SharedBaseAddress: 0x000001acc7000000, ArchiveRelocationMode: 1.
Compressed class space mapped at: 0x000001acc8000000-0x000001ad08000000, reserved size: 1073741824
Narrow klass base: 0x000001acc7000000, Narrow klass shift: 0, Narrow klass range: 0x41000000

GC Precious Log:
 CardTable entry size: 512
 Card Set container configuration: InlinePtr #cards 4 size 8 Array Of Cards #cards 32 size 80 Howl #buckets 8 coarsen threshold 7372 Howl Bitmap #cards 1024 size 144 coarsen threshold 921 Card regions per heap region 1 cards per card region 8192
 CPUs: 8 total, 8 available
 Memory: 32549M
 Large Page Support: Disabled
 NUMA Support: Disabled
 Compressed Oops: Enabled (Zero based)
 Heap Region Size: 4M
 Heap Min Capacity: 8M
 Heap Initial Capacity: 512M
 Heap Max Capacity: 8140M
 Pre-touch: Disabled
 Parallel Workers: 8
 Concurrent Workers: 2
 Concurrent Refinement Workers: 8
 Periodic GC: Disabled

Heap:
 garbage-first heap   total reserved 8335360K, committed 524288K, used 8192K [0x0000000603400000, 0x0000000800000000)
  region size 4096K, 3 young (12288K), 0 survivors (0K)
 Metaspace       used 9889K, committed 10176K, reserved 1114112K
  class space    used 1230K, committed 1344K, reserved 1048576K

Heap Regions: E=young(eden), S=young(survivor), O=old, HS=humongous(starts), HC=humongous(continues), CS=collection set, F=free, TAMS=top-at-mark-start, PB=parsable bottom
|   0|0x0000000603400000, 0x0000000603400000, 0x0000000603800000|  0%| F|  |TAMS 0x0000000603400000| PB 0x0000000603400000| Untracked |  0
|   1|0x0000000603800000, 0x0000000603800000, 0x0000000603c00000|  0%| F|  |TAMS 0x0000000603800000| PB 0x0000000603800000| Untracked |  0
|   2|0x0000000603c00000, 0x0000000603c00000, 0x0000000604000000|  0%| F|  |TAMS 0x0000000603c00000| PB 0x0000000603c00000| Untracked |  0
|   3|0x0000000604000000, 0x0000000604000000, 0x0000000604400000|  0%| F|  |TAMS 0x0000000604000000| PB 0x0000000604000000| Untracked |  0
|   4|0x0000000604400000, 0x0000000604400000, 0x0000000604800000|  0%| F|  |TAMS 0x0000000604400000| PB 0x0000000604400000| Untracked |  0
|   5|0x0000000604800000, 0x0000000604800000, 0x0000000604c00000|  0%| F|  |TAMS 0x0000000604800000| PB 0x0000000604800000| Untracked |  0
|   6|0x0000000604c00000, 0x0000000604c00000, 0x0000000605000000|  0%| F|  |TAMS 0x0000000604c00000| PB 0x0000000604c00000| Untracked |  0
|   7|0x0000000605000000, 0x0000000605000000, 0x0000000605400000|  0%| F|  |TAMS 0x0000000605000000| PB 0x0000000605000000| Untracked |  0
|   8|0x0000000605400000, 0x0000000605400000, 0x0000000605800000|  0%| F|  |TAMS 0x0000000605400000| PB 0x0000000605400000| Untracked |  0
|   9|0x0000000605800000, 0x0000000605800000, 0x0000000605c00000|  0%| F|  |TAMS 0x0000000605800000| PB 0x0000000605800000| Untracked |  0
|  10|0x0000000605c00000, 0x0000000605c00000, 0x0000000606000000|  0%| F|  |TAMS 0x0000000605c00000| PB 0x0000000605c00000| Untracked |  0
|  11|0x0000000606000000, 0x0000000606000000, 0x0000000606400000|  0%| F|  |TAMS 0x0000000606000000| PB 0x0000000606000000| Untracked |  0
|  12|0x0000000606400000, 0x0000000606400000, 0x0000000606800000|  0%| F|  |TAMS 0x0000000606400000| PB 0x0000000606400000| Untracked |  0
|  13|0x0000000606800000, 0x0000000606800000, 0x0000000606c00000|  0%| F|  |TAMS 0x0000000606800000| PB 0x0000000606800000| Untracked |  0
|  14|0x0000000606c00000, 0x0000000606c00000, 0x0000000607000000|  0%| F|  |TAMS 0x0000000606c00000| PB 0x0000000606c00000| Untracked |  0
|  15|0x0000000607000000, 0x0000000607000000, 0x0000000607400000|  0%| F|  |TAMS 0x0000000607000000| PB 0x0000000607000000| Untracked |  0
|  16|0x0000000607400000, 0x0000000607400000, 0x0000000607800000|  0%| F|  |TAMS 0x0000000607400000| PB 0x0000000607400000| Untracked |  0
|  17|0x0000000607800000, 0x0000000607800000, 0x0000000607c00000|  0%| F|  |TAMS 0x0000000607800000| PB 0x0000000607800000| Untracked |  0
|  18|0x0000000607c00000, 0x0000000607c00000, 0x0000000608000000|  0%| F|  |TAMS 0x0000000607c00000| PB 0x0000000607c00000| Untracked |  0
|  19|0x0000000608000000, 0x0000000608000000, 0x0000000608400000|  0%| F|  |TAMS 0x0000000608000000| PB 0x0000000608000000| Untracked |  0
|  20|0x0000000608400000, 0x0000000608400000, 0x0000000608800000|  0%| F|  |TAMS 0x0000000608400000| PB 0x0000000608400000| Untracked |  0
|  21|0x0000000608800000, 0x0000000608800000, 0x0000000608c00000|  0%| F|  |TAMS 0x0000000608800000| PB 0x0000000608800000| Untracked |  0
|  22|0x0000000608c00000, 0x0000000608c00000, 0x0000000609000000|  0%| F|  |TAMS 0x0000000608c00000| PB 0x0000000608c00000| Untracked |  0
|  23|0x0000000609000000, 0x0000000609000000, 0x0000000609400000|  0%| F|  |TAMS 0x0000000609000000| PB 0x0000000609000000| Untracked |  0
|  24|0x0000000609400000, 0x0000000609400000, 0x0000000609800000|  0%| F|  |TAMS 0x0000000609400000| PB 0x0000000609400000| Untracked |  0
|  25|0x0000000609800000, 0x0000000609800000, 0x0000000609c00000|  0%| F|  |TAMS 0x0000000609800000| PB 0x0000000609800000| Untracked |  0
|  26|0x0000000609c00000, 0x0000000609c00000, 0x000000060a000000|  0%| F|  |TAMS 0x0000000609c00000| PB 0x0000000609c00000| Untracked |  0
|  27|0x000000060a000000, 0x000000060a000000, 0x000000060a400000|  0%| F|  |TAMS 0x000000060a000000| PB 0x000000060a000000| Untracked |  0
|  28|0x000000060a400000, 0x000000060a400000, 0x000000060a800000|  0%| F|  |TAMS 0x000000060a400000| PB 0x000000060a400000| Untracked |  0
|  29|0x000000060a800000, 0x000000060a800000, 0x000000060ac00000|  0%| F|  |TAMS 0x000000060a800000| PB 0x000000060a800000| Untracked |  0
|  30|0x000000060ac00000, 0x000000060ac00000, 0x000000060b000000|  0%| F|  |TAMS 0x000000060ac00000| PB 0x000000060ac00000| Untracked |  0
|  31|0x000000060b000000, 0x000000060b000000, 0x000000060b400000|  0%| F|  |TAMS 0x000000060b000000| PB 0x000000060b000000| Untracked |  0
|  32|0x000000060b400000, 0x000000060b400000, 0x000000060b800000|  0%| F|  |TAMS 0x000000060b400000| PB 0x000000060b400000| Untracked |  0
|  33|0x000000060b800000, 0x000000060b800000, 0x000000060bc00000|  0%| F|  |TAMS 0x000000060b800000| PB 0x000000060b800000| Untracked |  0
|  34|0x000000060bc00000, 0x000000060bc00000, 0x000000060c000000|  0%| F|  |TAMS 0x000000060bc00000| PB 0x000000060bc00000| Untracked |  0
|  35|0x000000060c000000, 0x000000060c000000, 0x000000060c400000|  0%| F|  |TAMS 0x000000060c000000| PB 0x000000060c000000| Untracked |  0
|  36|0x000000060c400000, 0x000000060c400000, 0x000000060c800000|  0%| F|  |TAMS 0x000000060c400000| PB 0x000000060c400000| Untracked |  0
|  37|0x000000060c800000, 0x000000060c800000, 0x000000060cc00000|  0%| F|  |TAMS 0x000000060c800000| PB 0x000000060c800000| Untracked |  0
|  38|0x000000060cc00000, 0x000000060cc00000, 0x000000060d000000|  0%| F|  |TAMS 0x000000060cc00000| PB 0x000000060cc00000| Untracked |  0
|  39|0x000000060d000000, 0x000000060d000000, 0x000000060d400000|  0%| F|  |TAMS 0x000000060d000000| PB 0x000000060d000000| Untracked |  0
|  40|0x000000060d400000, 0x000000060d400000, 0x000000060d800000|  0%| F|  |TAMS 0x000000060d400000| PB 0x000000060d400000| Untracked |  0
|  41|0x000000060d800000, 0x000000060d800000, 0x000000060dc00000|  0%| F|  |TAMS 0x000000060d800000| PB 0x000000060d800000| Untracked |  0
|  42|0x000000060dc00000, 0x000000060dc00000, 0x000000060e000000|  0%| F|  |TAMS 0x000000060dc00000| PB 0x000000060dc00000| Untracked |  0
|  43|0x000000060e000000, 0x000000060e000000, 0x000000060e400000|  0%| F|  |TAMS 0x000000060e000000| PB 0x000000060e000000| Untracked |  0
|  44|0x000000060e400000, 0x000000060e400000, 0x000000060e800000|  0%| F|  |TAMS 0x000000060e400000| PB 0x000000060e400000| Untracked |  0
|  45|0x000000060e800000, 0x000000060e800000, 0x000000060ec00000|  0%| F|  |TAMS 0x000000060e800000| PB 0x000000060e800000| Untracked |  0
|  46|0x000000060ec00000, 0x000000060ec00000, 0x000000060f000000|  0%| F|  |TAMS 0x000000060ec00000| PB 0x000000060ec00000| Untracked |  0
|  47|0x000000060f000000, 0x000000060f000000, 0x000000060f400000|  0%| F|  |TAMS 0x000000060f000000| PB 0x000000060f000000| Untracked |  0
|  48|0x000000060f400000, 0x000000060f400000, 0x000000060f800000|  0%| F|  |TAMS 0x000000060f400000| PB 0x000000060f400000| Untracked |  0
|  49|0x000000060f800000, 0x000000060f800000, 0x000000060fc00000|  0%| F|  |TAMS 0x000000060f800000| PB 0x000000060f800000| Untracked |  0
|  50|0x000000060fc00000, 0x000000060fc00000, 0x0000000610000000|  0%| F|  |TAMS 0x000000060fc00000| PB 0x000000060fc00000| Untracked |  0
|  51|0x0000000610000000, 0x0000000610000000, 0x0000000610400000|  0%| F|  |TAMS 0x0000000610000000| PB 0x0000000610000000| Untracked |  0
|  52|0x0000000610400000, 0x0000000610400000, 0x0000000610800000|  0%| F|  |TAMS 0x0000000610400000| PB 0x0000000610400000| Untracked |  0
|  53|0x0000000610800000, 0x0000000610800000, 0x0000000610c00000|  0%| F|  |TAMS 0x0000000610800000| PB 0x0000000610800000| Untracked |  0
|  54|0x0000000610c00000, 0x0000000610c00000, 0x0000000611000000|  0%| F|  |TAMS 0x0000000610c00000| PB 0x0000000610c00000| Untracked |  0
|  55|0x0000000611000000, 0x0000000611000000, 0x0000000611400000|  0%| F|  |TAMS 0x0000000611000000| PB 0x0000000611000000| Untracked |  0
|  56|0x0000000611400000, 0x0000000611400000, 0x0000000611800000|  0%| F|  |TAMS 0x0000000611400000| PB 0x0000000611400000| Untracked |  0
|  57|0x0000000611800000, 0x0000000611800000, 0x0000000611c00000|  0%| F|  |TAMS 0x0000000611800000| PB 0x0000000611800000| Untracked |  0
|  58|0x0000000611c00000, 0x0000000611c00000, 0x0000000612000000|  0%| F|  |TAMS 0x0000000611c00000| PB 0x0000000611c00000| Untracked |  0
|  59|0x0000000612000000, 0x0000000612000000, 0x0000000612400000|  0%| F|  |TAMS 0x0000000612000000| PB 0x0000000612000000| Untracked |  0
|  60|0x0000000612400000, 0x0000000612400000, 0x0000000612800000|  0%| F|  |TAMS 0x0000000612400000| PB 0x0000000612400000| Untracked |  0
|  61|0x0000000612800000, 0x0000000612800000, 0x0000000612c00000|  0%| F|  |TAMS 0x0000000612800000| PB 0x0000000612800000| Untracked |  0
|  62|0x0000000612c00000, 0x0000000612c00000, 0x0000000613000000|  0%| F|  |TAMS 0x0000000612c00000| PB 0x0000000612c00000| Untracked |  0
|  63|0x0000000613000000, 0x0000000613000000, 0x0000000613400000|  0%| F|  |TAMS 0x0000000613000000| PB 0x0000000613000000| Untracked |  0
|  64|0x0000000613400000, 0x0000000613400000, 0x0000000613800000|  0%| F|  |TAMS 0x0000000613400000| PB 0x0000000613400000| Untracked |  0
|  65|0x0000000613800000, 0x0000000613800000, 0x0000000613c00000|  0%| F|  |TAMS 0x0000000613800000| PB 0x0000000613800000| Untracked |  0
|  66|0x0000000613c00000, 0x0000000613c00000, 0x0000000614000000|  0%| F|  |TAMS 0x0000000613c00000| PB 0x0000000613c00000| Untracked |  0
|  67|0x0000000614000000, 0x0000000614000000, 0x0000000614400000|  0%| F|  |TAMS 0x0000000614000000| PB 0x0000000614000000| Untracked |  0
|  68|0x0000000614400000, 0x0000000614400000, 0x0000000614800000|  0%| F|  |TAMS 0x0000000614400000| PB 0x0000000614400000| Untracked |  0
|  69|0x0000000614800000, 0x0000000614800000, 0x0000000614c00000|  0%| F|  |TAMS 0x0000000614800000| PB 0x0000000614800000| Untracked |  0
|  70|0x0000000614c00000, 0x0000000614c00000, 0x0000000615000000|  0%| F|  |TAMS 0x0000000614c00000| PB 0x0000000614c00000| Untracked |  0
|  71|0x0000000615000000, 0x0000000615000000, 0x0000000615400000|  0%| F|  |TAMS 0x0000000615000000| PB 0x0000000615000000| Untracked |  0
|  72|0x0000000615400000, 0x0000000615400000, 0x0000000615800000|  0%| F|  |TAMS 0x0000000615400000| PB 0x0000000615400000| Untracked |  0
|  73|0x0000000615800000, 0x0000000615800000, 0x0000000615c00000|  0%| F|  |TAMS 0x0000000615800000| PB 0x0000000615800000| Untracked |  0
|  74|0x0000000615c00000, 0x0000000615c00000, 0x0000000616000000|  0%| F|  |TAMS 0x0000000615c00000| PB 0x0000000615c00000| Untracked |  0
|  75|0x0000000616000000, 0x0000000616000000, 0x0000000616400000|  0%| F|  |TAMS 0x0000000616000000| PB 0x0000000616000000| Untracked |  0
|  76|0x0000000616400000, 0x0000000616400000, 0x0000000616800000|  0%| F|  |TAMS 0x0000000616400000| PB 0x0000000616400000| Untracked |  0
|  77|0x0000000616800000, 0x0000000616800000, 0x0000000616c00000|  0%| F|  |TAMS 0x0000000616800000| PB 0x0000000616800000| Untracked |  0
|  78|0x0000000616c00000, 0x0000000616c00000, 0x0000000617000000|  0%| F|  |TAMS 0x0000000616c00000| PB 0x0000000616c00000| Untracked |  0
|  79|0x0000000617000000, 0x0000000617000000, 0x0000000617400000|  0%| F|  |TAMS 0x0000000617000000| PB 0x0000000617000000| Untracked |  0
|  80|0x0000000617400000, 0x0000000617400000, 0x0000000617800000|  0%| F|  |TAMS 0x0000000617400000| PB 0x0000000617400000| Untracked |  0
|  81|0x0000000617800000, 0x0000000617800000, 0x0000000617c00000|  0%| F|  |TAMS 0x0000000617800000| PB 0x0000000617800000| Untracked |  0
|  82|0x0000000617c00000, 0x0000000617c00000, 0x0000000618000000|  0%| F|  |TAMS 0x0000000617c00000| PB 0x0000000617c00000| Untracked |  0
|  83|0x0000000618000000, 0x0000000618000000, 0x0000000618400000|  0%| F|  |TAMS 0x0000000618000000| PB 0x0000000618000000| Untracked |  0
|  84|0x0000000618400000, 0x0000000618400000, 0x0000000618800000|  0%| F|  |TAMS 0x0000000618400000| PB 0x0000000618400000| Untracked |  0
|  85|0x0000000618800000, 0x0000000618800000, 0x0000000618c00000|  0%| F|  |TAMS 0x0000000618800000| PB 0x0000000618800000| Untracked |  0
|  86|0x0000000618c00000, 0x0000000618c00000, 0x0000000619000000|  0%| F|  |TAMS 0x0000000618c00000| PB 0x0000000618c00000| Untracked |  0
|  87|0x0000000619000000, 0x0000000619000000, 0x0000000619400000|  0%| F|  |TAMS 0x0000000619000000| PB 0x0000000619000000| Untracked |  0
|  88|0x0000000619400000, 0x0000000619400000, 0x0000000619800000|  0%| F|  |TAMS 0x0000000619400000| PB 0x0000000619400000| Untracked |  0
|  89|0x0000000619800000, 0x0000000619800000, 0x0000000619c00000|  0%| F|  |TAMS 0x0000000619800000| PB 0x0000000619800000| Untracked |  0
|  90|0x0000000619c00000, 0x0000000619c00000, 0x000000061a000000|  0%| F|  |TAMS 0x0000000619c00000| PB 0x0000000619c00000| Untracked |  0
|  91|0x000000061a000000, 0x000000061a000000, 0x000000061a400000|  0%| F|  |TAMS 0x000000061a000000| PB 0x000000061a000000| Untracked |  0
|  92|0x000000061a400000, 0x000000061a400000, 0x000000061a800000|  0%| F|  |TAMS 0x000000061a400000| PB 0x000000061a400000| Untracked |  0
|  93|0x000000061a800000, 0x000000061a800000, 0x000000061ac00000|  0%| F|  |TAMS 0x000000061a800000| PB 0x000000061a800000| Untracked |  0
|  94|0x000000061ac00000, 0x000000061ac00000, 0x000000061b000000|  0%| F|  |TAMS 0x000000061ac00000| PB 0x000000061ac00000| Untracked |  0
|  95|0x000000061b000000, 0x000000061b000000, 0x000000061b400000|  0%| F|  |TAMS 0x000000061b000000| PB 0x000000061b000000| Untracked |  0
|  96|0x000000061b400000, 0x000000061b400000, 0x000000061b800000|  0%| F|  |TAMS 0x000000061b400000| PB 0x000000061b400000| Untracked |  0
|  97|0x000000061b800000, 0x000000061b800000, 0x000000061bc00000|  0%| F|  |TAMS 0x000000061b800000| PB 0x000000061b800000| Untracked |  0
|  98|0x000000061bc00000, 0x000000061bc00000, 0x000000061c000000|  0%| F|  |TAMS 0x000000061bc00000| PB 0x000000061bc00000| Untracked |  0
|  99|0x000000061c000000, 0x000000061c000000, 0x000000061c400000|  0%| F|  |TAMS 0x000000061c000000| PB 0x000000061c000000| Untracked |  0
| 100|0x000000061c400000, 0x000000061c400000, 0x000000061c800000|  0%| F|  |TAMS 0x000000061c400000| PB 0x000000061c400000| Untracked |  0
| 101|0x000000061c800000, 0x000000061c800000, 0x000000061cc00000|  0%| F|  |TAMS 0x000000061c800000| PB 0x000000061c800000| Untracked |  0
| 102|0x000000061cc00000, 0x000000061cc00000, 0x000000061d000000|  0%| F|  |TAMS 0x000000061cc00000| PB 0x000000061cc00000| Untracked |  0
| 103|0x000000061d000000, 0x000000061d000000, 0x000000061d400000|  0%| F|  |TAMS 0x000000061d000000| PB 0x000000061d000000| Untracked |  0
| 104|0x000000061d400000, 0x000000061d400000, 0x000000061d800000|  0%| F|  |TAMS 0x000000061d400000| PB 0x000000061d400000| Untracked |  0
| 105|0x000000061d800000, 0x000000061d800000, 0x000000061dc00000|  0%| F|  |TAMS 0x000000061d800000| PB 0x000000061d800000| Untracked |  0
| 106|0x000000061dc00000, 0x000000061dc00000, 0x000000061e000000|  0%| F|  |TAMS 0x000000061dc00000| PB 0x000000061dc00000| Untracked |  0
| 107|0x000000061e000000, 0x000000061e000000, 0x000000061e400000|  0%| F|  |TAMS 0x000000061e000000| PB 0x000000061e000000| Untracked |  0
| 108|0x000000061e400000, 0x000000061e400000, 0x000000061e800000|  0%| F|  |TAMS 0x000000061e400000| PB 0x000000061e400000| Untracked |  0
| 109|0x000000061e800000, 0x000000061e800000, 0x000000061ec00000|  0%| F|  |TAMS 0x000000061e800000| PB 0x000000061e800000| Untracked |  0
| 110|0x000000061ec00000, 0x000000061ec00000, 0x000000061f000000|  0%| F|  |TAMS 0x000000061ec00000| PB 0x000000061ec00000| Untracked |  0
| 111|0x000000061f000000, 0x000000061f000000, 0x000000061f400000|  0%| F|  |TAMS 0x000000061f000000| PB 0x000000061f000000| Untracked |  0
| 112|0x000000061f400000, 0x000000061f400000, 0x000000061f800000|  0%| F|  |TAMS 0x000000061f400000| PB 0x000000061f400000| Untracked |  0
| 113|0x000000061f800000, 0x000000061f800000, 0x000000061fc00000|  0%| F|  |TAMS 0x000000061f800000| PB 0x000000061f800000| Untracked |  0
| 114|0x000000061fc00000, 0x000000061fc00000, 0x0000000620000000|  0%| F|  |TAMS 0x000000061fc00000| PB 0x000000061fc00000| Untracked |  0
| 115|0x0000000620000000, 0x0000000620000000, 0x0000000620400000|  0%| F|  |TAMS 0x0000000620000000| PB 0x0000000620000000| Untracked |  0
| 116|0x0000000620400000, 0x0000000620400000, 0x0000000620800000|  0%| F|  |TAMS 0x0000000620400000| PB 0x0000000620400000| Untracked |  0
| 117|0x0000000620800000, 0x0000000620800000, 0x0000000620c00000|  0%| F|  |TAMS 0x0000000620800000| PB 0x0000000620800000| Untracked |  0
| 118|0x0000000620c00000, 0x0000000620c00000, 0x0000000621000000|  0%| F|  |TAMS 0x0000000620c00000| PB 0x0000000620c00000| Untracked |  0
| 119|0x0000000621000000, 0x0000000621000000, 0x0000000621400000|  0%| F|  |TAMS 0x0000000621000000| PB 0x0000000621000000| Untracked |  0
| 120|0x0000000621400000, 0x0000000621400000, 0x0000000621800000|  0%| F|  |TAMS 0x0000000621400000| PB 0x0000000621400000| Untracked |  0
| 121|0x0000000621800000, 0x0000000621800000, 0x0000000621c00000|  0%| F|  |TAMS 0x0000000621800000| PB 0x0000000621800000| Untracked |  0
| 122|0x0000000621c00000, 0x0000000621c00000, 0x0000000622000000|  0%| F|  |TAMS 0x0000000621c00000| PB 0x0000000621c00000| Untracked |  0
| 123|0x0000000622000000, 0x0000000622000000, 0x0000000622400000|  0%| F|  |TAMS 0x0000000622000000| PB 0x0000000622000000| Untracked |  0
| 124|0x0000000622400000, 0x0000000622400000, 0x0000000622800000|  0%| F|  |TAMS 0x0000000622400000| PB 0x0000000622400000| Untracked |  0
| 125|0x0000000622800000, 0x00000006229ec6d8, 0x0000000622c00000| 48%| E|  |TAMS 0x0000000622800000| PB 0x0000000622800000| Complete |  0
| 126|0x0000000622c00000, 0x0000000623000000, 0x0000000623000000|100%| E|CS|TAMS 0x0000000622c00000| PB 0x0000000622c00000| Complete |  0
| 127|0x0000000623000000, 0x0000000623400000, 0x0000000623400000|100%| E|CS|TAMS 0x0000000623000000| PB 0x0000000623000000| Complete |  0

Card table byte_map: [0x000001acbac10000,0x000001acbbc00000] _byte_map_base: 0x000001acb7bf6000

Marking Bits: (CMBitMap*) 0x000001aca215e520
 Bits: [0x000001acbbc00000, 0x000001acc3b30000)

Polling page: 0x000001ac9f360000

Metaspace:

Usage:
  Non-class:      8.46 MB used.
      Class:      1.20 MB used.
       Both:      9.66 MB used.

Virtual space:
  Non-class space:       64.00 MB reserved,       8.62 MB ( 13%) committed,  1 nodes.
      Class space:        1.00 GB reserved,       1.31 MB ( <1%) committed,  1 nodes.
             Both:        1.06 GB reserved,       9.94 MB ( <1%) committed. 

Chunk freelists:
   Non-Class:  7.00 MB
       Class:  14.74 MB
        Both:  21.74 MB

MaxMetaspaceSize: unlimited
CompressedClassSpaceSize: 1.00 GB
Initial GC threshold: 21.00 MB
Current GC threshold: 21.00 MB
CDS: on
 - commit_granule_bytes: 65536.
 - commit_granule_words: 8192.
 - virtual_space_node_default_size: 8388608.
 - enlarge_chunks_in_place: 1.
 - use_allocation_guard: 0.


Internal statistics:

num_allocs_failed_limit: 0.
num_arena_births: 154.
num_arena_deaths: 0.
num_vsnodes_births: 2.
num_vsnodes_deaths: 0.
num_space_committed: 159.
num_space_uncommitted: 0.
num_chunks_returned_to_freelist: 0.
num_chunks_taken_from_freelist: 208.
num_chunk_merges: 0.
num_chunk_splits: 121.
num_chunks_enlarged: 54.
num_inconsistent_stats: 0.

CodeHeap 'non-profiled nmethods': size=120064Kb used=298Kb max_used=298Kb free=119765Kb
 bounds [0x000001acb22a0000, 0x000001acb2510000, 0x000001acb97e0000]
CodeHeap 'profiled nmethods': size=120000Kb used=1017Kb max_used=1017Kb free=118982Kb
 bounds [0x000001acaa7e0000, 0x000001acaaa50000, 0x000001acb1d10000]
CodeHeap 'non-nmethods': size=5696Kb used=1620Kb max_used=1646Kb free=4075Kb
 bounds [0x000001acb1d10000, 0x000001acb1f80000, 0x000001acb22a0000]
CodeCache: size=245760Kb, used=2935Kb, max_used=2961Kb, free=242822Kb
 total_blobs=1586, nmethods=949, adapters=543, full_count=0
Compilation: enabled, stopped_count=0, restarted_count=0

Compilation events (20 events):
Event: 6521.924 Thread 0x000001acc666afe0 nmethod 929 0x000001acaa8d5b88 code [0x000001acaa8d5ca0, 0x000001acaa8d5d98]
Event: 6741.335 Thread 0x000001acc666afe0  930       3       java.util.IdentityHashMap::isEmpty (13 bytes)
Event: 6741.335 Thread 0x000001acc666afe0 nmethod 930 0x000001acaa8d5e88 code [0x000001acaa8d5fa0, 0x000001acaa8d60f8]
Event: 6794.033 Thread 0x000001acc666afe0  931 % !   3       org.netbeans.modules.debugger.jpda.visual.remote.RemoteAWTService$AWTAccessLoop::run @ 10 (314 bytes)
Event: 6794.035 Thread 0x000001acc666afe0 nmethod 931% 0x000001acaa8d6188 code [0x000001acaa8d65a0, 0x000001acaa8d8a50]
Event: 6830.753 Thread 0x000001acc666afe0  932       3       sun.awt.AWTAutoShutdown::isReadyToShutdown (37 bytes)
Event: 6830.753 Thread 0x000001acc666afe0 nmethod 932 0x000001acaa8d8b88 code [0x000001acaa8d8cc0, 0x000001acaa8d9018]
Event: 6909.210 Thread 0x000001acc666afe0  935   !   3       org.netbeans.modules.debugger.jpda.visual.remote.RemoteAWTService$AWTAccessLoop::run (314 bytes)
Event: 6909.213 Thread 0x000001acc666afe0 nmethod 935 0x000001acaa8d9088 code [0x000001acaa8d94a0, 0x000001acaa8db8c8]
Event: 7021.171 Thread 0x000001acc666afe0  936       3       jdk.internal.misc.Unsafe::putReferenceOpaque (9 bytes)
Event: 7021.171 Thread 0x000001acc666afe0 nmethod 936 0x000001acaa8dba08 code [0x000001acaa8dbb20, 0x000001acaa8dbc88]
Event: 7070.780 Thread 0x000001acc666afe0  937   !   3       sun.awt.AWTAutoShutdown::setToolkitBusy (124 bytes)
Event: 7070.781 Thread 0x000001acc666afe0 nmethod 937 0x000001acaa8dbd08 code [0x000001acaa8dbea0, 0x000001acaa8dc5d8]
Event: 7081.182 Thread 0x000001acc666afe0  938       3       java.util.concurrent.locks.LockSupport::setBlocker (12 bytes)
Event: 7081.182 Thread 0x000001acc666afe0 nmethod 938 0x000001acaa8dc608 code [0x000001acaa8dc720, 0x000001acaa8dc930]
Event: 7321.211 Thread 0x000001acc666afe0  939       3       java.util.concurrent.locks.AbstractQueuedSynchronizer$ConditionObject::canReacquire (38 bytes)
Event: 7321.212 Thread 0x000001acc666afe0 nmethod 939 0x000001acaa8dc988 code [0x000001acaa8dcac0, 0x000001acaa8dce08]
Event: 7681.233 Thread 0x000001acc666afe0  941       3       java.lang.ref.ReferenceQueue::poll0 (65 bytes)
Event: 7681.234 Thread 0x000001acc666afe0 nmethod 941 0x000001acaa8dce88 code [0x000001acaa8dcfe0, 0x000001acaa8dd4d0]
Event: 10941.600 Thread 0x000001acc3d2a410  942       4       java.lang.StringLatin1::replace (198 bytes)

GC Heap History (0 events):
No events

Dll operation events (9 events):
Event: 0.050 Loaded shared library C:\Program Files\Java\jdk-23\bin\java.dll
Event: 0.120 Loaded shared library C:\Program Files\Java\jdk-23\bin\jsvml.dll
Event: 0.150 Loaded shared library C:\Program Files\Java\jdk-23\bin\net.dll
Event: 0.155 Loaded shared library C:\Program Files\Java\jdk-23\bin\nio.dll
Event: 0.714 Loaded shared library C:\Program Files\Java\jdk-23\bin\zip.dll
Event: 0.727 Loaded shared library C:\Program Files\Java\jdk-23\bin\jimage.dll
Event: 0.745 Loaded shared library C:\Program Files\Java\jdk-23\bin\awt.dll
Event: 0.867 Loaded shared library C:\Program Files\Java\jdk-23\bin\freetype.dll
Event: 0.869 Loaded shared library C:\Program Files\Java\jdk-23\bin\fontmanager.dll

Deoptimization events (20 events):
Event: 1.379 Thread 0x000001ad0c1eae40 Uncommon trap: trap_request=0xffffff3d fr.pc=0x000001acb22cfd58 relative=0x0000000000000cd8
Event: 1.379 Thread 0x000001ad0c1eae40 Uncommon trap: reason=unstable_fused_if action=reinterpret pc=0x000001acb22cfd58 method=java.util.HashMap.resize()[Ljava/util/HashMap$Node; @ 31 c2
Event: 1.379 Thread 0x000001ad0c1eae40 DEOPT PACKING pc=0x000001acb22cfd58 sp=0x00000085468fe0c0
Event: 1.379 Thread 0x000001ad0c1eae40 DEOPT UNPACKING pc=0x000001acb1d64402 sp=0x00000085468fe048 mode 2
Event: 1.459 Thread 0x000001ad0c1eae40 Uncommon trap: trap_request=0xffffffde fr.pc=0x000001acb22b3b38 relative=0x00000000000001b8
Event: 1.459 Thread 0x000001ad0c1eae40 Uncommon trap: reason=class_check action=maybe_recompile pc=0x000001acb22b3b38 method=java.lang.String.equals(Ljava/lang/Object;)Z @ 8 c2
Event: 1.459 Thread 0x000001ad0c1eae40 DEOPT PACKING pc=0x000001acb22b3b38 sp=0x00000085468fcfe0
Event: 1.459 Thread 0x000001ad0c1eae40 DEOPT UNPACKING pc=0x000001acb1d64402 sp=0x00000085468fcf88 mode 2
Event: 1.462 Thread 0x000001ad0c1eae40 Uncommon trap: trap_request=0xffffffde fr.pc=0x000001acb22b3b38 relative=0x00000000000001b8
Event: 1.462 Thread 0x000001ad0c1eae40 Uncommon trap: reason=class_check action=maybe_recompile pc=0x000001acb22b3b38 method=java.lang.String.equals(Ljava/lang/Object;)Z @ 8 c2
Event: 1.462 Thread 0x000001ad0c1eae40 DEOPT PACKING pc=0x000001acb22b3b38 sp=0x00000085468fd120
Event: 1.462 Thread 0x000001ad0c1eae40 DEOPT UNPACKING pc=0x000001acb1d64402 sp=0x00000085468fd0c8 mode 2
Event: 1.462 Thread 0x000001ad0c1eae40 Uncommon trap: trap_request=0xffffffde fr.pc=0x000001acb22b3b38 relative=0x00000000000001b8
Event: 1.462 Thread 0x000001ad0c1eae40 Uncommon trap: reason=class_check action=maybe_recompile pc=0x000001acb22b3b38 method=java.lang.String.equals(Ljava/lang/Object;)Z @ 8 c2
Event: 1.462 Thread 0x000001ad0c1eae40 DEOPT PACKING pc=0x000001acb22b3b38 sp=0x00000085468fcfd0
Event: 1.462 Thread 0x000001ad0c1eae40 DEOPT UNPACKING pc=0x000001acb1d64402 sp=0x00000085468fcf78 mode 2
Event: 1.462 Thread 0x000001ad0c1eae40 Uncommon trap: trap_request=0xffffffde fr.pc=0x000001acb22b3b38 relative=0x00000000000001b8
Event: 1.462 Thread 0x000001ad0c1eae40 Uncommon trap: reason=class_check action=maybe_recompile pc=0x000001acb22b3b38 method=java.lang.String.equals(Ljava/lang/Object;)Z @ 8 c2
Event: 1.462 Thread 0x000001ad0c1eae40 DEOPT PACKING pc=0x000001acb22b3b38 sp=0x00000085468fcfe0
Event: 1.462 Thread 0x000001ad0c1eae40 DEOPT UNPACKING pc=0x000001acb1d64402 sp=0x00000085468fcf88 mode 2

Classes loaded (20 events):
Event: 1.517 Loading class java/lang/StackTraceElement$HashedModules
Event: 1.517 Loading class java/lang/StackTraceElement$HashedModules done
Event: 1.517 Loading class java/awt/EventQueue$5
Event: 1.517 Loading class java/awt/EventQueue$5 done
Event: 1.518 Loading class javax/swing/RepaintManager$2$1
Event: 1.518 Loading class javax/swing/RepaintManager$2$1 done
Event: 1.519 Loading class sun/swing/SwingUtilities2$KeyPair
Event: 1.519 Loading class sun/swing/SwingUtilities2$KeyPair done
Event: 1.523 Loading class javax/swing/text/SegmentCache
Event: 1.523 Loading class javax/swing/text/SegmentCache done
Event: 1.523 Loading class javax/swing/text/SegmentCache$CachedSegment
Event: 1.523 Loading class javax/swing/text/Segment
Event: 1.523 Loading class java/text/CharacterIterator
Event: 1.523 Loading class java/text/CharacterIterator done
Event: 1.523 Loading class javax/swing/text/Segment done
Event: 1.523 Loading class javax/swing/text/SegmentCache$CachedSegment done
Event: 1.523 Loading class javax/swing/text/Utilities
Event: 1.523 Loading class javax/swing/text/Utilities done
Event: 10941.601 Loading class java/util/ArrayList$ListItr
Event: 10941.601 Loading class java/util/ArrayList$ListItr done

Classes unloaded (0 events):
No events

Classes redefined (0 events):
No events

Internal exceptions (20 events):
Event: 0.898 Thread 0x000001aca20ff6e0 Exception <a 'java/lang/ClassNotFoundException'{0x0000000622eb2bd8}: ToolBar> (0x0000000622eb2bd8) 
thrown [s\open\src\hotspot\share\classfile\systemDictionary.cpp, line 313]
Event: 0.898 Thread 0x000001aca20ff6e0 Exception <a 'java/lang/ClassNotFoundException'{0x0000000622eb2f48}: ToggleButton> (0x0000000622eb2f48) 
thrown [s\open\src\hotspot\share\classfile\systemDictionary.cpp, line 313]
Event: 0.898 Thread 0x000001aca20ff6e0 Exception <a 'java/lang/ClassNotFoundException'{0x0000000622eb3388}: javax/swing/JToolBarSeparator> (0x0000000622eb3388) 
thrown [s\open\src\hotspot\share\classfile\systemDictionary.cpp, line 313]
Event: 0.898 Thread 0x000001aca20ff6e0 Exception <a 'java/lang/ClassNotFoundException'{0x0000000622eb3698}: ToolBarSeparator> (0x0000000622eb3698) 
thrown [s\open\src\hotspot\share\classfile\systemDictionary.cpp, line 313]
Event: 0.898 Thread 0x000001aca20ff6e0 Exception <a 'java/lang/ClassNotFoundException'{0x0000000622eb3bb0}: ToolTip> (0x0000000622eb3bb0) 
thrown [s\open\src\hotspot\share\classfile\systemDictionary.cpp, line 313]
Event: 0.899 Thread 0x000001aca20ff6e0 Exception <a 'java/lang/ClassNotFoundException'{0x0000000622eb4500}: Tree> (0x0000000622eb4500) 
thrown [s\open\src\hotspot\share\classfile\systemDictionary.cpp, line 313]
Event: 0.899 Thread 0x000001aca20ff6e0 Exception <a 'java/lang/ClassNotFoundException'{0x0000000622eb49f8}: Tree> (0x0000000622eb49f8) 
thrown [s\open\src\hotspot\share\classfile\systemDictionary.cpp, line 313]
Event: 0.899 Thread 0x000001aca20ff6e0 Exception <a 'java/lang/ClassNotFoundException'{0x0000000622eb4d68}: javax/swing/JTreeCell> (0x0000000622eb4d68) 
thrown [s\open\src\hotspot\share\classfile\systemDictionary.cpp, line 313]
Event: 0.899 Thread 0x000001aca20ff6e0 Exception <a 'java/lang/ClassNotFoundException'{0x0000000622eb5070}: TreeCell> (0x0000000622eb5070) 
thrown [s\open\src\hotspot\share\classfile\systemDictionary.cpp, line 313]
Event: 0.899 Thread 0x000001aca20ff6e0 Exception <a 'java/lang/ClassNotFoundException'{0x0000000622eb5828}: RootPane> (0x0000000622eb5828) 
thrown [s\open\src\hotspot\share\classfile\systemDictionary.cpp, line 313]
Event: 0.900 Thread 0x000001aca20ff6e0 Exception <a 'java/lang/ClassNotFoundException'{0x0000000622eb8688}: com/sun/swing/internal/plaf/metal/resources/spi/metalProvider> (0x0000000622eb8688) 
thrown [s\open\src\hotspot\share\classfile\systemDictionary.cpp, line 313]
Event: 0.901 Thread 0x000001aca20ff6e0 Exception <a 'java/lang/ClassNotFoundException'{0x0000000622ebc398}: com/sun/swing/internal/plaf/basic/resources/spi/basicProvider> (0x0000000622ebc398) 
thrown [s\open\src\hotspot\share\classfile\systemDictionary.cpp, line 313]
Event: 1.371 Thread 0x000001ad0c1eae40 Exception <a 'java/lang/ClassNotFoundException'{0x0000000622f73388}: com/sun/swing/internal/plaf/synth/resources/spi/synthProvider> (0x0000000622f73388) 
thrown [s\open\src\hotspot\share\classfile\systemDictionary.cpp, line 313]
Event: 1.383 Thread 0x000001ad0c1eae40 Exception <a 'java/lang/NoSuchMethodError'{0x0000000622fb6d60}: 'int java.lang.invoke.Invokers$Holder.invokeExact_MT(java.lang.Object, java.lang.Object)'> (0x0000000622fb6d60) 
thrown [s\open\src\hotspot\share\interpreter\linkResolver.cpp, line 796]
Event: 1.386 Thread 0x000001ad0c1eae40 Exception <a 'java/lang/NoSuchMethodError'{0x0000000622fbf548}: 'java.lang.Object java.lang.invoke.DirectMethodHandle$Holder.newInvokeSpecial(java.lang.Object, java.lang.Object, int)'> (0x0000000622fbf548) 
thrown [s\open\src\hotspot\share\interpreter\linkResolver.cpp, line 796]
Event: 1.388 Thread 0x000001ad0c1eae40 Exception <a 'java/lang/NoSuchMethodError'{0x0000000622fd3880}: 'java.lang.Object java.lang.invoke.DirectMethodHandle$Holder.invokeStatic(java.lang.Object, java.lang.Object, java.lang.Object, java.lang.Object, int)'> (0x0000000622fd3880) 
thrown [s\open\src\hotspot\share\interpreter\linkResolver.cpp, line 796]
Event: 1.388 Thread 0x000001ad0c1eae40 Exception <a 'java/lang/NoSuchMethodError'{0x000000062287ffe0}: 'int java.lang.invoke.DirectMethodHandle$Holder.invokeSpecial(java.lang.Object, java.lang.Object, java.lang.Object)'> (0x000000062287ffe0) 
thrown [s\open\src\hotspot\share\interpreter\linkResolver.cpp, line 796]
Event: 1.423 Thread 0x000001ad0c066380 Exception <a 'java/lang/NoSuchMethodError'{0x0000000622d044e8}: 'void java.lang.invoke.DirectMethodHandle$Holder.invokeVirtual(java.lang.Object, java.lang.Object)'> (0x0000000622d044e8) 
thrown [s\open\src\hotspot\share\interpreter\linkResolver.cpp, line 796]
Event: 1.434 Thread 0x000001ad0c1eae40 Exception <a 'java/lang/NoSuchMethodError'{0x00000006228fdf00}: 'void java.lang.invoke.DirectMethodHandle$Holder.invokeStaticInit(java.lang.Object)'> (0x00000006228fdf00) 
thrown [s\open\src\hotspot\share\interpreter\linkResolver.cpp, line 796]
Event: 1.516 Thread 0x000001ad0c1eae40 Exception <a 'java/lang/NullPointerException'{0x0000000622988cc8}> (0x0000000622988cc8) 
thrown [s\open\src\hotspot\share\interpreter\linkResolver.cpp, line 1389]

VM Operations (20 events):
Event: 0.161 Executing VM operation: HandshakeAllThreads (Deoptimize)
Event: 0.161 Executing VM operation: HandshakeAllThreads (Deoptimize) done
Event: 0.770 Executing VM operation: HandshakeAllThreads (Deoptimize)
Event: 0.770 Executing VM operation: HandshakeAllThreads (Deoptimize) done
Event: 0.828 Executing VM operation: ChangeBreakpoints
Event: 0.828 Executing VM operation: ChangeBreakpoints done
Event: 0.828 Executing VM operation: ChangeBreakpoints
Event: 0.828 Executing VM operation: ChangeBreakpoints done
Event: 0.921 Executing VM operation: ChangeBreakpoints
Event: 0.921 Executing VM operation: ChangeBreakpoints done
Event: 0.921 Executing VM operation: ChangeBreakpoints
Event: 0.921 Executing VM operation: ChangeBreakpoints done
Event: 1.041 Executing VM operation: HandshakeAllThreads (Deoptimize)
Event: 1.041 Executing VM operation: HandshakeAllThreads (Deoptimize) done
Event: 60.171 Executing VM operation: HandshakeAllThreads (HandshakeForDeflation)
Event: 60.171 Executing VM operation: HandshakeAllThreads (HandshakeForDeflation) done
Event: 60.171 Executing VM operation: RendezvousGCThreads
Event: 60.171 Executing VM operation: RendezvousGCThreads done
Event: 10941.601 Executing VM operation: HandshakeAllThreads (Deoptimize)
Event: 10941.601 Executing VM operation: HandshakeAllThreads (Deoptimize) done

Memory protections (0 events):
No events

Nmethod flushes (0 events):
No events

Events (20 events):
Event: 0.115 Thread 0x000001aca20ff6e0 Thread added: 0x000001acc3d19770
Event: 0.117 Thread 0x000001aca20ff6e0 Thread added: 0x000001acc3d1b0f0
Event: 0.117 Thread 0x000001aca20ff6e0 Thread added: 0x000001acc3d1ec10
Event: 0.117 Thread 0x000001aca20ff6e0 Thread added: 0x000001acc3d1fc20
Event: 0.117 Thread 0x000001aca20ff6e0 Thread added: 0x000001acc3d213a0
Event: 0.117 Thread 0x000001aca20ff6e0 Thread added: 0x000001acc3d24b40
Event: 0.118 Thread 0x000001aca20ff6e0 Thread added: 0x000001acc3d2a410
Event: 0.118 Thread 0x000001aca20ff6e0 Thread added: 0x000001acc666afe0
Event: 0.137 Thread 0x000001aca20ff6e0 Thread added: 0x000001acc6760ae0
Event: 0.548 Thread 0x000001aca20ff6e0 Thread added: 0x000001acc695fcf0
Event: 0.549 Thread 0x000001aca20ff6e0 Thread added: 0x000001acc6960790
Event: 0.550 Thread 0x000001acc695fcf0 Thread added: 0x000001acc68f3e90
Event: 0.706 Thread 0x000001aca20ff6e0 Thread added: 0x000001acc68f4d40
Event: 0.795 Thread 0x000001aca20ff6e0 Thread added: 0x000001ad0c05bb90
Event: 0.797 Thread 0x000001aca20ff6e0 Thread added: 0x000001ad0c065070
Event: 0.799 Thread 0x000001aca20ff6e0 Thread added: 0x000001ad0c066380
Event: 0.911 Thread 0x000001aca20ff6e0 Thread added: 0x000001ad0c1eae40
Event: 0.912 Thread 0x000001aca20ff6e0 Thread exited: 0x000001aca20ff6e0
Event: 0.912 Thread 0x000001aca20ff6e0 Thread added: 0x000001aca20ff6e0
Event: 1.045 Thread 0x000001ad0c1eae40 Thread added: 0x000001ad0c0d4940


Dynamic libraries:
0x00007ff7fc840000 - 0x00007ff7fc850000 	C:\Program Files\Java\jdk-23\bin\java.exe
0x00007ffc8c9a0000 - 0x00007ffc8cc03000 	C:\WINDOWS\SYSTEM32\ntdll.dll
0x00007ffc8a7c0000 - 0x00007ffc8a887000 	C:\WINDOWS\System32\KERNEL32.DLL
0x00007ffc89d10000 - 0x00007ffc8a0d9000 	C:\WINDOWS\System32\KERNELBASE.dll
0x00007ffc8a180000 - 0x00007ffc8a2cc000 	C:\WINDOWS\System32\ucrtbase.dll
0x00007ffc7fae0000 - 0x00007ffc7faf7000 	C:\Program Files\Java\jdk-23\bin\jli.dll
0x00007ffc839d0000 - 0x00007ffc839eb000 	C:\Program Files\Java\jdk-23\bin\VCRUNTIME140.dll
0x00007ffc8b0d0000 - 0x00007ffc8b29a000 	C:\WINDOWS\System32\USER32.dll
0x00007ffc8a6d0000 - 0x00007ffc8a6f7000 	C:\WINDOWS\System32\win32u.dll
0x00007ffc8bc10000 - 0x00007ffc8bc3a000 	C:\WINDOWS\System32\GDI32.dll
0x00007ffc8a590000 - 0x00007ffc8a6c1000 	C:\WINDOWS\System32\gdi32full.dll
0x00007ffc8a450000 - 0x00007ffc8a4f3000 	C:\WINDOWS\System32\msvcp_win.dll
0x00007ffc76280000 - 0x00007ffc76510000 	C:\WINDOWS\WinSxS\amd64_microsoft.windows.common-controls_6595b64144ccf1df_6.0.26100.3323_none_3e088096e3344490\COMCTL32.dll
0x00007ffc8a980000 - 0x00007ffc8aa29000 	C:\WINDOWS\System32\msvcrt.dll
0x00007ffc8b440000 - 0x00007ffc8b46f000 	C:\WINDOWS\System32\IMM32.DLL
0x00007ffc82350000 - 0x00007ffc824aa000 	C:\WINDOWS\system32\tmumh\20019\AddOn\8.55.0.1333\TmUmEvt64.dll
0x00007ffc8ab10000 - 0x00007ffc8ab18000 	C:\WINDOWS\System32\PSAPI.DLL
0x00007ffc8ab80000 - 0x00007ffc8ac32000 	C:\WINDOWS\System32\ADVAPI32.dll
0x00007ffc8c740000 - 0x00007ffc8c7e6000 	C:\WINDOWS\System32\sechost.dll
0x00007ffc8c7f0000 - 0x00007ffc8c906000 	C:\WINDOWS\System32\RPCRT4.dll
0x00000000737d0000 - 0x00000000738f6000 	C:\WINDOWS\system32\tmumh\20019\TmMon\2.9.0.1205\tmmon64.dll
0x00007ffc82310000 - 0x00007ffc8231c000 	C:\Program Files\Java\jdk-23\bin\vcruntime140_1.dll
0x00007ffc58da0000 - 0x00007ffc58e2e000 	C:\Program Files\Java\jdk-23\bin\msvcp140.dll
0x00007ffbb4c30000 - 0x00007ffbb5980000 	C:\Program Files\Java\jdk-23\bin\server\jvm.dll
0x00007ffc8aa30000 - 0x00007ffc8aaa4000 	C:\WINDOWS\System32\WS2_32.dll
0x00007ffc89330000 - 0x00007ffc8937e000 	C:\WINDOWS\SYSTEM32\POWRPROF.dll
0x00007ffc79ab0000 - 0x00007ffc79ae6000 	C:\WINDOWS\SYSTEM32\WINMM.dll
0x00007ffc83090000 - 0x00007ffc8309b000 	C:\WINDOWS\SYSTEM32\VERSION.dll
0x00007ffc89310000 - 0x00007ffc89324000 	C:\WINDOWS\SYSTEM32\UMPDC.dll
0x000001ac9f350000 - 0x000001ac9f353000 	C:\WINDOWS\system32\Sfc.dll
0x00007ffc6e420000 - 0x00007ffc6e42a000 	C:\WINDOWS\SYSTEM32\sfc_os.DLL
0x00007ffc898d0000 - 0x00007ffc899cf000 	C:\WINDOWS\SYSTEM32\ServicingCommon.dll
0x00007ffc8ac40000 - 0x00007ffc8b0c6000 	C:\WINDOWS\System32\SETUPAPI.dll
0x00007ffc88980000 - 0x00007ffc8899a000 	C:\WINDOWS\SYSTEM32\kernel.appcore.dll
0x00007ffc82300000 - 0x00007ffc8230a000 	C:\Program Files\Java\jdk-23\bin\jimage.dll
0x00007ffc7ecd0000 - 0x00007ffc7ef11000 	C:\WINDOWS\SYSTEM32\DBGHELP.DLL
0x00007ffc8b6e0000 - 0x00007ffc8ba62000 	C:\WINDOWS\System32\combase.dll
0x00007ffc8c660000 - 0x00007ffc8c736000 	C:\WINDOWS\System32\OLEAUT32.dll
0x00007ffc7ce80000 - 0x00007ffc7ceb9000 	C:\WINDOWS\SYSTEM32\dbgcore.DLL
0x00007ffc8a0e0000 - 0x00007ffc8a179000 	C:\WINDOWS\System32\bcryptPrimitives.dll
0x00007ffc591c0000 - 0x00007ffc591fc000 	C:\Program Files\Java\jdk-23\bin\jdwp.dll
0x00007ffc7fac0000 - 0x00007ffc7fade000 	C:\Program Files\Java\jdk-23\bin\java.dll
0x00007ffc8ba70000 - 0x00007ffc8bc05000 	C:\WINDOWS\System32\ole32.dll
0x00007ffc8bf20000 - 0x00007ffc8c635000 	C:\WINDOWS\System32\SHELL32.dll
0x00007ffc89ba0000 - 0x00007ffc89d08000 	C:\WINDOWS\System32\wintypes.dll
0x00007ffc87860000 - 0x00007ffc880a5000 	C:\WINDOWS\SYSTEM32\windows.storage.dll
0x00007ffc8a890000 - 0x00007ffc8a97b000 	C:\WINDOWS\System32\SHCORE.dll
0x000001acc69c0000 - 0x000001acc6a1d000 	C:\WINDOWS\System32\shlwapi.dll
0x00007ffc89ab0000 - 0x00007ffc89adf000 	C:\WINDOWS\SYSTEM32\profapi.dll
0x00007ffc53070000 - 0x00007ffc53147000 	C:\Program Files\Java\jdk-23\bin\jsvml.dll
0x00007ffc7fb60000 - 0x00007ffc7fb70000 	C:\Program Files\Java\jdk-23\bin\net.dll
0x00007ffc88e80000 - 0x00007ffc88eea000 	C:\WINDOWS\system32\mswsock.dll
0x00007ffc7d370000 - 0x00007ffc7d386000 	C:\Program Files\Java\jdk-23\bin\nio.dll
0x00007ffc7d350000 - 0x00007ffc7d35b000 	C:\Program Files\Java\jdk-23\bin\dt_shmem.dll
0x00007ffc7d300000 - 0x00007ffc7d317000 	C:\Program Files\Java\jdk-23\bin\zip.dll
0x00007ffc40010000 - 0x00007ffc4019e000 	C:\Program Files\Java\jdk-23\bin\awt.dll
0x00007ffc86b90000 - 0x00007ffc86c2c000 	C:\WINDOWS\SYSTEM32\apphelp.dll
0x00007ffc86ed0000 - 0x00007ffc86f7e000 	C:\WINDOWS\system32\uxtheme.dll
0x00007ffc8bc40000 - 0x00007ffc8bd9b000 	C:\WINDOWS\System32\MSCTF.dll
0x00007ffc872e0000 - 0x00007ffc87315000 	C:\WINDOWS\system32\DWMAPI.DLL
0x00007ffc55620000 - 0x00007ffc556a7000 	C:\Program Files\Java\jdk-23\bin\freetype.dll
0x00007ffc40a50000 - 0x00007ffc40b27000 	C:\Program Files\Java\jdk-23\bin\fontmanager.dll
0x00007ffc5fff0000 - 0x00007ffc600fc000 	C:\WINDOWS\system32\opengl32.dll
0x00007ffc66520000 - 0x00007ffc6654d000 	C:\WINDOWS\SYSTEM32\GLU32.dll
0x00007ffc86fd0000 - 0x00007ffc87017000 	C:\WINDOWS\SYSTEM32\dxcore.dll
0x00007ffc893a0000 - 0x00007ffc893b3000 	C:\WINDOWS\SYSTEM32\msasn1.dll
0x00007ffc83050000 - 0x00007ffc8308b000 	C:\WINDOWS\SYSTEM32\cryptnet.dll
0x00007ffc8a2d0000 - 0x00007ffc8a447000 	C:\WINDOWS\System32\CRYPT32.dll
0x00007ffc82d60000 - 0x00007ffc82edb000 	C:\WINDOWS\SYSTEM32\drvstore.dll
0x00007ffc89870000 - 0x00007ffc8989d000 	C:\WINDOWS\SYSTEM32\devobj.dll
0x00007ffc89800000 - 0x00007ffc8985f000 	C:\WINDOWS\SYSTEM32\cfgmgr32.dll
0x00007ffc89140000 - 0x00007ffc8919d000 	C:\WINDOWS\SYSTEM32\wldp.dll
0x00007ffc89210000 - 0x00007ffc8921c000 	C:\WINDOWS\SYSTEM32\cryptbase.dll
0x00007ffc8a500000 - 0x00007ffc8a57f000 	C:\WINDOWS\System32\WINTRUST.DLL
0x00007ffc8bda0000 - 0x00007ffc8bdc0000 	C:\WINDOWS\System32\imagehlp.dll
0x00007ffc892a0000 - 0x00007ffc892bc000 	C:\WINDOWS\SYSTEM32\CRYPTSP.dll
0x00007ffc888e0000 - 0x00007ffc8891a000 	C:\WINDOWS\system32\rsaenh.dll
0x00007ffc894d0000 - 0x00007ffc894f6000 	C:\WINDOWS\SYSTEM32\bcrypt.dll
0x00007ffc50290000 - 0x00007ffc50557000 	C:\WINDOWS\system32\nvspcap64.dll
0x00007ffc88aa0000 - 0x00007ffc88ad5000 	C:\WINDOWS\SYSTEM32\ntmarta.dll
0x00007ffc88ef0000 - 0x00007ffc88f17000 	C:\WINDOWS\SYSTEM32\gpapi.dll
0x00007ffc8bdd0000 - 0x00007ffc8be78000 	C:\WINDOWS\System32\clbcatq.dll
0x00007ffc86c90000 - 0x00007ffc86ebe000 	C:\WINDOWS\SYSTEM32\WindowsCodecs.dll
0x00007ffc64520000 - 0x00007ffc6457a000 	C:\WINDOWS\system32\dataexchange.dll
0x00007ffc84240000 - 0x00007ffc8447b000 	C:\WINDOWS\system32\twinapi.appcore.dll

dbghelp: loaded successfully - version: 4.0.5 - missing functions: none
symbol engine: initialized successfully - sym options: 0x614 - pdb path: .;C:\Program Files\Java\jdk-23\bin;C:\WINDOWS\SYSTEM32;C:\WINDOWS\WinSxS\amd64_microsoft.windows.common-controls_6595b64144ccf1df_6.0.26100.3323_none_3e088096e3344490;C:\WINDOWS\system32\tmumh\20019\AddOn\8.55.0.1333;C:\WINDOWS\system32\tmumh\20019\TmMon\2.9.0.1205;C:\Program Files\Java\jdk-23\bin\server

VM Arguments:
jvm_args: -Dfile.encoding=UTF-8 --enable-preview -agentlib:jdwp=transport=dt_shmem,address=javadebug --module-path=D:\Documents\NetBeansProjects\MPHPayrollsystemApp\build\classes 
java_command: EmployeeSearchFrame
java_class_path (initial): C:\Program Files\NetBeans-24\netbeans\java\modules\ext\AbsoluteLayout.jar;D:\Documents\NetBeansProjects\MPHPayrollsystemApp\build\classes
Launcher Type: SUN_STANDARD

[Global flags]
     intx CICompilerCount                          = 4                                         {product} {ergonomic}
     uint ConcGCThreads                            = 2                                         {product} {ergonomic}
     uint G1ConcRefinementThreads                  = 8                                         {product} {ergonomic}
   size_t G1HeapRegionSize                         = 4194304                                   {product} {ergonomic}
   size_t InitialHeapSize                          = 536870912                                 {product} {ergonomic}
   size_t MarkStackSize                            = 4194304                                   {product} {ergonomic}
   size_t MarkStackSizeMax                         = 536870912                                 {product} {ergonomic}
   size_t MaxHeapSize                              = 8535408640                                {product} {ergonomic}
   size_t MaxNewSize                               = 5121245184                                {product} {ergonomic}
   size_t MinHeapDeltaBytes                        = 4194304                                   {product} {ergonomic}
   size_t MinHeapSize                              = 8388608                                   {product} {ergonomic}
    uintx NonNMethodCodeHeapSize                   = 5832704                                {pd product} {ergonomic}
    uintx NonProfiledCodeHeapSize                  = 122945536                              {pd product} {ergonomic}
    uintx ProfiledCodeHeapSize                     = 122880000                              {pd product} {ergonomic}
    uintx ReservedCodeCacheSize                    = 251658240                              {pd product} {ergonomic}
     bool SegmentedCodeCache                       = true                                      {product} {ergonomic}
   size_t SoftMaxHeapSize                          = 8535408640                             {manageable} {ergonomic}
     bool UseCompressedOops                        = true                           {product lp64_product} {ergonomic}
     bool UseG1GC                                  = true                                      {product} {ergonomic}
     bool UseLargePagesIndividualAllocation        = false                                  {pd product} {ergonomic}

Logging:
Log output configuration:
 #0: stdout all=warning uptime,level,tags foldmultilines=false
 #1: stderr all=off uptime,level,tags foldmultilines=false

Environment Variables:
JAVA_HOME=C:\Program Files\Java\jdk-23
PATH=C:\Program Files\Common Files\Oracle\Java\javapath;C:\Program Files (x86)\Common Files\Oracle\Java\javapath;C:\Windows\system32;C:\Windows;C:\Windows\System32\Wbem;C:\Windows\System32\WindowsPowerShell\v1.0\;C:\Windows\System32\OpenSSH\;C:\Program Files (x86)\NVIDIA Corporation\PhysX\Common;C:\Program Files\NVIDIA Corporation\NVIDIA NvDLISR;C:\Program Files\PuTTY\;C:\Program Files (x86)\Microsoft SQL Server\150\DTS\Binn\;C:\Program Files\Azure Data Studio\bin;C:\WINDOWS\system32;C:\WINDOWS;C:\WINDOWS\System32\Wbem;C:\WINDOWS\System32\WindowsPowerShell\v1.0\;C:\WINDOWS\System32\OpenSSH\;C:\Program Files\dotnet\;C:\Program Files\Java\jdk-23;C:\Program Files\Java\jdk-23\bin;
USERNAME=HP
OS=Windows_NT
PROCESSOR_IDENTIFIER=Intel64 Family 6 Model 158 Stepping 13, GenuineIntel
TMP=C:\Users\HP\AppData\Local\Temp
TEMP=C:\Users\HP\AppData\Local\Temp




Periodic native trim disabled

---------------  S Y S T E M  ---------------

OS:
 Windows 11 , 64 bit Build 26100 (10.0.26100.3323)
OS uptime: 69 days 9:09 hours
Hyper-V role detected

CPU: total 8 (initial active 8) (8 cores per cpu, 1 threads per core) family 6 model 158 stepping 13 microcode 0xea, cx8, cmov, fxsr, mmx, 3dnowpref, sse, sse2, sse3, ssse3, sse4.1, sse4.2, popcnt, lzcnt, tsc, tscinvbit, avx, avx2, aes, erms, clmul, bmi1, bmi2, adx, fma, vzeroupper, clflush, clflushopt, hv, rdtscp, f16c
Processor Information for the first 8 processors :
  Max Mhz: 3000, Current Mhz: 3000, Mhz Limit: 3000

Memory: 4k page, system-wide physical 32549M (7459M free)
TotalPageFile size 53029M (AvailPageFile size 536M)
current process WorkingSet (physical memory assigned to process): 84M, peak: 92M
current process commit charge ("private bytes"): 628M, peak: 638M

vm_info: Java HotSpot(TM) 64-Bit Server VM (23.0.2+7-58) for windows-amd64 JRE (23.0.2+7-58), built on 2024-11-29T09:34:55Z with MS VC++ 17.6 (VS2022)

END.
