#
# A fatal error has been detected by the Java Runtime Environment:
#
#  EXCEPTION_ACCESS_VIOLATION (0xc0000005) at pc=0x00007ffc400eb3b6, pid=247860, tid=182000
#
# JRE version: Java(TM) SE Runtime Environment (23.0.2+7) (build 23.0.2+7-58)
# Java VM: Java HotSpot(TM) 64-Bit Server VM (23.0.2+7-58, mixed mode, sharing, tiered, compressed oops, compressed class ptrs, g1 gc, windows-amd64)
# Problematic frame:
# C  [awt.dll+0xdb3b6]
#
# No core dump will be written. Minidumps are not enabled by default on client versions of Windows
#
# If you would like to submit a bug report, please visit:
#   https://bugreport.java.com/bugreport/crash.jsp
# The crash happened outside the Java Virtual Machine in native code.
# See problematic frame for where to report the bug.
#

---------------  S U M M A R Y ------------

Command Line: -Dfile.encoding=UTF-8 --enable-preview --module-path=D:\Documents\NetBeansProjects\MPHPayrollsystemApp\build\classes EmployeeSearchFrame

Host: Intel(R) Core(TM) i7-9700 CPU @ 3.00GHz, 8 cores, 31G,  Windows 11 , 64 bit Build 26100 (10.0.26100.3323)
Time: Tue May 20 19:03:40 2025 Arab Standard Time elapsed time: 13080.289909 seconds (0d 3h 38m 0s)

---------------  T H R E A D  ---------------

Current thread (0x00000226f05034d0):  JavaThread "AWT-EventQueue-0"        [_thread_in_native, id=182000, stack(0x000000b725200000,0x000000b725300000) (1024K)]

Stack: [0x000000b725200000,0x000000b725300000],  sp=0x000000b7252fe950,  free space=1018k
Native frames: (J=compiled Java code, j=interpreted, Vv=VM code, C=native code)
C  [awt.dll+0xdb3b6]  (no source info available)
C  [awt.dll+0xdcbf2]  (no source info available)
C  0x000002269a4cd207  (no source info available)

The last pc belongs to native method entry point (kind = native) (printed below).
Java frames: (J=compiled Java code, j=interpreted, Vv=VM code)
j  sun.awt.Win32GraphicsDevice.initNativeScale(I)V+0 java.desktop@23.0.2
j  sun.awt.Win32GraphicsDevice.initScaleFactors()V+60 java.desktop@23.0.2
j  sun.awt.Win32GraphicsDevice.displayChanged()V+16 java.desktop@23.0.2
j  sun.java2d.d3d.D3DGraphicsDevice.displayChanged()V+1 java.desktop@23.0.2
j  sun.awt.Win32GraphicsEnvironment.displayChanged()V+271 java.desktop@23.0.2
j  sun.awt.windows.WToolkit.lambda$displayChanged$4()V+15 java.desktop@23.0.2
j  sun.awt.windows.WToolkit$$Lambda+0x00000226b0178110.run()V+0 java.desktop@23.0.2
j  java.awt.event.InvocationEvent.dispatch()V+47 java.desktop@23.0.2
j  java.awt.EventQueue.dispatchEventImpl(Ljava/awt/AWTEvent;Ljava/lang/Object;)V+21 java.desktop@23.0.2
j  java.awt.EventQueue$4.run()Ljava/lang/Void;+32 java.desktop@23.0.2
j  java.awt.EventQueue$4.run()Ljava/lang/Object;+1 java.desktop@23.0.2
j  java.security.AccessController.executePrivileged(Ljava/security/PrivilegedAction;Ljava/security/AccessControlContext;Ljava/lang/Class;)Ljava/lang/Object;+29 java.base@23.0.2
j  java.security.AccessController.doPrivileged(Ljava/security/PrivilegedAction;Ljava/security/AccessControlContext;)Ljava/lang/Object;+13 java.base@23.0.2
j  java.security.ProtectionDomain$JavaSecurityAccessImpl.doIntersectionPrivilege(Ljava/security/PrivilegedAction;Ljava/security/AccessControlContext;Ljava/security/AccessControlContext;)Ljava/lang/Object;+18 java.base@23.0.2
j  java.awt.EventQueue.dispatchEvent(Ljava/awt/AWTEvent;)V+46 java.desktop@23.0.2
j  java.awt.EventDispatchThread.pumpOneEventForFilters(I)V+81 java.desktop@23.0.2
j  java.awt.EventDispatchThread.pumpEventsForFilter(ILjava/awt/Conditional;Ljava/awt/EventFilter;)V+35 java.desktop@23.0.2
j  java.awt.EventDispatchThread.pumpEventsForHierarchy(ILjava/awt/Conditional;Ljava/awt/Component;)V+11 java.desktop@23.0.2
j  java.awt.EventDispatchThread.pumpEvents(ILjava/awt/Conditional;)V+4 java.desktop@23.0.2
j  java.awt.EventDispatchThread.pumpEvents(Ljava/awt/Conditional;)V+3 java.desktop@23.0.2
j  java.awt.EventDispatchThread.run()V+9 java.desktop@23.0.2
v  ~StubRoutines::call_stub 0x000002269a4c0fcd

siginfo: EXCEPTION_ACCESS_VIOLATION (0xc0000005), reading address 0x000000010000004e


Registers:
RAX=0x00000000fffffffe, RBX=0x00000226f00fa450, RCX=0x00000000fffffffe, RDX=0x0000000000000000
RSP=0x000000b7252fe950, RBP=0x000000b7252fea30, RSI=0x0000000000000000, RDI=0x0000000000000000
R8 =0x0000000000000001, R9 =0x000000b7238ef000, R10=0x000002269a4cd1d8, R11=0x0000000000000100
R12=0x0000000000000000, R13=0x00000226f14865c8, R14=0x000000b7252fea58, R15=0x00000226f05034d0
RIP=0x00007ffc400eb3b6, EFLAGS=0x0000000000010206


Register to memory mapping:

RAX=0x00000000fffffffe is an unknown value
RBX=0x00000226f00fa450 points into unknown readable memory: 0x00000226fb2f3770 | 70 37 2f fb 26 02 00 00
RCX=0x00000000fffffffe is an unknown value
RDX=0x0 is null
RSP=0x000000b7252fe950 is pointing into the stack for thread: 0x00000226f05034d0
RBP=0x000000b7252fea30 is pointing into the stack for thread: 0x00000226f05034d0
RSI=0x0 is null
RDI=0x0 is null
R8 =0x0000000000000001 is an unknown value
R9 =0x000000b7238ef000 points into unknown readable memory: 0x0000000000000000 | 00 00 00 00 00 00 00 00
R10=0x000002269a4cd1d8 is at code_begin+1016 in an Interpreter codelet
native method entry point (kind = native)  [0x000002269a4ccde0, 0x000002269a4cd938]  2904 bytes
R11=0x0000000000000100 is an unknown value
R12=0x0 is null
R13={method} {0x00000226f14865d0} 'initNativeScale' '(I)V' in 'sun/awt/Win32GraphicsDevice'
R14=0x000000b7252fea58 is pointing into the stack for thread: 0x00000226f05034d0
R15=0x00000226f05034d0 is a thread

Top of Stack: (sp=0x000000b7252fe950)
0x000000b7252fe950:   00000226f00fa450 0000000000000000
0x000000b7252fe960:   00000226f0088780 00000226f00fa450
0x000000b7252fe970:   00000226f00fa450 00007ffc400ecbf2
0x000000b7252fe980:   00007ffc40149838 00000226f14865c8
0x000000b7252fe990:   000000b7252fea40 00000226ac2fd7f0
0x000000b7252fe9a0:   000002269a4c889a 000002269a4cd207
0x000000b7252fe9b0:   00000226f14865c8 0000000000000001
0x000000b7252fe9c0:   00000226f05034d0 000002269a4c889a
0x000000b7252fe9d0:   0000000000000000 00007ffbb52c3f09
0x000000b7252fe9e0:   000000b7252feb20 fffffffffffffff7
0x000000b7252fe9f0:   0000000000000000 0000000000000005
0x000000b7252fea00:   00000226f1489cc0 0000000000000000
0x000000b7252fea10:   0000000622e77970 00000226f14865c8
0x000000b7252fea20:   0000000000000000 000000b7252fea50
0x000000b7252fea30:   000000b7252feaa8 000002269a4c8700
0x000000b7252fea40:   0000000000000000 000002269a4ca5d7
0x000000b7252fea50:   0000000000000000 0000000622e782e0
0x000000b7252fea60:   fffffffffffffff7 00000226f1486c1c
0x000000b7252fea70:   0000000000000002 00000226f1489cc0
0x000000b7252fea80:   0000000000000000 0000000622e77970
0x000000b7252fea90:   00000226f1486c68 fffffffffffffff5
0x000000b7252feaa0:   000000b7252feab8 000000b7252feb08
0x000000b7252feab0:   000002269a4c8700 0000000622e782e0
0x000000b7252feac0:   fffffffffffffff7 00000226f14884e0
0x000000b7252fead0:   0000000000000003 00000226f1489cc0
0x000000b7252feae0:   0000000000000000 0000000622e77970
0x000000b7252feaf0:   00000226f1488528 fffffffffffffff6
0x000000b7252feb00:   000000b7252feb20 000000b7252feb70
0x000000b7252feb10:   000002269a4c8700 0000000000000000
0x000000b7252feb20:   0000000622e782e0 fffffffffffffff7
0x000000b7252feb30:   00000226f1484be1 0000000000000002
0x000000b7252feb40:   00000226f148a528 0000000000000000 

Instructions: (pc=0x00007ffc400eb3b6)
0x00007ffc400eb2b6:   11 45 d4 0f 11 45 e4 0f 11 45 f4 89 45 04 c7 45
0x00007ffc400eb2c6:   a0 68 00 00 00 0f 11 44 24 34 0f 11 44 24 44 0f
0x00007ffc400eb2d6:   11 44 24 54 0f 11 44 24 64 0f 11 44 24 74 0f 11
0x00007ffc400eb2e6:   45 84 89 45 94 c7 44 24 30 68 00 00 00 48 8d 55
0x00007ffc400eb2f6:   a0 49 8b ce ff 15 18 76 06 00 85 c0 74 41 48 8d
0x00007ffc400eb306:   54 24 30 48 8b ce ff 15 06 76 06 00 85 c0 74 2f
0x00007ffc400eb316:   48 8d 54 24 34 48 8d 4d a4 ff 15 1b 75 06 00 85
0x00007ffc400eb326:   c0 74 1c 48 8d 54 24 44 48 8d 4d b4 ff 15 08 75
0x00007ffc400eb336:   06 00 85 c0 74 09 8b 44 24 54 39 45 c4 74 11 ff
0x00007ffc400eb346:   c7 3b 7b 0c 0f 8c 40 ff ff ff 8b 3d 2a b0 06 00
0x00007ffc400eb356:   48 8b cb e8 02 cb f4 ff 90 8b c7 48 8b 4d 10 48
0x00007ffc400eb366:   33 cc e8 93 01 01 00 4c 8d 9c 24 20 01 00 00 49
0x00007ffc400eb376:   8b 5b 28 49 8b 73 30 49 8b e3 41 5e 5f 5d c3 cc
0x00007ffc400eb386:   cc cc cc cc cc cc cc cc cc cc 48 8b 41 08 48 8b
0x00007ffc400eb396:   80 18 0c 00 00 c3 cc cc cc cc 48 8b 41 08 48 05
0x00007ffc400eb3a6:   00 04 00 00 c3 cc cc cc cc cc 40 53 48 83 ec 20
0x00007ffc400eb3b6:   83 79 50 00 48 8b d9 75 56 48 8b 49 28 4c 8d 44
0x00007ffc400eb3c6:   24 38 48 8d 54 24 30 c7 44 24 30 00 00 80 bf c7
0x00007ffc400eb3d6:   44 24 38 00 00 80 bf e8 1e e1 00 00 f3 0f 10 54
0x00007ffc400eb3e6:   24 30 0f 57 c0 0f 2f d0 76 25 f3 0f 10 4c 24 38
0x00007ffc400eb3f6:   0f 2f c8 76 1a f3 0f 5e 15 09 a9 02 00 f3 0f 5e
0x00007ffc400eb406:   0d 01 a9 02 00 f3 0f 11 53 48 f3 0f 11 4b 4c 48
0x00007ffc400eb416:   83 c4 20 5b c3 cc cc cc cc cc 48 89 5c 24 10 48
0x00007ffc400eb426:   89 74 24 18 57 41 56 41 57 48 83 ec 40 48 8b d9
0x00007ffc400eb436:   48 83 79 18 00 75 14 b9 28 04 00 00 e8 19 97 00
0x00007ffc400eb446:   00 48 89 43 18 c7 00 28 00 00 00 48 8b 43 18 33
0x00007ffc400eb456:   ff 66 89 78 0e 48 8b 4b 28 e8 5c 03 00 00 48 8b
0x00007ffc400eb466:   f0 41 bf 01 00 00 00 45 8b c7 41 8b d7 48 8b c8
0x00007ffc400eb476:   ff 15 44 71 06 00 4c 8b f0 89 7c 24 30 48 8b 4b
0x00007ffc400eb486:   18 48 89 4c 24 28 48 89 7c 24 20 45 8b cf 45 33
0x00007ffc400eb496:   c0 48 8b d0 48 8b ce ff 15 3d 70 06 00 48 8b 53
0x00007ffc400eb4a6:   30 48 8b 0b 8b 05 d4 ae 06 00 83 79 04 08 0f 8e 


Stack slot to memory mapping:

stack at sp + 0 slots: 0x00000226f00fa450 points into unknown readable memory: 0x00000226fb2f3770 | 70 37 2f fb 26 02 00 00
stack at sp + 1 slots: 0x0 is null
stack at sp + 2 slots: 0x00000226f0088780 points into unknown readable memory: 0x00007ffbb560e480 | 80 e4 60 b5 fb 7f 00 00
stack at sp + 3 slots: 0x00000226f00fa450 points into unknown readable memory: 0x00000226fb2f3770 | 70 37 2f fb 26 02 00 00
stack at sp + 4 slots: 0x00000226f00fa450 points into unknown readable memory: 0x00000226fb2f3770 | 70 37 2f fb 26 02 00 00
stack at sp + 5 slots: 0x00007ffc400ecbf2 awt.dll
stack at sp + 6 slots: 0x00007ffc40149838 awt.dll
stack at sp + 7 slots: {method} {0x00000226f14865d0} 'initNativeScale' '(I)V' in 'sun/awt/Win32GraphicsDevice'

Lock stack of current Java thread (top to bottom):

native method entry point (kind = native)  [0x000002269a4ccde0, 0x000002269a4cd938]  2904 bytes
[MachCode]
  0x000002269a4ccde0: 488b 4b08 | 0fb7 492e | 584c 8d74 | ccf8 6800 | 0000 0068 | 0000 0000 | 5055 488b | ec41 5568 
  0x000002269a4cce00: 0000 0000 | 4c8b 6b08 | 4d8d 6d38 | 5348 8b53 | 0848 8b52 | 0848 8b52 | 1848 8b52 | 7048 8b12 
  0x000002269a4cce20: 5248 8b53 | 1048 85d2 | 0f84 0700 | 0000 4881 | c210 0100 | 0052 488b | 5308 488b | 5208 488b 
  0x000002269a4cce40: 5210 5249 | 8bc6 482b | c548 c1e8 | 0350 6800 | 0000 0068 | f7ff ffff | 41c6 8771 | 0400 0001 
  0x000002269a4cce60: 488b 4310 | 4885 c074 | 208b 88cc | 0000 0083 | c102 8988 | cc00 0000 | 2388 e000 | 0000 0f84 
  0x000002269a4cce80: 000a 0000 | e9cf 0000 | 0048 8b43 | 1848 85c0 | 0f85 b000 | 0000 e805 | 0000 00e9 | 9900 0000 
  0x000002269a4ccea0: 488b d348 | 8d44 2408 | 4c89 6dc0 | 498b cfc5 | f877 4989 | afb0 0300 | 0049 8987 | a003 0000 
  0x000002269a4ccec0: 4883 ec20 | 40f6 c40f | 0f84 1900 | 0000 4883 | ec08 48b8 | 8028 00b5 | fb7f 0000 | ffd0 4883 
  0x000002269a4ccee0: c408 e90c | 0000 0048 | b880 2800 | b5fb 7f00 | 00ff d048 | 83c4 2049 | c787 a003 | 0000 0000 
  0x000002269a4ccf00: 0000 49c7 | 87b0 0300 | 0000 0000 | 0049 c787 | a803 0000 | 0000 0000 | c5f8 7749 | 837f 0800 
  0x000002269a4ccf20: 0f84 0500 | 0000 e995 | 3fff ff4c | 8b6d c04c | 8b75 c84e | 8d74 f500 | c348 8b43 | 1848 85c0 
  0x000002269a4ccf40: 0f84 1200 | 0000 8b48 | 0883 c102 | 8948 0823 | 481c 0f84 | 2c09 0000 | 493b a7e8 | 0400 000f 
  0x000002269a4ccf60: 8748 0000 | 0089 8424 | 00f0 ffff | 8984 2400 | e0ff ff89 | 8424 00d0 | ffff 8984 | 2400 c0ff 
  0x000002269a4ccf80: ff89 8424 | 00b0 ffff | 8984 2400 | a0ff ff89 | 8424 0090 | ffff 8984 | 2400 80ff | ff49 3ba7 
  0x000002269a4ccfa0: e004 0000 | 7607 4989 | a7e8 0400 | 0041 c687 | 7104 0000 | 0049 ba41 | bd87 b5fb | 7f00 0041 
  0x000002269a4ccfc0: 803a 000f | 843e 0000 | 0048 8b55 | e849 8bcf | 4883 ec20 | 40f6 c40f | 0f84 1900 | 0000 4883 
  0x000002269a4ccfe0: ec08 48b8 | f0f0 37b5 | fb7f 0000 | ffd0 4883 | c408 e90c | 0000 0048 | b8f0 f037 | b5fb 7f00 
  0x000002269a4cd000: 00ff d048 | 83c4 2048 | 8b5d e84c | 8b5b 0845 | 0fb7 5b2e | 41c1 e303 | 492b e348 | 83ec 2048 
  0x000002269a4cd020: 83e4 f04c | 8b5b 604d | 85db 0f85 | ab00 0000 | e805 0000 | 00e9 9900 | 0000 488b | d348 8d44 
  0x000002269a4cd040: 2408 4c89 | 6dc0 498b | cfc5 f877 | 4989 afb0 | 0300 0049 | 8987 a003 | 0000 4883 | ec20 40f6 
  0x000002269a4cd060: c40f 0f84 | 1900 0000 | 4883 ec08 | 48b8 e04f | 00b5 fb7f | 0000 ffd0 | 4883 c408 | e90c 0000 
  0x000002269a4cd080: 0048 b8e0 | 4f00 b5fb | 7f00 00ff | d048 83c4 | 2049 c787 | a003 0000 | 0000 0000 | 49c7 87b0 
  0x000002269a4cd0a0: 0300 0000 | 0000 0049 | c787 a803 | 0000 0000 | 0000 c5f8 | 7749 837f | 0800 0f84 | 0500 0000 
  0x000002269a4cd0c0: e9fb 3dff | ff4c 8b6d | c04c 8b75 | c84e 8d74 | f500 c348 | 8b5d e84c | 8b5b 6041 | ffd3 488b 
  0x000002269a4cd0e0: 5de8 4889 | 4518 448b | 5b28 41f6 | c308 0f84 | 1b00 0000 | 4c8b 5b08 | 4d8b 5b08 | 4d8b 5b18 
  0x000002269a4cd100: 4d8b 5b70 | 4d8b 1b4c | 895d 1048 | 8d55 1048 | 8b43 5849 | ba40 3f38 | b5fb 7f00 | 0049 3bc2 
  0x000002269a4cd120: 0f85 ab00 | 0000 e805 | 0000 00e9 | 9900 0000 | 488b d348 | 8d44 2408 | 4c89 6dc0 | 498b cfc5 
  0x000002269a4cd140: f877 4989 | afb0 0300 | 0049 8987 | a003 0000 | 4883 ec20 | 40f6 c40f | 0f84 1900 | 0000 4883 
  0x000002269a4cd160: ec08 48b8 | e04f 00b5 | fb7f 0000 | ffd0 4883 | c408 e90c | 0000 0048 | b8e0 4f00 | b5fb 7f00 
  0x000002269a4cd180: 00ff d048 | 83c4 2049 | c787 a003 | 0000 0000 | 0000 49c7 | 87b0 0300 | 0000 0000 | 0049 c787 
  0x000002269a4cd1a0: a803 0000 | 0000 0000 | c5f8 7749 | 837f 0800 | 0f84 0500 | 0000 e905 | 3dff ff4c | 8b6d c04c 
  0x000002269a4cd1c0: 8b75 c84e | 8d74 f500 | c348 8b5d | e848 8b43 | 5849 8d8f | c003 0000 | c5f8 7749 | 89af b003 
  0x000002269a4cd1e0: 0000 49ba | d8d1 4c9a | 2602 0000 | 4d89 97a8 | 0300 0049 | 89a7 a003 | 0000 41c7 | 8744 0400 
  0x000002269a4cd200: 0004 0000 | 00ff d0c5 | f877 4883 | ec10 c5fb | 1104 2448 | 83ec 1048 | 8904 2448 | c744 2408 
  0x000002269a4cd220: 0000 0000 | 41c7 8744 | 0400 0005 | 0000 00f0 | 8344 24c0 | 0049 3baf | 4804 0000 | 0f87 0e00 
  0x000002269a4cd240: 0000 4183 | bf40 0400 | 0000 0f84 | 2000 0000 | 498b cf4c | 8be4 4883 | ec20 4883 | e4f0 48b8 
  0x000002269a4cd260: 80ab 01b5 | fb7f 0000 | ffd0 498b | e44d 33e4 | 41c7 8744 | 0400 0008 | 0000 0049 | c787 a003 
  0x000002269a4cd280: 0000 0000 | 0000 49c7 | 87b0 0300 | 0000 0000 | 0049 c787 | a803 0000 | 0000 0000 | c5f8 774d 
  0x000002269a4cd2a0: 8b9f 3004 | 0000 41c7 | 8300 0100 | 0000 0000 | 0049 bbda | a54c 9a26 | 0200 004c | 3b5d 180f 
  0x000002269a4cd2c0: 8524 0200 | 0048 8b04 | 2448 83c4 | 1048 85c0 | 0f84 fe01 | 0000 a803 | 0f85 0800 | 0000 488b 
  0x000002269a4cd2e0: 00e9 ee01 | 0000 a801 | 0f85 0900 | 0000 488b | 40fe e9dd | 0100 0048 | 8b40 ff41 | 807f 3800 
  0x000002269a4cd300: 0f84 ce01 | 0000 4883 | f800 0f84 | c401 0000 | 4d8b 5f28 | 4983 fb00 | 0f84 1400 | 0000 4983 
  0x000002269a4cd320: eb08 4d89 | 5f28 4d03 | 5f30 4989 | 03e9 a201 | 0000 4881 | ecd0 0000 | 0048 8904 | 2448 894c 
  0x000002269a4cd340: 2408 4889 | 5424 1048 | 8974 2418 | 4889 7c24 | 204c 8944 | 2428 4c89 | 4c24 304c | 8954 2438 
  0x000002269a4cd360: 4c89 5c24 | 40c5 fb11 | 4424 50c5 | fb11 4c24 | 58c5 fb11 | 5424 60c5 | fb11 5c24 | 68c5 fb11 
  0x000002269a4cd380: 6424 70c5 | fb11 6c24 | 78c5 fb11 | b424 8000 | 0000 c5fb | 11bc 2488 | 0000 00c5 | 7b11 8424 
  0x000002269a4cd3a0: 9000 0000 | c57b 118c | 2498 0000 | 00c5 7b11 | 9424 a000 | 0000 c57b | 119c 24a8 | 0000 00c5 
  0x000002269a4cd3c0: 7b11 a424 | b000 0000 | c57b 11ac | 24b8 0000 | 00c5 7b11 | b424 c000 | 0000 c57b | 11bc 24c8 
  0x000002269a4cd3e0: 0000 0049 | 8bd7 488b | c848 83ec | 2040 f6c4 | 0f0f 8419 | 0000 0048 | 83ec 0848 | b800 09f5 
  0x000002269a4cd400: b4fb 7f00 | 00ff d048 | 83c4 08e9 | 0c00 0000 | 48b8 0009 | f5b4 fb7f | 0000 ffd0 | 4883 c420 
  0x000002269a4cd420: c57b 10bc | 24c8 0000 | 00c5 7b10 | b424 c000 | 0000 c57b | 10ac 24b8 | 0000 00c5 | 7b10 a424 
  0x000002269a4cd440: b000 0000 | c57b 109c | 24a8 0000 | 00c5 7b10 | 9424 a000 | 0000 c57b | 108c 2498 | 0000 00c5 
  0x000002269a4cd460: 7b10 8424 | 9000 0000 | c5fb 10bc | 2488 0000 | 00c5 fb10 | b424 8000 | 0000 c5fb | 106c 2478 
  0x000002269a4cd480: c5fb 1064 | 2470 c5fb | 105c 2468 | c5fb 1054 | 2460 c5fb | 104c 2458 | c5fb 1044 | 2450 4c8b 
  0x000002269a4cd4a0: 5c24 404c | 8b54 2438 | 4c8b 4c24 | 304c 8b44 | 2428 488b | 7c24 2048 | 8b74 2418 | 488b 5424 
  0x000002269a4cd4c0: 1048 8b4c | 2408 488b | 0424 4881 | c4d0 0000 | 00c5 f877 | 4889 4510 | 4883 ec10 | 4889 0424 
  0x000002269a4cd4e0: 48c7 4424 | 0800 0000 | 0041 83bf | c804 0000 | 020f 85bf | 0000 0048 | 81ec 8000 | 0000 4889 
  0x000002269a4cd500: 4424 7848 | 894c 2470 | 4889 5424 | 6848 895c | 2460 4889 | 6c24 5048 | 8974 2448 | 4889 7c24 
  0x000002269a4cd520: 404c 8944 | 2438 4c89 | 4c24 304c | 8954 2428 | 4c89 5c24 | 204c 8964 | 2418 4c89 | 6c24 104c 
  0x000002269a4cd540: 8974 2408 | 4c89 3c24 | 4c8b e448 | 83ec 2048 | 83e4 f048 | b8a0 2538 | b5fb 7f00 | 00ff d049 
  0x000002269a4cd560: 8be4 4c8b | 3c24 4c8b | 7424 084c | 8b6c 2410 | 4c8b 6424 | 184c 8b5c | 2420 4c8b | 5424 284c 
  0x000002269a4cd580: 8b4c 2430 | 4c8b 4424 | 3848 8b7c | 2440 488b | 7424 4848 | 8b6c 2450 | 488b 5c24 | 6048 8b54 
  0x000002269a4cd5a0: 2468 488b | 4c24 7048 | 8b44 2478 | 4881 c480 | 0000 004d | 33e4 488b | 5de8 4c8b | 6b08 4d8d 
  0x000002269a4cd5c0: 6d38 4983 | 7f08 000f | 84bb 0000 | 00e8 0500 | 0000 e996 | 0000 0048 | 8d44 2408 | 4c89 6dc0 
  0x000002269a4cd5e0: 498b cfc5 | f877 4989 | afb0 0300 | 0049 8987 | a003 0000 | 4883 ec20 | 40f6 c40f | 0f84 1900 
  0x000002269a4cd600: 0000 4883 | ec08 48b8 | f06d 00b5 | fb7f 0000 | ffd0 4883 | c408 e90c | 0000 0048 | b8f0 6d00 
  0x000002269a4cd620: b5fb 7f00 | 00ff d048 | 83c4 2049 | c787 a003 | 0000 0000 | 0000 49c7 | 87b0 0300 | 0000 0000 
  0x000002269a4cd640: 0049 c787 | a803 0000 | 0000 0000 | c5f8 7749 | 837f 0800 | 0f84 0500 | 0000 e961 | 38ff ff4c 
  0x000002269a4cd660: 8b6d c04c | 8b75 c84e | 8d74 f500 | c348 b940 | e55f b5fb | 7f00 0048 | 83e4 f048 | b850 4d26 
  0x000002269a4cd680: b5fb 7f00 | 00ff d0f4 | 448b 5b28 | 41f6 c320 | 0f84 7901 | 0000 488d | 55a8 4c8b | 5a08 4d85 
  0x000002269a4cd6a0: db0f 85bb | 0000 00e8 | 0500 0000 | e996 0000 | 0048 8d44 | 2408 4c89 | 6dc0 498b | cfc5 f877 
  0x000002269a4cd6c0: 4989 afb0 | 0300 0049 | 8987 a003 | 0000 4883 | ec20 40f6 | c40f 0f84 | 1900 0000 | 4883 ec08 
  0x000002269a4cd6e0: 48b8 206d | 00b5 fb7f | 0000 ffd0 | 4883 c408 | e90c 0000 | 0048 b820 | 6d00 b5fb | 7f00 00ff 
  0x000002269a4cd700: d048 83c4 | 2049 c787 | a003 0000 | 0000 0000 | 49c7 87b0 | 0300 0000 | 0000 0049 | c787 a803 
  0x000002269a4cd720: 0000 0000 | 0000 c5f8 | 7749 837f | 0800 0f84 | 0500 0000 | e987 37ff | ff4c 8b6d | c04c 8b75 
  0x000002269a4cd740: c84e 8d74 | f500 c348 | b940 e55f | b5fb 7f00 | 0048 83e4 | f048 b850 | 4d26 b5fb | 7f00 00ff 
  0x000002269a4cd760: d0f4 4c89 | 6dc0 4c8b | 4a08 48c7 | 4208 0000 | 0000 458b | 8718 0600 | 004f 3b4c | 07f8 0f85 
  0x000002269a4cd780: 4900 0000 | 4183 af18 | 0600 0008 | 4f3b 4c07 | f00f 842a | 0000 0049 | 8b01 a802 | 0f85 1200 
  0x000002269a4cd7a0: 0000 4c8b | c049 83c8 | 01f0 4d0f | b101 0f84 | 0d00 0000 | 4183 8718 | 0600 0008 | e90c 0000 
  0x000002269a4cd7c0: 0049 ff8f | 5005 0000 | e93e 0000 | 004c 894a | 0848 8bca | 4883 ec20 | 40f6 c40f | 0f84 1900 
  0x000002269a4cd7e0: 0000 4883 | ec08 48b8 | e03f 00b5 | fb7f 0000 | ffd0 4883 | c408 e90c | 0000 0048 | b8e0 3f00 
  0x000002269a4cd800: b5fb 7f00 | 00ff d048 | 83c4 204c | 8b6d c049 | ba41 bd87 | b5fb 7f00 | 0041 803a | 000f 843e 
  0x000002269a4cd820: 0000 0048 | 8b55 e849 | 8bcf 4883 | ec20 40f6 | c40f 0f84 | 1900 0000 | 4883 ec08 | 48b8 f0f0 
  0x000002269a4cd840: 37b5 fb7f | 0000 ffd0 | 4883 c408 | e90c 0000 | 0048 b8f0 | f037 b5fb | 7f00 00ff | d048 83c4 
  0x000002269a4cd860: 2048 8b04 | 2448 83c4 | 10c5 fb10 | 0424 4883 | c410 4c8b | 5d18 41ff | d34c 8b5d | f8c9 5f49 
  0x000002269a4cd880: 8be3 ffe7 | ba00 0000 | 00e8 0500 | 0000 e996 | 0000 0048 | 8d44 2408 | 4c89 6dc0 | 498b cfc5 
  0x000002269a4cd8a0: f877 4989 | afb0 0300 | 0049 8987 | a003 0000 | 4883 ec20 | 40f6 c40f | 0f84 1900 | 0000 4883 
  0x000002269a4cd8c0: ec08 48b8 | 9033 00b5 | fb7f 0000 | ffd0 4883 | c408 e90c | 0000 0048 | b890 3300 | b5fb 7f00 
  0x000002269a4cd8e0: 00ff d048 | 83c4 2049 | c787 a003 | 0000 0000 | 0000 49c7 | 87b0 0300 | 0000 0000 | 0049 c787 
  0x000002269a4cd900: a803 0000 | 0000 0000 | c5f8 7749 | 837f 0800 | 0f84 0500 | 0000 e9a5 | 35ff ff4c | 8b6d c04c 
  0x000002269a4cd920: 8b75 c84e | 8d74 f500 | c348 8b5d | e8e9 26f6 | ffff 660f | 1f44 0000 
[/MachCode]

---------------  P R O C E S S  ---------------

Threads class SMR info:
_java_thread_list=0x00000226f049a300, length=15, elements={
0x00000226f00a0640, 0x00000226f00a12a0, 0x00000226f00a6a40, 0x00000226f00a7e40,
0x00000226f00ab600, 0x00000226f00ac460, 0x00000226f00bcd10, 0x00000226f00bf7d0,
0x00000226f0238dd0, 0x00000226f028ebe0, 0x00000226f040db80, 0x00000226f0417650,
0x00000226f041fa70, 0x00000226f05034d0, 0x000002268a8a9820
}

Java Threads: ( => current thread )
  0x00000226f00a0640 JavaThread "Reference Handler"          daemon [_thread_blocked, id=231732, stack(0x000000b724500000,0x000000b724600000) (1024K)]
  0x00000226f00a12a0 JavaThread "Finalizer"                  daemon [_thread_blocked, id=246876, stack(0x000000b724600000,0x000000b724700000) (1024K)]
  0x00000226f00a6a40 JavaThread "Signal Dispatcher"          daemon [_thread_blocked, id=248528, stack(0x000000b724700000,0x000000b724800000) (1024K)]
  0x00000226f00a7e40 JavaThread "Attach Listener"            daemon [_thread_blocked, id=231292, stack(0x000000b724800000,0x000000b724900000) (1024K)]
  0x00000226f00ab600 JavaThread "Service Thread"             daemon [_thread_blocked, id=210516, stack(0x000000b724900000,0x000000b724a00000) (1024K)]
  0x00000226f00ac460 JavaThread "Monitor Deflation Thread"   daemon [_thread_blocked, id=247356, stack(0x000000b724a00000,0x000000b724b00000) (1024K)]
  0x00000226f00bcd10 JavaThread "C2 CompilerThread0"         daemon [_thread_blocked, id=240968, stack(0x000000b724b00000,0x000000b724c00000) (1024K)]
  0x00000226f00bf7d0 JavaThread "C1 CompilerThread0"         daemon [_thread_blocked, id=225748, stack(0x000000b724c00000,0x000000b724d00000) (1024K)]
  0x00000226f0238dd0 JavaThread "Common-Cleaner"             daemon [_thread_blocked, id=248476, stack(0x000000b724d00000,0x000000b724e00000) (1024K)]
  0x00000226f028ebe0 JavaThread "Notification Thread"        daemon [_thread_blocked, id=235740, stack(0x000000b724e00000,0x000000b724f00000) (1024K)]
  0x00000226f040db80 JavaThread "Java2D Disposer"            daemon [_thread_blocked, id=247692, stack(0x000000b724f00000,0x000000b725000000) (1024K)]
  0x00000226f0417650 JavaThread "AWT-Shutdown"                      [_thread_blocked, id=243736, stack(0x000000b725000000,0x000000b725100000) (1024K)]
  0x00000226f041fa70 JavaThread "AWT-Windows"                daemon [_thread_in_native, id=234892, stack(0x000000b725100000,0x000000b725200000) (1024K)]
=>0x00000226f05034d0 JavaThread "AWT-EventQueue-0"                  [_thread_in_native, id=182000, stack(0x000000b725200000,0x000000b725300000) (1024K)]
  0x000002268a8a9820 JavaThread "DestroyJavaVM"                     [_thread_blocked, id=237048, stack(0x000000b723d00000,0x000000b723e00000) (1024K)]
Total: 15

Other Threads:
  0x00000226f0088c60 VMThread "VM Thread"                           [id=33316, stack(0x000000b724400000,0x000000b724500000) (1024K)]
  0x00000226ac3c8f80 WatcherThread "VM Periodic Task Thread"        [id=200028, stack(0x000000b724300000,0x000000b724400000) (1024K)]
  0x00000226ac20fa10 WorkerThread "GC Thread#0"                     [id=194588, stack(0x000000b723e00000,0x000000b723f00000) (1024K)]
  0x00000226ac224840 ConcurrentGCThread "G1 Main Marker"            [id=248480, stack(0x000000b723f00000,0x000000b724000000) (1024K)]
  0x00000226ac225ad0 WorkerThread "G1 Conc#0"                       [id=57824, stack(0x000000b724000000,0x000000b724100000) (1024K)]
  0x00000226ac2fd970 ConcurrentGCThread "G1 Refine#0"               [id=247272, stack(0x000000b724100000,0x000000b724200000) (1024K)]
  0x00000226ac2fe390 ConcurrentGCThread "G1 Service"                [id=248556, stack(0x000000b724200000,0x000000b724300000) (1024K)]
Total: 7

Threads with active compile tasks:
Total: 0

VM state: not at safepoint (normal execution)

VM Mutex/Monitor currently owned by a thread: None

Heap address: 0x0000000603400000, size: 8140 MB, Compressed Oops mode: Zero based, Oop shift amount: 3

CDS archive(s) mapped at: [0x00000226af000000-0x00000226afd70000-0x00000226afd70000), size 14090240, SharedBaseAddress: 0x00000226af000000, ArchiveRelocationMode: 1.
Compressed class space mapped at: 0x00000226b0000000-0x00000226f0000000, reserved size: 1073741824
Narrow klass base: 0x00000226af000000, Narrow klass shift: 0, Narrow klass range: 0x41000000

GC Precious Log:
 CardTable entry size: 512
 Card Set container configuration: InlinePtr #cards 4 size 8 Array Of Cards #cards 32 size 80 Howl #buckets 8 coarsen threshold 7372 Howl Bitmap #cards 1024 size 144 coarsen threshold 921 Card regions per heap region 1 cards per card region 8192
 CPUs: 8 total, 8 available
 Memory: 32549M
 Large Page Support: Disabled
 NUMA Support: Disabled
 Compressed Oops: Enabled (Zero based)
 Heap Region Size: 4M
 Heap Min Capacity: 8M
 Heap Initial Capacity: 512M
 Heap Max Capacity: 8140M
 Pre-touch: Disabled
 Parallel Workers: 8
 Concurrent Workers: 2
 Concurrent Refinement Workers: 8
 Periodic GC: Disabled

Heap:
 garbage-first heap   total reserved 8335360K, committed 524288K, used 8192K [0x0000000603400000, 0x0000000800000000)
  region size 4096K, 3 young (12288K), 0 survivors (0K)
 Metaspace       used 9822K, committed 10048K, reserved 1114112K
  class space    used 1228K, committed 1344K, reserved 1048576K

Heap Regions: E=young(eden), S=young(survivor), O=old, HS=humongous(starts), HC=humongous(continues), CS=collection set, F=free, TAMS=top-at-mark-start, PB=parsable bottom
|   0|0x0000000603400000, 0x0000000603400000, 0x0000000603800000|  0%| F|  |TAMS 0x0000000603400000| PB 0x0000000603400000| Untracked |  0
|   1|0x0000000603800000, 0x0000000603800000, 0x0000000603c00000|  0%| F|  |TAMS 0x0000000603800000| PB 0x0000000603800000| Untracked |  0
|   2|0x0000000603c00000, 0x0000000603c00000, 0x0000000604000000|  0%| F|  |TAMS 0x0000000603c00000| PB 0x0000000603c00000| Untracked |  0
|   3|0x0000000604000000, 0x0000000604000000, 0x0000000604400000|  0%| F|  |TAMS 0x0000000604000000| PB 0x0000000604000000| Untracked |  0
|   4|0x0000000604400000, 0x0000000604400000, 0x0000000604800000|  0%| F|  |TAMS 0x0000000604400000| PB 0x0000000604400000| Untracked |  0
|   5|0x0000000604800000, 0x0000000604800000, 0x0000000604c00000|  0%| F|  |TAMS 0x0000000604800000| PB 0x0000000604800000| Untracked |  0
|   6|0x0000000604c00000, 0x0000000604c00000, 0x0000000605000000|  0%| F|  |TAMS 0x0000000604c00000| PB 0x0000000604c00000| Untracked |  0
|   7|0x0000000605000000, 0x0000000605000000, 0x0000000605400000|  0%| F|  |TAMS 0x0000000605000000| PB 0x0000000605000000| Untracked |  0
|   8|0x0000000605400000, 0x0000000605400000, 0x0000000605800000|  0%| F|  |TAMS 0x0000000605400000| PB 0x0000000605400000| Untracked |  0
|   9|0x0000000605800000, 0x0000000605800000, 0x0000000605c00000|  0%| F|  |TAMS 0x0000000605800000| PB 0x0000000605800000| Untracked |  0
|  10|0x0000000605c00000, 0x0000000605c00000, 0x0000000606000000|  0%| F|  |TAMS 0x0000000605c00000| PB 0x0000000605c00000| Untracked |  0
|  11|0x0000000606000000, 0x0000000606000000, 0x0000000606400000|  0%| F|  |TAMS 0x0000000606000000| PB 0x0000000606000000| Untracked |  0
|  12|0x0000000606400000, 0x0000000606400000, 0x0000000606800000|  0%| F|  |TAMS 0x0000000606400000| PB 0x0000000606400000| Untracked |  0
|  13|0x0000000606800000, 0x0000000606800000, 0x0000000606c00000|  0%| F|  |TAMS 0x0000000606800000| PB 0x0000000606800000| Untracked |  0
|  14|0x0000000606c00000, 0x0000000606c00000, 0x0000000607000000|  0%| F|  |TAMS 0x0000000606c00000| PB 0x0000000606c00000| Untracked |  0
|  15|0x0000000607000000, 0x0000000607000000, 0x0000000607400000|  0%| F|  |TAMS 0x0000000607000000| PB 0x0000000607000000| Untracked |  0
|  16|0x0000000607400000, 0x0000000607400000, 0x0000000607800000|  0%| F|  |TAMS 0x0000000607400000| PB 0x0000000607400000| Untracked |  0
|  17|0x0000000607800000, 0x0000000607800000, 0x0000000607c00000|  0%| F|  |TAMS 0x0000000607800000| PB 0x0000000607800000| Untracked |  0
|  18|0x0000000607c00000, 0x0000000607c00000, 0x0000000608000000|  0%| F|  |TAMS 0x0000000607c00000| PB 0x0000000607c00000| Untracked |  0
|  19|0x0000000608000000, 0x0000000608000000, 0x0000000608400000|  0%| F|  |TAMS 0x0000000608000000| PB 0x0000000608000000| Untracked |  0
|  20|0x0000000608400000, 0x0000000608400000, 0x0000000608800000|  0%| F|  |TAMS 0x0000000608400000| PB 0x0000000608400000| Untracked |  0
|  21|0x0000000608800000, 0x0000000608800000, 0x0000000608c00000|  0%| F|  |TAMS 0x0000000608800000| PB 0x0000000608800000| Untracked |  0
|  22|0x0000000608c00000, 0x0000000608c00000, 0x0000000609000000|  0%| F|  |TAMS 0x0000000608c00000| PB 0x0000000608c00000| Untracked |  0
|  23|0x0000000609000000, 0x0000000609000000, 0x0000000609400000|  0%| F|  |TAMS 0x0000000609000000| PB 0x0000000609000000| Untracked |  0
|  24|0x0000000609400000, 0x0000000609400000, 0x0000000609800000|  0%| F|  |TAMS 0x0000000609400000| PB 0x0000000609400000| Untracked |  0
|  25|0x0000000609800000, 0x0000000609800000, 0x0000000609c00000|  0%| F|  |TAMS 0x0000000609800000| PB 0x0000000609800000| Untracked |  0
|  26|0x0000000609c00000, 0x0000000609c00000, 0x000000060a000000|  0%| F|  |TAMS 0x0000000609c00000| PB 0x0000000609c00000| Untracked |  0
|  27|0x000000060a000000, 0x000000060a000000, 0x000000060a400000|  0%| F|  |TAMS 0x000000060a000000| PB 0x000000060a000000| Untracked |  0
|  28|0x000000060a400000, 0x000000060a400000, 0x000000060a800000|  0%| F|  |TAMS 0x000000060a400000| PB 0x000000060a400000| Untracked |  0
|  29|0x000000060a800000, 0x000000060a800000, 0x000000060ac00000|  0%| F|  |TAMS 0x000000060a800000| PB 0x000000060a800000| Untracked |  0
|  30|0x000000060ac00000, 0x000000060ac00000, 0x000000060b000000|  0%| F|  |TAMS 0x000000060ac00000| PB 0x000000060ac00000| Untracked |  0
|  31|0x000000060b000000, 0x000000060b000000, 0x000000060b400000|  0%| F|  |TAMS 0x000000060b000000| PB 0x000000060b000000| Untracked |  0
|  32|0x000000060b400000, 0x000000060b400000, 0x000000060b800000|  0%| F|  |TAMS 0x000000060b400000| PB 0x000000060b400000| Untracked |  0
|  33|0x000000060b800000, 0x000000060b800000, 0x000000060bc00000|  0%| F|  |TAMS 0x000000060b800000| PB 0x000000060b800000| Untracked |  0
|  34|0x000000060bc00000, 0x000000060bc00000, 0x000000060c000000|  0%| F|  |TAMS 0x000000060bc00000| PB 0x000000060bc00000| Untracked |  0
|  35|0x000000060c000000, 0x000000060c000000, 0x000000060c400000|  0%| F|  |TAMS 0x000000060c000000| PB 0x000000060c000000| Untracked |  0
|  36|0x000000060c400000, 0x000000060c400000, 0x000000060c800000|  0%| F|  |TAMS 0x000000060c400000| PB 0x000000060c400000| Untracked |  0
|  37|0x000000060c800000, 0x000000060c800000, 0x000000060cc00000|  0%| F|  |TAMS 0x000000060c800000| PB 0x000000060c800000| Untracked |  0
|  38|0x000000060cc00000, 0x000000060cc00000, 0x000000060d000000|  0%| F|  |TAMS 0x000000060cc00000| PB 0x000000060cc00000| Untracked |  0
|  39|0x000000060d000000, 0x000000060d000000, 0x000000060d400000|  0%| F|  |TAMS 0x000000060d000000| PB 0x000000060d000000| Untracked |  0
|  40|0x000000060d400000, 0x000000060d400000, 0x000000060d800000|  0%| F|  |TAMS 0x000000060d400000| PB 0x000000060d400000| Untracked |  0
|  41|0x000000060d800000, 0x000000060d800000, 0x000000060dc00000|  0%| F|  |TAMS 0x000000060d800000| PB 0x000000060d800000| Untracked |  0
|  42|0x000000060dc00000, 0x000000060dc00000, 0x000000060e000000|  0%| F|  |TAMS 0x000000060dc00000| PB 0x000000060dc00000| Untracked |  0
|  43|0x000000060e000000, 0x000000060e000000, 0x000000060e400000|  0%| F|  |TAMS 0x000000060e000000| PB 0x000000060e000000| Untracked |  0
|  44|0x000000060e400000, 0x000000060e400000, 0x000000060e800000|  0%| F|  |TAMS 0x000000060e400000| PB 0x000000060e400000| Untracked |  0
|  45|0x000000060e800000, 0x000000060e800000, 0x000000060ec00000|  0%| F|  |TAMS 0x000000060e800000| PB 0x000000060e800000| Untracked |  0
|  46|0x000000060ec00000, 0x000000060ec00000, 0x000000060f000000|  0%| F|  |TAMS 0x000000060ec00000| PB 0x000000060ec00000| Untracked |  0
|  47|0x000000060f000000, 0x000000060f000000, 0x000000060f400000|  0%| F|  |TAMS 0x000000060f000000| PB 0x000000060f000000| Untracked |  0
|  48|0x000000060f400000, 0x000000060f400000, 0x000000060f800000|  0%| F|  |TAMS 0x000000060f400000| PB 0x000000060f400000| Untracked |  0
|  49|0x000000060f800000, 0x000000060f800000, 0x000000060fc00000|  0%| F|  |TAMS 0x000000060f800000| PB 0x000000060f800000| Untracked |  0
|  50|0x000000060fc00000, 0x000000060fc00000, 0x0000000610000000|  0%| F|  |TAMS 0x000000060fc00000| PB 0x000000060fc00000| Untracked |  0
|  51|0x0000000610000000, 0x0000000610000000, 0x0000000610400000|  0%| F|  |TAMS 0x0000000610000000| PB 0x0000000610000000| Untracked |  0
|  52|0x0000000610400000, 0x0000000610400000, 0x0000000610800000|  0%| F|  |TAMS 0x0000000610400000| PB 0x0000000610400000| Untracked |  0
|  53|0x0000000610800000, 0x0000000610800000, 0x0000000610c00000|  0%| F|  |TAMS 0x0000000610800000| PB 0x0000000610800000| Untracked |  0
|  54|0x0000000610c00000, 0x0000000610c00000, 0x0000000611000000|  0%| F|  |TAMS 0x0000000610c00000| PB 0x0000000610c00000| Untracked |  0
|  55|0x0000000611000000, 0x0000000611000000, 0x0000000611400000|  0%| F|  |TAMS 0x0000000611000000| PB 0x0000000611000000| Untracked |  0
|  56|0x0000000611400000, 0x0000000611400000, 0x0000000611800000|  0%| F|  |TAMS 0x0000000611400000| PB 0x0000000611400000| Untracked |  0
|  57|0x0000000611800000, 0x0000000611800000, 0x0000000611c00000|  0%| F|  |TAMS 0x0000000611800000| PB 0x0000000611800000| Untracked |  0
|  58|0x0000000611c00000, 0x0000000611c00000, 0x0000000612000000|  0%| F|  |TAMS 0x0000000611c00000| PB 0x0000000611c00000| Untracked |  0
|  59|0x0000000612000000, 0x0000000612000000, 0x0000000612400000|  0%| F|  |TAMS 0x0000000612000000| PB 0x0000000612000000| Untracked |  0
|  60|0x0000000612400000, 0x0000000612400000, 0x0000000612800000|  0%| F|  |TAMS 0x0000000612400000| PB 0x0000000612400000| Untracked |  0
|  61|0x0000000612800000, 0x0000000612800000, 0x0000000612c00000|  0%| F|  |TAMS 0x0000000612800000| PB 0x0000000612800000| Untracked |  0
|  62|0x0000000612c00000, 0x0000000612c00000, 0x0000000613000000|  0%| F|  |TAMS 0x0000000612c00000| PB 0x0000000612c00000| Untracked |  0
|  63|0x0000000613000000, 0x0000000613000000, 0x0000000613400000|  0%| F|  |TAMS 0x0000000613000000| PB 0x0000000613000000| Untracked |  0
|  64|0x0000000613400000, 0x0000000613400000, 0x0000000613800000|  0%| F|  |TAMS 0x0000000613400000| PB 0x0000000613400000| Untracked |  0
|  65|0x0000000613800000, 0x0000000613800000, 0x0000000613c00000|  0%| F|  |TAMS 0x0000000613800000| PB 0x0000000613800000| Untracked |  0
|  66|0x0000000613c00000, 0x0000000613c00000, 0x0000000614000000|  0%| F|  |TAMS 0x0000000613c00000| PB 0x0000000613c00000| Untracked |  0
|  67|0x0000000614000000, 0x0000000614000000, 0x0000000614400000|  0%| F|  |TAMS 0x0000000614000000| PB 0x0000000614000000| Untracked |  0
|  68|0x0000000614400000, 0x0000000614400000, 0x0000000614800000|  0%| F|  |TAMS 0x0000000614400000| PB 0x0000000614400000| Untracked |  0
|  69|0x0000000614800000, 0x0000000614800000, 0x0000000614c00000|  0%| F|  |TAMS 0x0000000614800000| PB 0x0000000614800000| Untracked |  0
|  70|0x0000000614c00000, 0x0000000614c00000, 0x0000000615000000|  0%| F|  |TAMS 0x0000000614c00000| PB 0x0000000614c00000| Untracked |  0
|  71|0x0000000615000000, 0x0000000615000000, 0x0000000615400000|  0%| F|  |TAMS 0x0000000615000000| PB 0x0000000615000000| Untracked |  0
|  72|0x0000000615400000, 0x0000000615400000, 0x0000000615800000|  0%| F|  |TAMS 0x0000000615400000| PB 0x0000000615400000| Untracked |  0
|  73|0x0000000615800000, 0x0000000615800000, 0x0000000615c00000|  0%| F|  |TAMS 0x0000000615800000| PB 0x0000000615800000| Untracked |  0
|  74|0x0000000615c00000, 0x0000000615c00000, 0x0000000616000000|  0%| F|  |TAMS 0x0000000615c00000| PB 0x0000000615c00000| Untracked |  0
|  75|0x0000000616000000, 0x0000000616000000, 0x0000000616400000|  0%| F|  |TAMS 0x0000000616000000| PB 0x0000000616000000| Untracked |  0
|  76|0x0000000616400000, 0x0000000616400000, 0x0000000616800000|  0%| F|  |TAMS 0x0000000616400000| PB 0x0000000616400000| Untracked |  0
|  77|0x0000000616800000, 0x0000000616800000, 0x0000000616c00000|  0%| F|  |TAMS 0x0000000616800000| PB 0x0000000616800000| Untracked |  0
|  78|0x0000000616c00000, 0x0000000616c00000, 0x0000000617000000|  0%| F|  |TAMS 0x0000000616c00000| PB 0x0000000616c00000| Untracked |  0
|  79|0x0000000617000000, 0x0000000617000000, 0x0000000617400000|  0%| F|  |TAMS 0x0000000617000000| PB 0x0000000617000000| Untracked |  0
|  80|0x0000000617400000, 0x0000000617400000, 0x0000000617800000|  0%| F|  |TAMS 0x0000000617400000| PB 0x0000000617400000| Untracked |  0
|  81|0x0000000617800000, 0x0000000617800000, 0x0000000617c00000|  0%| F|  |TAMS 0x0000000617800000| PB 0x0000000617800000| Untracked |  0
|  82|0x0000000617c00000, 0x0000000617c00000, 0x0000000618000000|  0%| F|  |TAMS 0x0000000617c00000| PB 0x0000000617c00000| Untracked |  0
|  83|0x0000000618000000, 0x0000000618000000, 0x0000000618400000|  0%| F|  |TAMS 0x0000000618000000| PB 0x0000000618000000| Untracked |  0
|  84|0x0000000618400000, 0x0000000618400000, 0x0000000618800000|  0%| F|  |TAMS 0x0000000618400000| PB 0x0000000618400000| Untracked |  0
|  85|0x0000000618800000, 0x0000000618800000, 0x0000000618c00000|  0%| F|  |TAMS 0x0000000618800000| PB 0x0000000618800000| Untracked |  0
|  86|0x0000000618c00000, 0x0000000618c00000, 0x0000000619000000|  0%| F|  |TAMS 0x0000000618c00000| PB 0x0000000618c00000| Untracked |  0
|  87|0x0000000619000000, 0x0000000619000000, 0x0000000619400000|  0%| F|  |TAMS 0x0000000619000000| PB 0x0000000619000000| Untracked |  0
|  88|0x0000000619400000, 0x0000000619400000, 0x0000000619800000|  0%| F|  |TAMS 0x0000000619400000| PB 0x0000000619400000| Untracked |  0
|  89|0x0000000619800000, 0x0000000619800000, 0x0000000619c00000|  0%| F|  |TAMS 0x0000000619800000| PB 0x0000000619800000| Untracked |  0
|  90|0x0000000619c00000, 0x0000000619c00000, 0x000000061a000000|  0%| F|  |TAMS 0x0000000619c00000| PB 0x0000000619c00000| Untracked |  0
|  91|0x000000061a000000, 0x000000061a000000, 0x000000061a400000|  0%| F|  |TAMS 0x000000061a000000| PB 0x000000061a000000| Untracked |  0
|  92|0x000000061a400000, 0x000000061a400000, 0x000000061a800000|  0%| F|  |TAMS 0x000000061a400000| PB 0x000000061a400000| Untracked |  0
|  93|0x000000061a800000, 0x000000061a800000, 0x000000061ac00000|  0%| F|  |TAMS 0x000000061a800000| PB 0x000000061a800000| Untracked |  0
|  94|0x000000061ac00000, 0x000000061ac00000, 0x000000061b000000|  0%| F|  |TAMS 0x000000061ac00000| PB 0x000000061ac00000| Untracked |  0
|  95|0x000000061b000000, 0x000000061b000000, 0x000000061b400000|  0%| F|  |TAMS 0x000000061b000000| PB 0x000000061b000000| Untracked |  0
|  96|0x000000061b400000, 0x000000061b400000, 0x000000061b800000|  0%| F|  |TAMS 0x000000061b400000| PB 0x000000061b400000| Untracked |  0
|  97|0x000000061b800000, 0x000000061b800000, 0x000000061bc00000|  0%| F|  |TAMS 0x000000061b800000| PB 0x000000061b800000| Untracked |  0
|  98|0x000000061bc00000, 0x000000061bc00000, 0x000000061c000000|  0%| F|  |TAMS 0x000000061bc00000| PB 0x000000061bc00000| Untracked |  0
|  99|0x000000061c000000, 0x000000061c000000, 0x000000061c400000|  0%| F|  |TAMS 0x000000061c000000| PB 0x000000061c000000| Untracked |  0
| 100|0x000000061c400000, 0x000000061c400000, 0x000000061c800000|  0%| F|  |TAMS 0x000000061c400000| PB 0x000000061c400000| Untracked |  0
| 101|0x000000061c800000, 0x000000061c800000, 0x000000061cc00000|  0%| F|  |TAMS 0x000000061c800000| PB 0x000000061c800000| Untracked |  0
| 102|0x000000061cc00000, 0x000000061cc00000, 0x000000061d000000|  0%| F|  |TAMS 0x000000061cc00000| PB 0x000000061cc00000| Untracked |  0
| 103|0x000000061d000000, 0x000000061d000000, 0x000000061d400000|  0%| F|  |TAMS 0x000000061d000000| PB 0x000000061d000000| Untracked |  0
| 104|0x000000061d400000, 0x000000061d400000, 0x000000061d800000|  0%| F|  |TAMS 0x000000061d400000| PB 0x000000061d400000| Untracked |  0
| 105|0x000000061d800000, 0x000000061d800000, 0x000000061dc00000|  0%| F|  |TAMS 0x000000061d800000| PB 0x000000061d800000| Untracked |  0
| 106|0x000000061dc00000, 0x000000061dc00000, 0x000000061e000000|  0%| F|  |TAMS 0x000000061dc00000| PB 0x000000061dc00000| Untracked |  0
| 107|0x000000061e000000, 0x000000061e000000, 0x000000061e400000|  0%| F|  |TAMS 0x000000061e000000| PB 0x000000061e000000| Untracked |  0
| 108|0x000000061e400000, 0x000000061e400000, 0x000000061e800000|  0%| F|  |TAMS 0x000000061e400000| PB 0x000000061e400000| Untracked |  0
| 109|0x000000061e800000, 0x000000061e800000, 0x000000061ec00000|  0%| F|  |TAMS 0x000000061e800000| PB 0x000000061e800000| Untracked |  0
| 110|0x000000061ec00000, 0x000000061ec00000, 0x000000061f000000|  0%| F|  |TAMS 0x000000061ec00000| PB 0x000000061ec00000| Untracked |  0
| 111|0x000000061f000000, 0x000000061f000000, 0x000000061f400000|  0%| F|  |TAMS 0x000000061f000000| PB 0x000000061f000000| Untracked |  0
| 112|0x000000061f400000, 0x000000061f400000, 0x000000061f800000|  0%| F|  |TAMS 0x000000061f400000| PB 0x000000061f400000| Untracked |  0
| 113|0x000000061f800000, 0x000000061f800000, 0x000000061fc00000|  0%| F|  |TAMS 0x000000061f800000| PB 0x000000061f800000| Untracked |  0
| 114|0x000000061fc00000, 0x000000061fc00000, 0x0000000620000000|  0%| F|  |TAMS 0x000000061fc00000| PB 0x000000061fc00000| Untracked |  0
| 115|0x0000000620000000, 0x0000000620000000, 0x0000000620400000|  0%| F|  |TAMS 0x0000000620000000| PB 0x0000000620000000| Untracked |  0
| 116|0x0000000620400000, 0x0000000620400000, 0x0000000620800000|  0%| F|  |TAMS 0x0000000620400000| PB 0x0000000620400000| Untracked |  0
| 117|0x0000000620800000, 0x0000000620800000, 0x0000000620c00000|  0%| F|  |TAMS 0x0000000620800000| PB 0x0000000620800000| Untracked |  0
| 118|0x0000000620c00000, 0x0000000620c00000, 0x0000000621000000|  0%| F|  |TAMS 0x0000000620c00000| PB 0x0000000620c00000| Untracked |  0
| 119|0x0000000621000000, 0x0000000621000000, 0x0000000621400000|  0%| F|  |TAMS 0x0000000621000000| PB 0x0000000621000000| Untracked |  0
| 120|0x0000000621400000, 0x0000000621400000, 0x0000000621800000|  0%| F|  |TAMS 0x0000000621400000| PB 0x0000000621400000| Untracked |  0
| 121|0x0000000621800000, 0x0000000621800000, 0x0000000621c00000|  0%| F|  |TAMS 0x0000000621800000| PB 0x0000000621800000| Untracked |  0
| 122|0x0000000621c00000, 0x0000000621c00000, 0x0000000622000000|  0%| F|  |TAMS 0x0000000621c00000| PB 0x0000000621c00000| Untracked |  0
| 123|0x0000000622000000, 0x0000000622000000, 0x0000000622400000|  0%| F|  |TAMS 0x0000000622000000| PB 0x0000000622000000| Untracked |  0
| 124|0x0000000622400000, 0x0000000622400000, 0x0000000622800000|  0%| F|  |TAMS 0x0000000622400000| PB 0x0000000622400000| Untracked |  0
| 125|0x0000000622800000, 0x000000062287ae40, 0x0000000622c00000| 12%| E|  |TAMS 0x0000000622800000| PB 0x0000000622800000| Complete |  0
| 126|0x0000000622c00000, 0x0000000623000000, 0x0000000623000000|100%| E|CS|TAMS 0x0000000622c00000| PB 0x0000000622c00000| Complete |  0
| 127|0x0000000623000000, 0x0000000623400000, 0x0000000623400000|100%| E|CS|TAMS 0x0000000623000000| PB 0x0000000623000000| Complete |  0

Card table byte_map: [0x00000226a32b0000,0x00000226a42a0000] _byte_map_base: 0x00000226a0296000

Marking Bits: (CMBitMap*) 0x00000226ac210120
 Bits: [0x00000226a42a0000, 0x00000226ac1d0000)

Polling page: 0x0000022689310000

Metaspace:

Usage:
  Non-class:      8.39 MB used.
      Class:      1.20 MB used.
       Both:      9.59 MB used.

Virtual space:
  Non-class space:       64.00 MB reserved,       8.50 MB ( 13%) committed,  1 nodes.
      Class space:        1.00 GB reserved,       1.31 MB ( <1%) committed,  1 nodes.
             Both:        1.06 GB reserved,       9.81 MB ( <1%) committed. 

Chunk freelists:
   Non-Class:  7.00 MB
       Class:  14.73 MB
        Both:  21.73 MB

MaxMetaspaceSize: unlimited
CompressedClassSpaceSize: 1.00 GB
Initial GC threshold: 21.00 MB
Current GC threshold: 21.00 MB
CDS: on
 - commit_granule_bytes: 65536.
 - commit_granule_words: 8192.
 - virtual_space_node_default_size: 8388608.
 - enlarge_chunks_in_place: 1.
 - use_allocation_guard: 0.


Internal statistics:

num_allocs_failed_limit: 0.
num_arena_births: 152.
num_arena_deaths: 0.
num_vsnodes_births: 2.
num_vsnodes_deaths: 0.
num_space_committed: 157.
num_space_uncommitted: 0.
num_chunks_returned_to_freelist: 0.
num_chunks_taken_from_freelist: 197.
num_chunk_merges: 0.
num_chunk_splits: 117.
num_chunks_enlarged: 51.
num_inconsistent_stats: 0.

CodeHeap 'non-profiled nmethods': size=120064Kb used=275Kb max_used=275Kb free=119788Kb
 bounds [0x000002269aa50000, 0x000002269acc0000, 0x00000226a1f90000]
CodeHeap 'profiled nmethods': size=120000Kb used=1102Kb max_used=1102Kb free=118897Kb
 bounds [0x0000022692f90000, 0x0000022693200000, 0x000002269a4c0000]
CodeHeap 'non-nmethods': size=5696Kb used=1554Kb max_used=1570Kb free=4141Kb
 bounds [0x000002269a4c0000, 0x000002269a730000, 0x000002269aa50000]
CodeCache: size=245760Kb, used=2931Kb, max_used=2947Kb, free=242826Kb
 total_blobs=1576, nmethods=940, adapters=542, full_count=0
Compilation: enabled, stopped_count=0, restarted_count=0

Compilation events (20 events):
Event: 5559.027 Thread 0x00000226f00bf7d0  921       3       java.util.IdentityHashMap::isEmpty (13 bytes)
Event: 5559.028 Thread 0x00000226f00bf7d0 nmethod 921 0x000002269309f188 code [0x000002269309f2a0, 0x000002269309f3f8]
Event: 5559.093 Thread 0x00000226f00bf7d0  922       3       sun.awt.AWTAutoShutdown::isReadyToShutdown (37 bytes)
Event: 5559.093 Thread 0x00000226f00bf7d0 nmethod 922 0x000002269309f488 code [0x000002269309f5c0, 0x000002269309f918]
Event: 5929.618 Thread 0x00000226f00bf7d0  923   !   3       sun.awt.AWTAutoShutdown::setToolkitBusy (124 bytes)
Event: 5929.619 Thread 0x00000226f00bf7d0 nmethod 923 0x000002269309f988 code [0x000002269309fb20, 0x00000226930a0218]
Event: 6901.024 Thread 0x00000226f00bf7d0  925       3       jdk.internal.misc.Unsafe::putReferenceOpaque (9 bytes)
Event: 6901.024 Thread 0x00000226f00bf7d0 nmethod 925 0x00000226930a0288 code [0x00000226930a03a0, 0x00000226930a0508]
Event: 6961.023 Thread 0x00000226f00bf7d0  926       3       java.util.concurrent.locks.LockSupport::setBlocker (12 bytes)
Event: 6961.023 Thread 0x00000226f00bf7d0 nmethod 926 0x00000226930a0588 code [0x00000226930a06a0, 0x00000226930a08a8]
Event: 7201.075 Thread 0x00000226f00bf7d0  928       3       java.util.concurrent.locks.AbstractQueuedSynchronizer$ConditionObject::canReacquire (38 bytes)
Event: 7201.076 Thread 0x00000226f00bf7d0 nmethod 928 0x00000226930a0908 code [0x00000226930a0a40, 0x00000226930a0d88]
Event: 7681.140 Thread 0x00000226f00bf7d0  930       3       java.lang.ref.ReferenceQueue::poll0 (65 bytes)
Event: 7681.140 Thread 0x00000226f00bf7d0 nmethod 930 0x00000226930a0e08 code [0x00000226930a0f60, 0x00000226930a1448]
Event: 12121.815 Thread 0x00000226f00bf7d0  931       3       jdk.internal.misc.Unsafe::weakCompareAndSetInt (11 bytes)
Event: 12121.815 Thread 0x00000226f00bf7d0 nmethod 931 0x00000226930a1488 code [0x00000226930a15a0, 0x00000226930a16c8]
Event: 12325.889 Thread 0x00000226f00bf7d0  932       3       sun.awt.AWTAutoShutdown::notifyToolkitThreadBusy (8 bytes)
Event: 12325.889 Thread 0x00000226f00bf7d0 nmethod 932 0x00000226930a1788 code [0x00000226930a18c0, 0x00000226930a1a48]
Event: 12407.324 Thread 0x00000226f00bf7d0  933       3       sun.awt.AWTAutoShutdown::notifyToolkitThreadFree (8 bytes)
Event: 12407.324 Thread 0x00000226f00bf7d0 nmethod 933 0x00000226930a1a88 code [0x00000226930a1bc0, 0x00000226930a1d48]

GC Heap History (0 events):
No events

Dll operation events (9 events):
Event: 0.020 Loaded shared library C:\Program Files\Java\jdk-23\bin\java.dll
Event: 0.090 Loaded shared library C:\Program Files\Java\jdk-23\bin\jsvml.dll
Event: 0.116 Loaded shared library C:\Program Files\Java\jdk-23\bin\net.dll
Event: 0.120 Loaded shared library C:\Program Files\Java\jdk-23\bin\nio.dll
Event: 0.138 Loaded shared library C:\Program Files\Java\jdk-23\bin\zip.dll
Event: 0.148 Loaded shared library C:\Program Files\Java\jdk-23\bin\jimage.dll
Event: 0.165 Loaded shared library C:\Program Files\Java\jdk-23\bin\awt.dll
Event: 0.272 Loaded shared library C:\Program Files\Java\jdk-23\bin\freetype.dll
Event: 0.273 Loaded shared library C:\Program Files\Java\jdk-23\bin\fontmanager.dll

Deoptimization events (20 events):
Event: 0.690 Thread 0x00000226f05034d0 Uncommon trap: trap_request=0xffffff45 fr.pc=0x000002269aa5e3b0 relative=0x00000000000000b0
Event: 0.690 Thread 0x00000226f05034d0 Uncommon trap: reason=unstable_if action=reinterpret pc=0x000002269aa5e3b0 method=java.util.HashMap.hash(Ljava/lang/Object;)I @ 1 c2
Event: 0.690 Thread 0x00000226f05034d0 DEOPT PACKING pc=0x000002269aa5e3b0 sp=0x000000b7252fe2e0
Event: 0.690 Thread 0x00000226f05034d0 DEOPT UNPACKING pc=0x000002269a514402 sp=0x000000b7252fe278 mode 2
Event: 0.805 Thread 0x00000226f05034d0 Uncommon trap: trap_request=0xffffffde fr.pc=0x000002269aa6d72c relative=0x00000000000001ac
Event: 0.805 Thread 0x00000226f05034d0 Uncommon trap: reason=class_check action=maybe_recompile pc=0x000002269aa6d72c method=java.lang.String.equals(Ljava/lang/Object;)Z @ 8 c2
Event: 0.805 Thread 0x00000226f05034d0 DEOPT PACKING pc=0x000002269aa6d72c sp=0x000000b7252fcd60
Event: 0.805 Thread 0x00000226f05034d0 DEOPT UNPACKING pc=0x000002269a514402 sp=0x000000b7252fccf8 mode 2
Event: 0.805 Thread 0x00000226f05034d0 Uncommon trap: trap_request=0xffffffde fr.pc=0x000002269aa6d72c relative=0x00000000000001ac
Event: 0.805 Thread 0x00000226f05034d0 Uncommon trap: reason=class_check action=maybe_recompile pc=0x000002269aa6d72c method=java.lang.String.equals(Ljava/lang/Object;)Z @ 8 c2
Event: 0.805 Thread 0x00000226f05034d0 DEOPT PACKING pc=0x000002269aa6d72c sp=0x000000b7252fcea0
Event: 0.805 Thread 0x00000226f05034d0 DEOPT UNPACKING pc=0x000002269a514402 sp=0x000000b7252fce38 mode 2
Event: 0.806 Thread 0x00000226f05034d0 Uncommon trap: trap_request=0xffffffde fr.pc=0x000002269aa6d72c relative=0x00000000000001ac
Event: 0.806 Thread 0x00000226f05034d0 Uncommon trap: reason=class_check action=maybe_recompile pc=0x000002269aa6d72c method=java.lang.String.equals(Ljava/lang/Object;)Z @ 8 c2
Event: 0.806 Thread 0x00000226f05034d0 DEOPT PACKING pc=0x000002269aa6d72c sp=0x000000b7252fcd50
Event: 0.806 Thread 0x00000226f05034d0 DEOPT UNPACKING pc=0x000002269a514402 sp=0x000000b7252fcce8 mode 2
Event: 0.808 Thread 0x00000226f05034d0 Uncommon trap: trap_request=0xffffffde fr.pc=0x000002269aa6d72c relative=0x00000000000001ac
Event: 0.808 Thread 0x00000226f05034d0 Uncommon trap: reason=class_check action=maybe_recompile pc=0x000002269aa6d72c method=java.lang.String.equals(Ljava/lang/Object;)Z @ 8 c2
Event: 0.808 Thread 0x00000226f05034d0 DEOPT PACKING pc=0x000002269aa6d72c sp=0x000000b7252fcf50
Event: 0.808 Thread 0x00000226f05034d0 DEOPT UNPACKING pc=0x000002269a514402 sp=0x000000b7252fcee8 mode 2

Classes loaded (20 events):
Event: 0.816 Loading class javax/swing/JTable$4
Event: 0.816 Loading class javax/swing/JTable$4 done
Event: 0.817 Loading class java/io/BufferedReader
Event: 0.817 Loading class java/io/BufferedReader done
Event: 0.818 Loading class sun/nio/cs/StreamDecoder
Event: 0.818 Loading class sun/nio/cs/StreamDecoder done
Event: 0.820 Loading class java/lang/InterruptedException
Event: 0.820 Loading class java/lang/InterruptedException done
Event: 0.820 Loading class java/lang/Throwable$WrappedPrintStream
Event: 0.820 Loading class java/lang/Throwable$PrintStreamOrWriter
Event: 0.820 Loading class java/lang/Throwable$PrintStreamOrWriter done
Event: 0.820 Loading class java/lang/Throwable$WrappedPrintStream done
Event: 0.820 Loading class java/lang/StackTraceElement$HashedModules
Event: 0.820 Loading class java/lang/StackTraceElement$HashedModules done
Event: 0.821 Loading class java/awt/EventQueue$5
Event: 0.821 Loading class java/awt/EventQueue$5 done
Event: 0.821 Loading class javax/swing/RepaintManager$2$1
Event: 0.821 Loading class javax/swing/RepaintManager$2$1 done
Event: 13080.202 Loading class java/util/ArrayList$ListItr
Event: 13080.203 Loading class java/util/ArrayList$ListItr done

Classes unloaded (0 events):
No events

Classes redefined (0 events):
No events

Internal exceptions (20 events):
Event: 0.305 Thread 0x000002268a8a9820 Exception <a 'java/lang/ClassNotFoundException'{0x0000000622de5378}: ToggleButton> (0x0000000622de5378) 
thrown [s\open\src\hotspot\share\classfile\systemDictionary.cpp, line 313]
Event: 0.305 Thread 0x000002268a8a9820 Exception <a 'java/lang/ClassNotFoundException'{0x0000000622de57b8}: javax/swing/JToolBarSeparator> (0x0000000622de57b8) 
thrown [s\open\src\hotspot\share\classfile\systemDictionary.cpp, line 313]
Event: 0.305 Thread 0x000002268a8a9820 Exception <a 'java/lang/ClassNotFoundException'{0x0000000622de5ac8}: ToolBarSeparator> (0x0000000622de5ac8) 
thrown [s\open\src\hotspot\share\classfile\systemDictionary.cpp, line 313]
Event: 0.305 Thread 0x000002268a8a9820 Exception <a 'java/lang/ClassNotFoundException'{0x0000000622de5fe0}: ToolTip> (0x0000000622de5fe0) 
thrown [s\open\src\hotspot\share\classfile\systemDictionary.cpp, line 313]
Event: 0.306 Thread 0x000002268a8a9820 Exception <a 'java/lang/ClassNotFoundException'{0x0000000622de6930}: Tree> (0x0000000622de6930) 
thrown [s\open\src\hotspot\share\classfile\systemDictionary.cpp, line 313]
Event: 0.306 Thread 0x000002268a8a9820 Exception <a 'java/lang/ClassNotFoundException'{0x0000000622de6e28}: Tree> (0x0000000622de6e28) 
thrown [s\open\src\hotspot\share\classfile\systemDictionary.cpp, line 313]
Event: 0.306 Thread 0x000002268a8a9820 Exception <a 'java/lang/ClassNotFoundException'{0x0000000622de7198}: javax/swing/JTreeCell> (0x0000000622de7198) 
thrown [s\open\src\hotspot\share\classfile\systemDictionary.cpp, line 313]
Event: 0.306 Thread 0x000002268a8a9820 Exception <a 'java/lang/ClassNotFoundException'{0x0000000622de74a0}: TreeCell> (0x0000000622de74a0) 
thrown [s\open\src\hotspot\share\classfile\systemDictionary.cpp, line 313]
Event: 0.306 Thread 0x000002268a8a9820 Exception <a 'java/lang/ClassNotFoundException'{0x0000000622de7c58}: RootPane> (0x0000000622de7c58) 
thrown [s\open\src\hotspot\share\classfile\systemDictionary.cpp, line 313]
Event: 0.308 Thread 0x000002268a8a9820 Exception <a 'java/lang/ClassNotFoundException'{0x0000000622deaab8}: com/sun/swing/internal/plaf/metal/resources/spi/metalProvider> (0x0000000622deaab8) 
thrown [s\open\src\hotspot\share\classfile\systemDictionary.cpp, line 313]
Event: 0.308 Thread 0x000002268a8a9820 Exception <a 'java/lang/ClassNotFoundException'{0x0000000622deea08}: com/sun/swing/internal/plaf/basic/resources/spi/basicProvider> (0x0000000622deea08) 
thrown [s\open\src\hotspot\share\classfile\systemDictionary.cpp, line 313]
Event: 0.652 Thread 0x00000226f05034d0 Exception <a 'java/lang/ClassNotFoundException'{0x0000000622e7b9e0}: com/sun/swing/internal/plaf/synth/resources/spi/synthProvider> (0x0000000622e7b9e0) 
thrown [s\open\src\hotspot\share\classfile\systemDictionary.cpp, line 313]
Event: 0.667 Thread 0x00000226f05034d0 Exception <a 'java/lang/NoSuchMethodError'{0x0000000622ebf3b8}: 'int java.lang.invoke.Invokers$Holder.invokeExact_MT(java.lang.Object, java.lang.Object)'> (0x0000000622ebf3b8) 
thrown [s\open\src\hotspot\share\interpreter\linkResolver.cpp, line 796]
Event: 0.671 Thread 0x00000226f05034d0 Exception <a 'java/lang/NoSuchMethodError'{0x0000000622ec7ba0}: 'java.lang.Object java.lang.invoke.DirectMethodHandle$Holder.newInvokeSpecial(java.lang.Object, java.lang.Object, int)'> (0x0000000622ec7ba0) 
thrown [s\open\src\hotspot\share\interpreter\linkResolver.cpp, line 796]
Event: 0.673 Thread 0x00000226f05034d0 Exception <a 'java/lang/NoSuchMethodError'{0x0000000622edbed8}: 'java.lang.Object java.lang.invoke.DirectMethodHandle$Holder.invokeStatic(java.lang.Object, java.lang.Object, java.lang.Object, java.lang.Object, int)'> (0x0000000622edbed8) 
thrown [s\open\src\hotspot\share\interpreter\linkResolver.cpp, line 796]
Event: 0.674 Thread 0x00000226f05034d0 Exception <a 'java/lang/NoSuchMethodError'{0x0000000622f62998}: 'int java.lang.invoke.DirectMethodHandle$Holder.invokeSpecial(java.lang.Object, java.lang.Object, java.lang.Object)'> (0x0000000622f62998) 
thrown [s\open\src\hotspot\share\interpreter\linkResolver.cpp, line 796]
Event: 0.690 Thread 0x00000226f05034d0 Implicit null exception at 0x000002269aa5e320 to 0x000002269aa5e3a2
Event: 0.721 Thread 0x00000226f041fa70 Exception <a 'java/lang/NoSuchMethodError'{0x0000000622c0e830}: 'void java.lang.invoke.DirectMethodHandle$Holder.invokeVirtual(java.lang.Object, java.lang.Object)'> (0x0000000622c0e830) 
thrown [s\open\src\hotspot\share\interpreter\linkResolver.cpp, line 796]
Event: 0.733 Thread 0x00000226f05034d0 Exception <a 'java/lang/NoSuchMethodError'{0x000000062280a670}: 'void java.lang.invoke.DirectMethodHandle$Holder.invokeStaticInit(java.lang.Object)'> (0x000000062280a670) 
thrown [s\open\src\hotspot\share\interpreter\linkResolver.cpp, line 796]
Event: 0.819 Thread 0x00000226f05034d0 Exception <a 'java/lang/NullPointerException'{0x00000006228701a0}> (0x00000006228701a0) 
thrown [s\open\src\hotspot\share\interpreter\linkResolver.cpp, line 1389]

VM Operations (12 events):
Event: 0.125 Executing VM operation: HandshakeAllThreads (Deoptimize)
Event: 0.125 Executing VM operation: HandshakeAllThreads (Deoptimize) done
Event: 0.187 Executing VM operation: HandshakeAllThreads (Deoptimize)
Event: 0.187 Executing VM operation: HandshakeAllThreads (Deoptimize) done
Event: 0.712 Executing VM operation: HandshakeAllThreads (Deoptimize)
Event: 0.712 Executing VM operation: HandshakeAllThreads (Deoptimize) done
Event: 60.216 Executing VM operation: HandshakeAllThreads (HandshakeForDeflation)
Event: 60.216 Executing VM operation: HandshakeAllThreads (HandshakeForDeflation) done
Event: 60.216 Executing VM operation: RendezvousGCThreads
Event: 60.216 Executing VM operation: RendezvousGCThreads done
Event: 13080.203 Executing VM operation: HandshakeAllThreads (Deoptimize)
Event: 13080.203 Executing VM operation: HandshakeAllThreads (Deoptimize) done

Memory protections (0 events):
No events

Nmethod flushes (0 events):
No events

Events (17 events):
Event: 0.068 Thread 0x000002268a8a9820 Thread added: 0x000002268a8a9820
Event: 0.085 Thread 0x000002268a8a9820 Thread added: 0x00000226f00a0640
Event: 0.086 Thread 0x000002268a8a9820 Thread added: 0x00000226f00a12a0
Event: 0.086 Thread 0x000002268a8a9820 Thread added: 0x00000226f00a6a40
Event: 0.087 Thread 0x000002268a8a9820 Thread added: 0x00000226f00a7e40
Event: 0.087 Thread 0x000002268a8a9820 Thread added: 0x00000226f00ab600
Event: 0.087 Thread 0x000002268a8a9820 Thread added: 0x00000226f00ac460
Event: 0.087 Thread 0x000002268a8a9820 Thread added: 0x00000226f00bcd10
Event: 0.087 Thread 0x000002268a8a9820 Thread added: 0x00000226f00bf7d0
Event: 0.105 Thread 0x000002268a8a9820 Thread added: 0x00000226f0238dd0
Event: 0.132 Thread 0x000002268a8a9820 Thread added: 0x00000226f028ebe0
Event: 0.207 Thread 0x000002268a8a9820 Thread added: 0x00000226f040db80
Event: 0.208 Thread 0x000002268a8a9820 Thread added: 0x00000226f0417650
Event: 0.210 Thread 0x000002268a8a9820 Thread added: 0x00000226f041fa70
Event: 0.317 Thread 0x000002268a8a9820 Thread added: 0x00000226f05034d0
Event: 0.318 Thread 0x000002268a8a9820 Thread exited: 0x000002268a8a9820
Event: 0.318 Thread 0x000002268a8a9820 Thread added: 0x000002268a8a9820


Dynamic libraries:
0x00007ff7fc840000 - 0x00007ff7fc850000 	C:\Program Files\Java\jdk-23\bin\java.exe
0x00007ffc8c9a0000 - 0x00007ffc8cc03000 	C:\WINDOWS\SYSTEM32\ntdll.dll
0x00007ffc8a7c0000 - 0x00007ffc8a887000 	C:\WINDOWS\System32\KERNEL32.DLL
0x00007ffc89d10000 - 0x00007ffc8a0d9000 	C:\WINDOWS\System32\KERNELBASE.dll
0x00007ffc8a180000 - 0x00007ffc8a2cc000 	C:\WINDOWS\System32\ucrtbase.dll
0x00007ffc839d0000 - 0x00007ffc839eb000 	C:\Program Files\Java\jdk-23\bin\VCRUNTIME140.dll
0x00007ffc7fae0000 - 0x00007ffc7faf7000 	C:\Program Files\Java\jdk-23\bin\jli.dll
0x00007ffc8b0d0000 - 0x00007ffc8b29a000 	C:\WINDOWS\System32\USER32.dll
0x00007ffc8a6d0000 - 0x00007ffc8a6f7000 	C:\WINDOWS\System32\win32u.dll
0x00007ffc8bc10000 - 0x00007ffc8bc3a000 	C:\WINDOWS\System32\GDI32.dll
0x00007ffc8a590000 - 0x00007ffc8a6c1000 	C:\WINDOWS\System32\gdi32full.dll
0x00007ffc8a450000 - 0x00007ffc8a4f3000 	C:\WINDOWS\System32\msvcp_win.dll
0x00007ffc76280000 - 0x00007ffc76510000 	C:\WINDOWS\WinSxS\amd64_microsoft.windows.common-controls_6595b64144ccf1df_6.0.26100.3323_none_3e088096e3344490\COMCTL32.dll
0x00007ffc8a980000 - 0x00007ffc8aa29000 	C:\WINDOWS\System32\msvcrt.dll
0x00007ffc8b440000 - 0x00007ffc8b46f000 	C:\WINDOWS\System32\IMM32.DLL
0x00007ffc82350000 - 0x00007ffc824aa000 	C:\WINDOWS\system32\tmumh\20019\AddOn\8.55.0.1333\TmUmEvt64.dll
0x00007ffc8ab10000 - 0x00007ffc8ab18000 	C:\WINDOWS\System32\PSAPI.DLL
0x00007ffc8ab80000 - 0x00007ffc8ac32000 	C:\WINDOWS\System32\ADVAPI32.dll
0x00007ffc8c740000 - 0x00007ffc8c7e6000 	C:\WINDOWS\System32\sechost.dll
0x00007ffc8c7f0000 - 0x00007ffc8c906000 	C:\WINDOWS\System32\RPCRT4.dll
0x00000000737d0000 - 0x00000000738f6000 	C:\WINDOWS\system32\tmumh\20019\TmMon\2.9.0.1205\tmmon64.dll
0x00007ffc82310000 - 0x00007ffc8231c000 	C:\Program Files\Java\jdk-23\bin\vcruntime140_1.dll
0x00007ffc58da0000 - 0x00007ffc58e2e000 	C:\Program Files\Java\jdk-23\bin\msvcp140.dll
0x00007ffbb4c30000 - 0x00007ffbb5980000 	C:\Program Files\Java\jdk-23\bin\server\jvm.dll
0x00007ffc8aa30000 - 0x00007ffc8aaa4000 	C:\WINDOWS\System32\WS2_32.dll
0x00007ffc89330000 - 0x00007ffc8937e000 	C:\WINDOWS\SYSTEM32\POWRPROF.dll
0x00007ffc79ab0000 - 0x00007ffc79ae6000 	C:\WINDOWS\SYSTEM32\WINMM.dll
0x00007ffc83090000 - 0x00007ffc8309b000 	C:\WINDOWS\SYSTEM32\VERSION.dll
0x00007ffc89310000 - 0x00007ffc89324000 	C:\WINDOWS\SYSTEM32\UMPDC.dll
0x0000022689300000 - 0x0000022689303000 	C:\WINDOWS\system32\Sfc.dll
0x00007ffc6e420000 - 0x00007ffc6e42a000 	C:\WINDOWS\SYSTEM32\sfc_os.DLL
0x00007ffc898d0000 - 0x00007ffc899cf000 	C:\WINDOWS\SYSTEM32\ServicingCommon.dll
0x00007ffc8ac40000 - 0x00007ffc8b0c6000 	C:\WINDOWS\System32\SETUPAPI.dll
0x00007ffc88980000 - 0x00007ffc8899a000 	C:\WINDOWS\SYSTEM32\kernel.appcore.dll
0x00007ffc82300000 - 0x00007ffc8230a000 	C:\Program Files\Java\jdk-23\bin\jimage.dll
0x00007ffc7ecd0000 - 0x00007ffc7ef11000 	C:\WINDOWS\SYSTEM32\DBGHELP.DLL
0x00007ffc8b6e0000 - 0x00007ffc8ba62000 	C:\WINDOWS\System32\combase.dll
0x00007ffc8c660000 - 0x00007ffc8c736000 	C:\WINDOWS\System32\OLEAUT32.dll
0x00007ffc7ce80000 - 0x00007ffc7ceb9000 	C:\WINDOWS\SYSTEM32\dbgcore.DLL
0x00007ffc8a0e0000 - 0x00007ffc8a179000 	C:\WINDOWS\System32\bcryptPrimitives.dll
0x00007ffc7fac0000 - 0x00007ffc7fade000 	C:\Program Files\Java\jdk-23\bin\java.dll
0x00007ffc8ba70000 - 0x00007ffc8bc05000 	C:\WINDOWS\System32\ole32.dll
0x00007ffc8bf20000 - 0x00007ffc8c635000 	C:\WINDOWS\System32\SHELL32.dll
0x00007ffc89ba0000 - 0x00007ffc89d08000 	C:\WINDOWS\System32\wintypes.dll
0x00007ffc87860000 - 0x00007ffc880a5000 	C:\WINDOWS\SYSTEM32\windows.storage.dll
0x00007ffc8a890000 - 0x00007ffc8a97b000 	C:\WINDOWS\System32\SHCORE.dll
0x00000226aec50000 - 0x00000226aecad000 	C:\WINDOWS\System32\shlwapi.dll
0x00007ffc89ab0000 - 0x00007ffc89adf000 	C:\WINDOWS\SYSTEM32\profapi.dll
0x00007ffc53070000 - 0x00007ffc53147000 	C:\Program Files\Java\jdk-23\bin\jsvml.dll
0x00007ffc7fb60000 - 0x00007ffc7fb70000 	C:\Program Files\Java\jdk-23\bin\net.dll
0x00007ffc88e80000 - 0x00007ffc88eea000 	C:\WINDOWS\system32\mswsock.dll
0x00007ffc7d370000 - 0x00007ffc7d386000 	C:\Program Files\Java\jdk-23\bin\nio.dll
0x00007ffc7d300000 - 0x00007ffc7d317000 	C:\Program Files\Java\jdk-23\bin\zip.dll
0x00007ffc40010000 - 0x00007ffc4019e000 	C:\Program Files\Java\jdk-23\bin\awt.dll
0x00007ffc86b90000 - 0x00007ffc86c2c000 	C:\WINDOWS\SYSTEM32\apphelp.dll
0x00007ffc86ed0000 - 0x00007ffc86f7e000 	C:\WINDOWS\system32\uxtheme.dll
0x00007ffc8bc40000 - 0x00007ffc8bd9b000 	C:\WINDOWS\System32\MSCTF.dll
0x00007ffc872e0000 - 0x00007ffc87315000 	C:\WINDOWS\system32\DWMAPI.DLL
0x00007ffc55620000 - 0x00007ffc556a7000 	C:\Program Files\Java\jdk-23\bin\freetype.dll
0x00007ffc40a50000 - 0x00007ffc40b27000 	C:\Program Files\Java\jdk-23\bin\fontmanager.dll
0x00007ffc5fff0000 - 0x00007ffc600fc000 	C:\WINDOWS\system32\opengl32.dll
0x00007ffc66520000 - 0x00007ffc6654d000 	C:\WINDOWS\SYSTEM32\GLU32.dll
0x00007ffc86fd0000 - 0x00007ffc87017000 	C:\WINDOWS\SYSTEM32\dxcore.dll
0x00007ffc893a0000 - 0x00007ffc893b3000 	C:\WINDOWS\SYSTEM32\msasn1.dll
0x00007ffc83050000 - 0x00007ffc8308b000 	C:\WINDOWS\SYSTEM32\cryptnet.dll
0x00007ffc8a2d0000 - 0x00007ffc8a447000 	C:\WINDOWS\System32\CRYPT32.dll
0x00007ffc82d60000 - 0x00007ffc82edb000 	C:\WINDOWS\SYSTEM32\drvstore.dll
0x00007ffc89870000 - 0x00007ffc8989d000 	C:\WINDOWS\SYSTEM32\devobj.dll
0x00007ffc89800000 - 0x00007ffc8985f000 	C:\WINDOWS\SYSTEM32\cfgmgr32.dll
0x00007ffc89140000 - 0x00007ffc8919d000 	C:\WINDOWS\SYSTEM32\wldp.dll
0x00007ffc89210000 - 0x00007ffc8921c000 	C:\WINDOWS\SYSTEM32\cryptbase.dll
0x00007ffc8a500000 - 0x00007ffc8a57f000 	C:\WINDOWS\System32\WINTRUST.DLL
0x00007ffc8bda0000 - 0x00007ffc8bdc0000 	C:\WINDOWS\System32\imagehlp.dll
0x00007ffc892a0000 - 0x00007ffc892bc000 	C:\WINDOWS\SYSTEM32\CRYPTSP.dll
0x00007ffc888e0000 - 0x00007ffc8891a000 	C:\WINDOWS\system32\rsaenh.dll
0x00007ffc894d0000 - 0x00007ffc894f6000 	C:\WINDOWS\SYSTEM32\bcrypt.dll
0x00007ffc50290000 - 0x00007ffc50557000 	C:\WINDOWS\system32\nvspcap64.dll
0x00007ffc88aa0000 - 0x00007ffc88ad5000 	C:\WINDOWS\SYSTEM32\ntmarta.dll
0x00007ffc88ef0000 - 0x00007ffc88f17000 	C:\WINDOWS\SYSTEM32\gpapi.dll
0x00007ffc8bdd0000 - 0x00007ffc8be78000 	C:\WINDOWS\System32\clbcatq.dll
0x00007ffc86c90000 - 0x00007ffc86ebe000 	C:\WINDOWS\SYSTEM32\WindowsCodecs.dll
0x00007ffc64520000 - 0x00007ffc6457a000 	C:\WINDOWS\system32\dataexchange.dll
0x00007ffc84240000 - 0x00007ffc8447b000 	C:\WINDOWS\system32\twinapi.appcore.dll

dbghelp: loaded successfully - version: 4.0.5 - missing functions: none
symbol engine: initialized successfully - sym options: 0x614 - pdb path: .;C:\Program Files\Java\jdk-23\bin;C:\WINDOWS\SYSTEM32;C:\WINDOWS\WinSxS\amd64_microsoft.windows.common-controls_6595b64144ccf1df_6.0.26100.3323_none_3e088096e3344490;C:\WINDOWS\system32\tmumh\20019\AddOn\8.55.0.1333;C:\WINDOWS\system32\tmumh\20019\TmMon\2.9.0.1205;C:\Program Files\Java\jdk-23\bin\server

VM Arguments:
jvm_args: -Dfile.encoding=UTF-8 --enable-preview --module-path=D:\Documents\NetBeansProjects\MPHPayrollsystemApp\build\classes 
java_command: EmployeeSearchFrame
java_class_path (initial): C:\Program Files\NetBeans-24\netbeans\java\modules\ext\AbsoluteLayout.jar;D:\Documents\NetBeansProjects\MPHPayrollsystemApp\build\classes
Launcher Type: SUN_STANDARD

[Global flags]
     intx CICompilerCount                          = 4                                         {product} {ergonomic}
     uint ConcGCThreads                            = 2                                         {product} {ergonomic}
     uint G1ConcRefinementThreads                  = 8                                         {product} {ergonomic}
   size_t G1HeapRegionSize                         = 4194304                                   {product} {ergonomic}
   size_t InitialHeapSize                          = 536870912                                 {product} {ergonomic}
   size_t MarkStackSize                            = 4194304                                   {product} {ergonomic}
   size_t MarkStackSizeMax                         = 536870912                                 {product} {ergonomic}
   size_t MaxHeapSize                              = 8535408640                                {product} {ergonomic}
   size_t MaxNewSize                               = 5121245184                                {product} {ergonomic}
   size_t MinHeapDeltaBytes                        = 4194304                                   {product} {ergonomic}
   size_t MinHeapSize                              = 8388608                                   {product} {ergonomic}
    uintx NonNMethodCodeHeapSize                   = 5832704                                {pd product} {ergonomic}
    uintx NonProfiledCodeHeapSize                  = 122945536                              {pd product} {ergonomic}
    uintx ProfiledCodeHeapSize                     = 122880000                              {pd product} {ergonomic}
    uintx ReservedCodeCacheSize                    = 251658240                              {pd product} {ergonomic}
     bool SegmentedCodeCache                       = true                                      {product} {ergonomic}
   size_t SoftMaxHeapSize                          = 8535408640                             {manageable} {ergonomic}
     bool UseCompressedOops                        = true                           {product lp64_product} {ergonomic}
     bool UseG1GC                                  = true                                      {product} {ergonomic}
     bool UseLargePagesIndividualAllocation        = false                                  {pd product} {ergonomic}

Logging:
Log output configuration:
 #0: stdout all=warning uptime,level,tags foldmultilines=false
 #1: stderr all=off uptime,level,tags foldmultilines=false

Environment Variables:
JAVA_HOME=C:\Program Files\Java\jdk-23
PATH=C:\Program Files\Common Files\Oracle\Java\javapath;C:\Program Files (x86)\Common Files\Oracle\Java\javapath;C:\Windows\system32;C:\Windows;C:\Windows\System32\Wbem;C:\Windows\System32\WindowsPowerShell\v1.0\;C:\Windows\System32\OpenSSH\;C:\Program Files (x86)\NVIDIA Corporation\PhysX\Common;C:\Program Files\NVIDIA Corporation\NVIDIA NvDLISR;C:\Program Files\PuTTY\;C:\Program Files (x86)\Microsoft SQL Server\150\DTS\Binn\;C:\Program Files\Azure Data Studio\bin;C:\WINDOWS\system32;C:\WINDOWS;C:\WINDOWS\System32\Wbem;C:\WINDOWS\System32\WindowsPowerShell\v1.0\;C:\WINDOWS\System32\OpenSSH\;C:\Program Files\dotnet\;C:\Program Files\Java\jdk-23;C:\Program Files\Java\jdk-23\bin;
USERNAME=HP
OS=Windows_NT
PROCESSOR_IDENTIFIER=Intel64 Family 6 Model 158 Stepping 13, GenuineIntel
TMP=C:\Users\HP\AppData\Local\Temp
TEMP=C:\Users\HP\AppData\Local\Temp




Periodic native trim disabled

---------------  S Y S T E M  ---------------

OS:
 Windows 11 , 64 bit Build 26100 (10.0.26100.3323)
OS uptime: 69 days 9:09 hours
Hyper-V role detected

CPU: total 8 (initial active 8) (8 cores per cpu, 1 threads per core) family 6 model 158 stepping 13 microcode 0xea, cx8, cmov, fxsr, mmx, 3dnowpref, sse, sse2, sse3, ssse3, sse4.1, sse4.2, popcnt, lzcnt, tsc, tscinvbit, avx, avx2, aes, erms, clmul, bmi1, bmi2, adx, fma, vzeroupper, clflush, clflushopt, hv, rdtscp, f16c
Processor Information for the first 8 processors :
  Max Mhz: 3000, Current Mhz: 3000, Mhz Limit: 3000

Memory: 4k page, system-wide physical 32549M (7786M free)
TotalPageFile size 53029M (AvailPageFile size 6670M)
current process WorkingSet (physical memory assigned to process): 53M, peak: 93M
current process commit charge ("private bytes"): 626M, peak: 638M

vm_info: Java HotSpot(TM) 64-Bit Server VM (23.0.2+7-58) for windows-amd64 JRE (23.0.2+7-58), built on 2024-11-29T09:34:55Z with MS VC++ 17.6 (VS2022)

END.
